test-count-verification	Set up job	﻿2025-07-11T09:06:50.1370707Z Current runner version: '2.325.0'
test-count-verification	Set up job	2025-07-11T09:06:50.1401847Z ##[group]Operating System
test-count-verification	Set up job	2025-07-11T09:06:50.1402707Z Ubuntu
test-count-verification	Set up job	2025-07-11T09:06:50.1403179Z 24.04.2
test-count-verification	Set up job	2025-07-11T09:06:50.1403721Z LTS
test-count-verification	Set up job	2025-07-11T09:06:50.1404190Z ##[endgroup]
test-count-verification	Set up job	2025-07-11T09:06:50.1404720Z ##[group]Runner Image
test-count-verification	Set up job	2025-07-11T09:06:50.1405620Z Image: ubuntu-24.04
test-count-verification	Set up job	2025-07-11T09:06:50.1406187Z Version: 20250629.1.0
test-count-verification	Set up job	2025-07-11T09:06:50.1407226Z Included Software: https://github.com/actions/runner-images/blob/ubuntu24/20250629.1/images/ubuntu/Ubuntu2404-Readme.md
test-count-verification	Set up job	2025-07-11T09:06:50.1408566Z Image Release: https://github.com/actions/runner-images/releases/tag/ubuntu24%2F20250629.1
test-count-verification	Set up job	2025-07-11T09:06:50.1409549Z ##[endgroup]
test-count-verification	Set up job	2025-07-11T09:06:50.1410034Z ##[group]Runner Image Provisioner
test-count-verification	Set up job	2025-07-11T09:06:50.1410659Z 2.0.449.1
test-count-verification	Set up job	2025-07-11T09:06:50.1411201Z ##[endgroup]
test-count-verification	Set up job	2025-07-11T09:06:50.1412138Z ##[group]GITHUB_TOKEN Permissions
test-count-verification	Set up job	2025-07-11T09:06:50.1414472Z Contents: read
test-count-verification	Set up job	2025-07-11T09:06:50.1415082Z Metadata: read
test-count-verification	Set up job	2025-07-11T09:06:50.1415823Z ##[endgroup]
test-count-verification	Set up job	2025-07-11T09:06:50.1418488Z Secret source: Actions
test-count-verification	Set up job	2025-07-11T09:06:50.1419421Z Prepare workflow directory
test-count-verification	Set up job	2025-07-11T09:06:50.1807553Z Prepare all required actions
test-count-verification	Set up job	2025-07-11T09:06:50.1845134Z Getting action download info
test-count-verification	Set up job	2025-07-11T09:06:50.5563477Z ##[group]Download immutable action package 'actions/checkout@v4'
test-count-verification	Set up job	2025-07-11T09:06:50.5564674Z Version: 4.2.2
test-count-verification	Set up job	2025-07-11T09:06:50.5565904Z Digest: sha256:ccb2698953eaebd21c7bf6268a94f9c26518a7e38e27e0b83c1fe1ad049819b1
test-count-verification	Set up job	2025-07-11T09:06:50.5567254Z Source commit SHA: 11bd71901bbe5b1630ceea73d27597364c9af683
test-count-verification	Set up job	2025-07-11T09:06:50.5568121Z ##[endgroup]
test-count-verification	Set up job	2025-07-11T09:06:50.6445574Z ##[group]Download immutable action package 'actions/setup-python@v4'
test-count-verification	Set up job	2025-07-11T09:06:50.6446477Z Version: 4.9.1
test-count-verification	Set up job	2025-07-11T09:06:50.6447331Z Digest: sha256:f03e505388af670b5a108629e0ba26befc08d5c62b41f46146a45fe29ae509a5
test-count-verification	Set up job	2025-07-11T09:06:50.6448399Z Source commit SHA: 7f4fc3e22c37d6ff65e88745f38bd3157c663f7c
test-count-verification	Set up job	2025-07-11T09:06:50.6449095Z ##[endgroup]
test-count-verification	Set up job	2025-07-11T09:06:51.0235234Z ##[group]Download immutable action package 'actions/upload-artifact@v4'
test-count-verification	Set up job	2025-07-11T09:06:51.0236497Z Version: 4.6.2
test-count-verification	Set up job	2025-07-11T09:06:51.0237311Z Digest: sha256:290722aa3281d5caf23d0acdc3dbeb3424786a1a01a9cc97e72f147225e37c38
test-count-verification	Set up job	2025-07-11T09:06:51.0238341Z Source commit SHA: ea165f8d65b6e75b540449e92b4886f43607fa02
test-count-verification	Set up job	2025-07-11T09:06:51.0239159Z ##[endgroup]
test-count-verification	Set up job	2025-07-11T09:06:51.2680500Z Complete job name: test-count-verification
test-count-verification	Run actions/checkout@v4	﻿2025-07-11T09:06:51.3363607Z ##[group]Run actions/checkout@v4
test-count-verification	Run actions/checkout@v4	2025-07-11T09:06:51.3364508Z with:
test-count-verification	Run actions/checkout@v4	2025-07-11T09:06:51.3364947Z   repository: Huyen1974/agent-data
test-count-verification	Run actions/checkout@v4	2025-07-11T09:06:51.3365819Z   token: ***
test-count-verification	Run actions/checkout@v4	2025-07-11T09:06:51.3366257Z   ssh-strict: true
test-count-verification	Run actions/checkout@v4	2025-07-11T09:06:51.3366680Z   ssh-user: git
test-count-verification	Run actions/checkout@v4	2025-07-11T09:06:51.3367105Z   persist-credentials: true
test-count-verification	Run actions/checkout@v4	2025-07-11T09:06:51.3367575Z   clean: true
test-count-verification	Run actions/checkout@v4	2025-07-11T09:06:51.3368005Z   sparse-checkout-cone-mode: true
test-count-verification	Run actions/checkout@v4	2025-07-11T09:06:51.3368515Z   fetch-depth: 1
test-count-verification	Run actions/checkout@v4	2025-07-11T09:06:51.3368934Z   fetch-tags: false
test-count-verification	Run actions/checkout@v4	2025-07-11T09:06:51.3369357Z   show-progress: true
test-count-verification	Run actions/checkout@v4	2025-07-11T09:06:51.3369814Z   lfs: false
test-count-verification	Run actions/checkout@v4	2025-07-11T09:06:51.3370217Z   submodules: false
test-count-verification	Run actions/checkout@v4	2025-07-11T09:06:51.3370663Z   set-safe-directory: true
test-count-verification	Run actions/checkout@v4	2025-07-11T09:06:51.3371384Z ##[endgroup]
test-count-verification	Run actions/checkout@v4	2025-07-11T09:06:51.5142203Z Syncing repository: Huyen1974/agent-data
test-count-verification	Run actions/checkout@v4	2025-07-11T09:06:51.5144024Z ##[group]Getting Git version info
test-count-verification	Run actions/checkout@v4	2025-07-11T09:06:51.5144805Z Working directory is '/home/runner/work/agent-data/agent-data'
test-count-verification	Run actions/checkout@v4	2025-07-11T09:06:51.5146175Z [command]/usr/bin/git version
test-count-verification	Run actions/checkout@v4	2025-07-11T09:06:51.5197729Z git version 2.49.0
test-count-verification	Run actions/checkout@v4	2025-07-11T09:06:51.5224616Z ##[endgroup]
test-count-verification	Run actions/checkout@v4	2025-07-11T09:06:51.5238601Z Temporarily overriding HOME='/home/runner/work/_temp/b54ceecb-441e-4b36-a2a7-94b9390183ef' before making global git config changes
test-count-verification	Run actions/checkout@v4	2025-07-11T09:06:51.5241016Z Adding repository directory to the temporary git global config as a safe directory
test-count-verification	Run actions/checkout@v4	2025-07-11T09:06:51.5250552Z [command]/usr/bin/git config --global --add safe.directory /home/runner/work/agent-data/agent-data
test-count-verification	Run actions/checkout@v4	2025-07-11T09:06:51.5283353Z Deleting the contents of '/home/runner/work/agent-data/agent-data'
test-count-verification	Run actions/checkout@v4	2025-07-11T09:06:51.5287161Z ##[group]Initializing the repository
test-count-verification	Run actions/checkout@v4	2025-07-11T09:06:51.5290989Z [command]/usr/bin/git init /home/runner/work/agent-data/agent-data
test-count-verification	Run actions/checkout@v4	2025-07-11T09:06:51.5349749Z hint: Using 'master' as the name for the initial branch. This default branch name
test-count-verification	Run actions/checkout@v4	2025-07-11T09:06:51.5351007Z hint: is subject to change. To configure the initial branch name to use in all
test-count-verification	Run actions/checkout@v4	2025-07-11T09:06:51.5352102Z hint: of your new repositories, which will suppress this warning, call:
test-count-verification	Run actions/checkout@v4	2025-07-11T09:06:51.5352869Z hint:
test-count-verification	Run actions/checkout@v4	2025-07-11T09:06:51.5353370Z hint: 	git config --global init.defaultBranch <name>
test-count-verification	Run actions/checkout@v4	2025-07-11T09:06:51.5354266Z hint:
test-count-verification	Run actions/checkout@v4	2025-07-11T09:06:51.5355246Z hint: Names commonly chosen instead of 'master' are 'main', 'trunk' and
test-count-verification	Run actions/checkout@v4	2025-07-11T09:06:51.5356457Z hint: 'development'. The just-created branch can be renamed via this command:
test-count-verification	Run actions/checkout@v4	2025-07-11T09:06:51.5357200Z hint:
test-count-verification	Run actions/checkout@v4	2025-07-11T09:06:51.5357603Z hint: 	git branch -m <name>
test-count-verification	Run actions/checkout@v4	2025-07-11T09:06:51.5358375Z Initialized empty Git repository in /home/runner/work/agent-data/agent-data/.git/
test-count-verification	Run actions/checkout@v4	2025-07-11T09:06:51.5366858Z [command]/usr/bin/git remote add origin https://github.com/Huyen1974/agent-data
test-count-verification	Run actions/checkout@v4	2025-07-11T09:06:51.5399320Z ##[endgroup]
test-count-verification	Run actions/checkout@v4	2025-07-11T09:06:51.5400649Z ##[group]Disabling automatic garbage collection
test-count-verification	Run actions/checkout@v4	2025-07-11T09:06:51.5404287Z [command]/usr/bin/git config --local gc.auto 0
test-count-verification	Run actions/checkout@v4	2025-07-11T09:06:51.5433259Z ##[endgroup]
test-count-verification	Run actions/checkout@v4	2025-07-11T09:06:51.5434664Z ##[group]Setting up auth
test-count-verification	Run actions/checkout@v4	2025-07-11T09:06:51.5441330Z [command]/usr/bin/git config --local --name-only --get-regexp core\.sshCommand
test-count-verification	Run actions/checkout@v4	2025-07-11T09:06:51.5472765Z [command]/usr/bin/git submodule foreach --recursive sh -c "git config --local --name-only --get-regexp 'core\.sshCommand' && git config --local --unset-all 'core.sshCommand' || :"
test-count-verification	Run actions/checkout@v4	2025-07-11T09:06:51.5760895Z [command]/usr/bin/git config --local --name-only --get-regexp http\.https\:\/\/github\.com\/\.extraheader
test-count-verification	Run actions/checkout@v4	2025-07-11T09:06:51.5791331Z [command]/usr/bin/git submodule foreach --recursive sh -c "git config --local --name-only --get-regexp 'http\.https\:\/\/github\.com\/\.extraheader' && git config --local --unset-all 'http.https://github.com/.extraheader' || :"
test-count-verification	Run actions/checkout@v4	2025-07-11T09:06:51.6013242Z [command]/usr/bin/git config --local http.https://github.com/.extraheader AUTHORIZATION: basic ***
test-count-verification	Run actions/checkout@v4	2025-07-11T09:06:51.6059868Z ##[endgroup]
test-count-verification	Run actions/checkout@v4	2025-07-11T09:06:51.6061295Z ##[group]Fetching the repository
test-count-verification	Run actions/checkout@v4	2025-07-11T09:06:51.6070629Z [command]/usr/bin/git -c protocol.version=2 fetch --no-tags --prune --no-recurse-submodules --depth=1 origin +1f32ad91c10745aa610c91aee395120de32c8b8d:refs/remotes/origin/main
test-count-verification	Run actions/checkout@v4	2025-07-11T09:06:52.3084218Z From https://github.com/Huyen1974/agent-data
test-count-verification	Run actions/checkout@v4	2025-07-11T09:06:52.3086329Z  * [new ref]         1f32ad91c10745aa610c91aee395120de32c8b8d -> origin/main
test-count-verification	Run actions/checkout@v4	2025-07-11T09:06:52.3117225Z ##[endgroup]
test-count-verification	Run actions/checkout@v4	2025-07-11T09:06:52.3119198Z ##[group]Determining the checkout info
test-count-verification	Run actions/checkout@v4	2025-07-11T09:06:52.3121377Z ##[endgroup]
test-count-verification	Run actions/checkout@v4	2025-07-11T09:06:52.3126213Z [command]/usr/bin/git sparse-checkout disable
test-count-verification	Run actions/checkout@v4	2025-07-11T09:06:52.3171976Z [command]/usr/bin/git config --local --unset-all extensions.worktreeConfig
test-count-verification	Run actions/checkout@v4	2025-07-11T09:06:52.3202759Z ##[group]Checking out the ref
test-count-verification	Run actions/checkout@v4	2025-07-11T09:06:52.3206917Z [command]/usr/bin/git checkout --progress --force -B main refs/remotes/origin/main
test-count-verification	Run actions/checkout@v4	2025-07-11T09:06:52.3988747Z Switched to a new branch 'main'
test-count-verification	Run actions/checkout@v4	2025-07-11T09:06:52.3991808Z branch 'main' set up to track 'origin/main'.
test-count-verification	Run actions/checkout@v4	2025-07-11T09:06:52.4043579Z ##[endgroup]
test-count-verification	Run actions/checkout@v4	2025-07-11T09:06:52.4047858Z [command]/usr/bin/git log -1 --format=%H
test-count-verification	Run actions/checkout@v4	2025-07-11T09:06:52.4070623Z 1f32ad91c10745aa610c91aee395120de32c8b8d
test-count-verification	Set up Python 3.10	﻿2025-07-11T09:06:52.4377991Z ##[group]Run actions/setup-python@v4
test-count-verification	Set up Python 3.10	2025-07-11T09:06:52.4379204Z with:
test-count-verification	Set up Python 3.10	2025-07-11T09:06:52.4380018Z   python-version: 3.10
test-count-verification	Set up Python 3.10	2025-07-11T09:06:52.4380990Z   check-latest: false
test-count-verification	Set up Python 3.10	2025-07-11T09:06:52.4382197Z   token: ***
test-count-verification	Set up Python 3.10	2025-07-11T09:06:52.4383073Z   update-environment: true
test-count-verification	Set up Python 3.10	2025-07-11T09:06:52.4384113Z   allow-prereleases: false
test-count-verification	Set up Python 3.10	2025-07-11T09:06:52.4385107Z ##[endgroup]
test-count-verification	Set up Python 3.10	2025-07-11T09:06:52.6077507Z ##[group]Installed versions
test-count-verification	Set up Python 3.10	2025-07-11T09:06:52.6143946Z Successfully set up CPython (3.10.18)
test-count-verification	Set up Python 3.10	2025-07-11T09:06:52.6146144Z ##[endgroup]
test-count-verification	Install dependencies	﻿2025-07-11T09:06:52.6289596Z ##[group]Run python -m pip install --upgrade pip
test-count-verification	Install dependencies	2025-07-11T09:06:52.6291087Z [36;1mpython -m pip install --upgrade pip[0m
test-count-verification	Install dependencies	2025-07-11T09:06:52.6293165Z [36;1mpip install pytest pytest-json-report pytest-mock pytest-asyncio pytest-timeout pytest-cov[0m
test-count-verification	Install dependencies	2025-07-11T09:06:52.6295266Z [36;1mecho "Checking for requirements file..."[0m
test-count-verification	Install dependencies	2025-07-11T09:06:52.6296774Z [36;1mif [ -f requirements.txt ]; then [0m
test-count-verification	Install dependencies	2025-07-11T09:06:52.6298079Z [36;1m  echo "Found requirements.txt, installing..."[0m
test-count-verification	Install dependencies	2025-07-11T09:06:52.6300149Z [36;1m  pip install -r requirements.txt || echo "Some dependencies may have conflicts, continuing..."[0m
test-count-verification	Install dependencies	2025-07-11T09:06:52.6302018Z [36;1melse[0m
test-count-verification	Install dependencies	2025-07-11T09:06:52.6302897Z [36;1m  echo "No requirements.txt found!"[0m
test-count-verification	Install dependencies	2025-07-11T09:06:52.6304040Z [36;1m  ls -la[0m
test-count-verification	Install dependencies	2025-07-11T09:06:52.6304824Z [36;1mfi[0m
test-count-verification	Install dependencies	2025-07-11T09:06:52.6306396Z [36;1mecho "Installing package in development mode for proper test discovery..."[0m
test-count-verification	Install dependencies	2025-07-11T09:06:52.6308126Z [36;1mpip install -e .[0m
test-count-verification	Install dependencies	2025-07-11T09:06:52.6414052Z shell: /usr/bin/bash -e {0}
test-count-verification	Install dependencies	2025-07-11T09:06:52.6415035Z env:
test-count-verification	Install dependencies	2025-07-11T09:06:52.6416246Z   pythonLocation: /opt/hostedtoolcache/Python/3.10.18/x64
test-count-verification	Install dependencies	2025-07-11T09:06:52.6417971Z   PKG_CONFIG_PATH: /opt/hostedtoolcache/Python/3.10.18/x64/lib/pkgconfig
test-count-verification	Install dependencies	2025-07-11T09:06:52.6419695Z   Python_ROOT_DIR: /opt/hostedtoolcache/Python/3.10.18/x64
test-count-verification	Install dependencies	2025-07-11T09:06:52.6421219Z   Python2_ROOT_DIR: /opt/hostedtoolcache/Python/3.10.18/x64
test-count-verification	Install dependencies	2025-07-11T09:06:52.6422756Z   Python3_ROOT_DIR: /opt/hostedtoolcache/Python/3.10.18/x64
test-count-verification	Install dependencies	2025-07-11T09:06:52.6424333Z   LD_LIBRARY_PATH: /opt/hostedtoolcache/Python/3.10.18/x64/lib
test-count-verification	Install dependencies	2025-07-11T09:06:52.6425842Z ##[endgroup]
test-count-verification	Install dependencies	2025-07-11T09:06:54.7170799Z Requirement already satisfied: pip in /opt/hostedtoolcache/Python/3.10.18/x64/lib/python3.10/site-packages (25.1.1)
test-count-verification	Install dependencies	2025-07-11T09:06:55.9656202Z Collecting pytest
test-count-verification	Install dependencies	2025-07-11T09:06:56.0446739Z   Downloading pytest-8.4.1-py3-none-any.whl.metadata (7.7 kB)
test-count-verification	Install dependencies	2025-07-11T09:06:56.0734819Z Collecting pytest-json-report
test-count-verification	Install dependencies	2025-07-11T09:06:56.0875667Z   Downloading pytest_json_report-1.5.0-py3-none-any.whl.metadata (15 kB)
test-count-verification	Install dependencies	2025-07-11T09:06:56.1358735Z Collecting pytest-mock
test-count-verification	Install dependencies	2025-07-11T09:06:56.1498643Z   Downloading pytest_mock-3.14.1-py3-none-any.whl.metadata (3.9 kB)
test-count-verification	Install dependencies	2025-07-11T09:06:56.1878390Z Collecting pytest-asyncio
test-count-verification	Install dependencies	2025-07-11T09:06:56.2031725Z   Downloading pytest_asyncio-1.0.0-py3-none-any.whl.metadata (4.0 kB)
test-count-verification	Install dependencies	2025-07-11T09:06:56.2426573Z Collecting pytest-timeout
test-count-verification	Install dependencies	2025-07-11T09:06:56.2576639Z   Downloading pytest_timeout-2.4.0-py3-none-any.whl.metadata (20 kB)
test-count-verification	Install dependencies	2025-07-11T09:06:56.2925665Z Collecting pytest-cov
test-count-verification	Install dependencies	2025-07-11T09:06:56.3068512Z   Downloading pytest_cov-6.2.1-py3-none-any.whl.metadata (30 kB)
test-count-verification	Install dependencies	2025-07-11T09:06:56.3406862Z Collecting exceptiongroup>=1 (from pytest)
test-count-verification	Install dependencies	2025-07-11T09:06:56.3547740Z   Downloading exceptiongroup-1.3.0-py3-none-any.whl.metadata (6.7 kB)
test-count-verification	Install dependencies	2025-07-11T09:06:56.3771518Z Collecting iniconfig>=1 (from pytest)
test-count-verification	Install dependencies	2025-07-11T09:06:56.3915538Z   Downloading iniconfig-2.1.0-py3-none-any.whl.metadata (2.7 kB)
test-count-verification	Install dependencies	2025-07-11T09:06:56.4304644Z Collecting packaging>=20 (from pytest)
test-count-verification	Install dependencies	2025-07-11T09:06:56.4448551Z   Downloading packaging-25.0-py3-none-any.whl.metadata (3.3 kB)
test-count-verification	Install dependencies	2025-07-11T09:06:56.4704971Z Collecting pluggy<2,>=1.5 (from pytest)
test-count-verification	Install dependencies	2025-07-11T09:06:56.4846350Z   Downloading pluggy-1.6.0-py3-none-any.whl.metadata (4.8 kB)
test-count-verification	Install dependencies	2025-07-11T09:06:56.5207846Z Collecting pygments>=2.7.2 (from pytest)
test-count-verification	Install dependencies	2025-07-11T09:06:56.5348067Z   Downloading pygments-2.19.2-py3-none-any.whl.metadata (2.5 kB)
test-count-verification	Install dependencies	2025-07-11T09:06:56.5629615Z Collecting tomli>=1 (from pytest)
test-count-verification	Install dependencies	2025-07-11T09:06:56.5778597Z   Downloading tomli-2.2.1-py3-none-any.whl.metadata (10 kB)
test-count-verification	Install dependencies	2025-07-11T09:06:56.6212013Z Collecting pytest-metadata (from pytest-json-report)
test-count-verification	Install dependencies	2025-07-11T09:06:56.6364180Z   Downloading pytest_metadata-3.1.1-py3-none-any.whl.metadata (8.6 kB)
test-count-verification	Install dependencies	2025-07-11T09:06:57.0616475Z Collecting coverage>=7.5 (from coverage[toml]>=7.5->pytest-cov)
test-count-verification	Install dependencies	2025-07-11T09:06:57.0768226Z   Downloading coverage-7.9.2-cp310-cp310-manylinux_2_5_x86_64.manylinux1_x86_64.manylinux_2_17_x86_64.manylinux2014_x86_64.whl.metadata (8.9 kB)
test-count-verification	Install dependencies	2025-07-11T09:06:57.1131791Z Collecting typing-extensions>=4.6.0 (from exceptiongroup>=1->pytest)
test-count-verification	Install dependencies	2025-07-11T09:06:57.1279811Z   Downloading typing_extensions-4.14.1-py3-none-any.whl.metadata (3.0 kB)
test-count-verification	Install dependencies	2025-07-11T09:06:57.1534615Z Downloading pytest-8.4.1-py3-none-any.whl (365 kB)
test-count-verification	Install dependencies	2025-07-11T09:06:57.2022462Z Downloading pluggy-1.6.0-py3-none-any.whl (20 kB)
test-count-verification	Install dependencies	2025-07-11T09:06:57.2188656Z Downloading pytest_json_report-1.5.0-py3-none-any.whl (13 kB)
test-count-verification	Install dependencies	2025-07-11T09:06:57.2353607Z Downloading pytest_mock-3.14.1-py3-none-any.whl (9.9 kB)
test-count-verification	Install dependencies	2025-07-11T09:06:57.2515008Z Downloading pytest_asyncio-1.0.0-py3-none-any.whl (15 kB)
test-count-verification	Install dependencies	2025-07-11T09:06:57.2676035Z Downloading pytest_timeout-2.4.0-py3-none-any.whl (14 kB)
test-count-verification	Install dependencies	2025-07-11T09:06:57.2837598Z Downloading pytest_cov-6.2.1-py3-none-any.whl (24 kB)
test-count-verification	Install dependencies	2025-07-11T09:06:57.3002217Z Downloading coverage-7.9.2-cp310-cp310-manylinux_2_5_x86_64.manylinux1_x86_64.manylinux_2_17_x86_64.manylinux2014_x86_64.whl (240 kB)
test-count-verification	Install dependencies	2025-07-11T09:06:57.3198762Z Downloading exceptiongroup-1.3.0-py3-none-any.whl (16 kB)
test-count-verification	Install dependencies	2025-07-11T09:06:57.3363016Z Downloading iniconfig-2.1.0-py3-none-any.whl (6.0 kB)
test-count-verification	Install dependencies	2025-07-11T09:06:57.3528268Z Downloading packaging-25.0-py3-none-any.whl (66 kB)
test-count-verification	Install dependencies	2025-07-11T09:06:57.3705084Z Downloading pygments-2.19.2-py3-none-any.whl (1.2 MB)
test-count-verification	Install dependencies	2025-07-11T09:06:57.3961880Z    ━━━━━━━━━━━━━━━━━━━━━━━━━━━━━━━━━━━━━━━━ 1.2/1.2 MB 45.0 MB/s eta 0:00:00
test-count-verification	Install dependencies	2025-07-11T09:06:57.4103772Z Downloading tomli-2.2.1-py3-none-any.whl (14 kB)
test-count-verification	Install dependencies	2025-07-11T09:06:57.4267824Z Downloading typing_extensions-4.14.1-py3-none-any.whl (43 kB)
test-count-verification	Install dependencies	2025-07-11T09:06:57.4429372Z Downloading pytest_metadata-3.1.1-py3-none-any.whl (11 kB)
test-count-verification	Install dependencies	2025-07-11T09:06:57.5003592Z Installing collected packages: typing-extensions, tomli, pygments, pluggy, packaging, iniconfig, coverage, exceptiongroup, pytest, pytest-timeout, pytest-mock, pytest-metadata, pytest-cov, pytest-asyncio, pytest-json-report
test-count-verification	Install dependencies	2025-07-11T09:06:58.5496652Z
test-count-verification	Install dependencies	2025-07-11T09:06:58.5529722Z Successfully installed coverage-7.9.2 exceptiongroup-1.3.0 iniconfig-2.1.0 packaging-25.0 pluggy-1.6.0 pygments-2.19.2 pytest-8.4.1 pytest-asyncio-1.0.0 pytest-cov-6.2.1 pytest-json-report-1.5.0 pytest-metadata-3.1.1 pytest-mock-3.14.1 pytest-timeout-2.4.0 tomli-2.2.1 typing-extensions-4.14.1
test-count-verification	Install dependencies	2025-07-11T09:06:58.6363485Z Checking for requirements file...
test-count-verification	Install dependencies	2025-07-11T09:06:58.6364042Z Found requirements.txt, installing...
test-count-verification	Install dependencies	2025-07-11T09:06:59.5514875Z Collecting annotated-types==0.7.0 (from -r requirements.txt (line 1))
test-count-verification	Install dependencies	2025-07-11T09:06:59.6144930Z   Downloading annotated_types-0.7.0-py3-none-any.whl.metadata (15 kB)
test-count-verification	Install dependencies	2025-07-11T09:06:59.6528296Z Collecting anyio==4.9.0 (from -r requirements.txt (line 2))
test-count-verification	Install dependencies	2025-07-11T09:06:59.6667771Z   Downloading anyio-4.9.0-py3-none-any.whl.metadata (4.7 kB)
test-count-verification	Install dependencies	2025-07-11T09:06:59.7017747Z Collecting blinker==1.9.0 (from -r requirements.txt (line 3))
test-count-verification	Install dependencies	2025-07-11T09:06:59.7158163Z   Downloading blinker-1.9.0-py3-none-any.whl.metadata (1.6 kB)
test-count-verification	Install dependencies	2025-07-11T09:06:59.7462259Z Collecting cachetools==5.5.2 (from -r requirements.txt (line 4))
test-count-verification	Install dependencies	2025-07-11T09:06:59.7602211Z   Downloading cachetools-5.5.2-py3-none-any.whl.metadata (5.4 kB)
test-count-verification	Install dependencies	2025-07-11T09:06:59.7929938Z Collecting certifi==2025.4.26 (from -r requirements.txt (line 5))
test-count-verification	Install dependencies	2025-07-11T09:06:59.8072959Z   Downloading certifi-2025.4.26-py3-none-any.whl.metadata (2.5 kB)
test-count-verification	Install dependencies	2025-07-11T09:06:59.9601727Z Collecting cffi==1.17.1 (from -r requirements.txt (line 6))
test-count-verification	Install dependencies	2025-07-11T09:06:59.9744746Z   Downloading cffi-1.17.1-cp310-cp310-manylinux_2_17_x86_64.manylinux2014_x86_64.whl.metadata (1.5 kB)
test-count-verification	Install dependencies	2025-07-11T09:07:00.0711467Z Collecting charset-normalizer==3.4.2 (from -r requirements.txt (line 7))
test-count-verification	Install dependencies	2025-07-11T09:07:00.0856263Z   Downloading charset_normalizer-3.4.2-cp310-cp310-manylinux_2_17_x86_64.manylinux2014_x86_64.whl.metadata (35 kB)
test-count-verification	Install dependencies	2025-07-11T09:07:00.1239252Z Collecting click==8.2.1 (from -r requirements.txt (line 8))
test-count-verification	Install dependencies	2025-07-11T09:07:00.1380804Z   Downloading click-8.2.1-py3-none-any.whl.metadata (2.5 kB)
test-count-verification	Install dependencies	2025-07-11T09:07:00.1417896Z Requirement already satisfied: coverage==7.9.2 in /opt/hostedtoolcache/Python/3.10.18/x64/lib/python3.10/site-packages (from -r requirements.txt (line 9)) (7.9.2)
test-count-verification	Install dependencies	2025-07-11T09:07:00.3512346Z Collecting cryptography==45.0.5 (from -r requirements.txt (line 10))
test-count-verification	Install dependencies	2025-07-11T09:07:00.3664963Z   Downloading cryptography-45.0.5-cp37-abi3-manylinux_2_34_x86_64.whl.metadata (5.7 kB)
test-count-verification	Install dependencies	2025-07-11T09:07:00.4010888Z Collecting decorator==5.2.1 (from -r requirements.txt (line 11))
test-count-verification	Install dependencies	2025-07-11T09:07:00.4149177Z   Downloading decorator-5.2.1-py3-none-any.whl.metadata (3.9 kB)
test-count-verification	Install dependencies	2025-07-11T09:07:00.4407749Z Collecting Deprecated==1.2.18 (from -r requirements.txt (line 12))
test-count-verification	Install dependencies	2025-07-11T09:07:00.4558410Z   Downloading Deprecated-1.2.18-py2.py3-none-any.whl.metadata (5.7 kB)
test-count-verification	Install dependencies	2025-07-11T09:07:00.4798866Z Collecting distro==1.9.0 (from -r requirements.txt (line 13))
test-count-verification	Install dependencies	2025-07-11T09:07:00.4940679Z   Downloading distro-1.9.0-py3-none-any.whl.metadata (6.8 kB)
test-count-verification	Install dependencies	2025-07-11T09:07:00.5356453Z Collecting docstring_parser==0.16 (from -r requirements.txt (line 14))
test-count-verification	Install dependencies	2025-07-11T09:07:00.5495975Z   Downloading docstring_parser-0.16-py3-none-any.whl.metadata (3.0 kB)
test-count-verification	Install dependencies	2025-07-11T09:07:00.5733002Z Collecting ecdsa==0.19.1 (from -r requirements.txt (line 15))
test-count-verification	Install dependencies	2025-07-11T09:07:00.5880857Z   Downloading ecdsa-0.19.1-py2.py3-none-any.whl.metadata (29 kB)
test-count-verification	Install dependencies	2025-07-11T09:07:00.6132125Z Collecting execnet==2.1.1 (from -r requirements.txt (line 16))
test-count-verification	Install dependencies	2025-07-11T09:07:00.6271892Z   Downloading execnet-2.1.1-py3-none-any.whl.metadata (2.9 kB)
test-count-verification	Install dependencies	2025-07-11T09:07:00.6727497Z Collecting faiss-cpu==1.11.0 (from -r requirements.txt (line 17))
test-count-verification	Install dependencies	2025-07-11T09:07:00.6869081Z   Downloading faiss_cpu-1.11.0-cp310-cp310-manylinux_2_28_x86_64.whl.metadata (4.8 kB)
test-count-verification	Install dependencies	2025-07-11T09:07:00.7424821Z Collecting fastapi==0.115.12 (from -r requirements.txt (line 18))
test-count-verification	Install dependencies	2025-07-11T09:07:00.7562863Z   Downloading fastapi-0.115.12-py3-none-any.whl.metadata (27 kB)
test-count-verification	Install dependencies	2025-07-11T09:07:00.7906513Z Collecting Flask==3.1.1 (from -r requirements.txt (line 19))
test-count-verification	Install dependencies	2025-07-11T09:07:00.8043849Z   Downloading flask-3.1.1-py3-none-any.whl.metadata (3.0 kB)
test-count-verification	Install dependencies	2025-07-11T09:07:00.8411985Z Collecting functions-framework (from -r requirements.txt (line 20))
test-count-verification	Install dependencies	2025-07-11T09:07:00.8501651Z   Downloading functions_framework-3.8.3-py3-none-any.whl.metadata (15 kB)
test-count-verification	Install dependencies	2025-07-11T09:07:00.8971822Z Collecting google-api-core==2.24.2 (from -r requirements.txt (line 21))
test-count-verification	Install dependencies	2025-07-11T09:07:00.9111901Z   Downloading google_api_core-2.24.2-py3-none-any.whl.metadata (3.0 kB)
test-count-verification	Install dependencies	2025-07-11T09:07:00.9790934Z Collecting google-api-python-client==2.170.0 (from -r requirements.txt (line 22))
test-count-verification	Install dependencies	2025-07-11T09:07:00.9939363Z   Downloading google_api_python_client-2.170.0-py3-none-any.whl.metadata (6.7 kB)
test-count-verification	Install dependencies	2025-07-11T09:07:01.0430130Z Collecting google-auth==2.40.2 (from -r requirements.txt (line 23))
test-count-verification	Install dependencies	2025-07-11T09:07:01.0576039Z   Downloading google_auth-2.40.2-py2.py3-none-any.whl.metadata (6.2 kB)
test-count-verification	Install dependencies	2025-07-11T09:07:01.0905968Z Collecting google-auth-httplib2==0.2.0 (from -r requirements.txt (line 24))
test-count-verification	Install dependencies	2025-07-11T09:07:01.1047121Z   Downloading google_auth_httplib2-0.2.0-py2.py3-none-any.whl.metadata (2.2 kB)
test-count-verification	Install dependencies	2025-07-11T09:07:01.1298706Z Collecting google-auth-oauthlib==1.2.2 (from -r requirements.txt (line 25))
test-count-verification	Install dependencies	2025-07-11T09:07:01.1462710Z   Downloading google_auth_oauthlib-1.2.2-py3-none-any.whl.metadata (2.7 kB)
test-count-verification	Install dependencies	2025-07-11T09:07:01.1974619Z Collecting google-cloud-aiplatform==1.95.1 (from -r requirements.txt (line 26))
test-count-verification	Install dependencies	2025-07-11T09:07:01.2117959Z   Downloading google_cloud_aiplatform-1.95.1-py2.py3-none-any.whl.metadata (35 kB)
test-count-verification	Install dependencies	2025-07-11T09:07:01.3521540Z Collecting google-cloud-appengine-logging==1.6.2 (from -r requirements.txt (line 27))
test-count-verification	Install dependencies	2025-07-11T09:07:01.3659366Z   Downloading google_cloud_appengine_logging-1.6.2-py3-none-any.whl.metadata (9.9 kB)
test-count-verification	Install dependencies	2025-07-11T09:07:01.3909155Z Collecting google-cloud-audit-log==0.3.2 (from -r requirements.txt (line 28))
test-count-verification	Install dependencies	2025-07-11T09:07:01.4048150Z   Downloading google_cloud_audit_log-0.3.2-py3-none-any.whl.metadata (9.0 kB)
test-count-verification	Install dependencies	2025-07-11T09:07:01.4542754Z Collecting google-cloud-bigquery==3.34.0 (from -r requirements.txt (line 29))
test-count-verification	Install dependencies	2025-07-11T09:07:01.4696864Z   Downloading google_cloud_bigquery-3.34.0-py3-none-any.whl.metadata (8.0 kB)
test-count-verification	Install dependencies	2025-07-11T09:07:01.5088166Z Collecting google-cloud-billing==1.16.3 (from -r requirements.txt (line 30))
test-count-verification	Install dependencies	2025-07-11T09:07:01.5239012Z   Downloading google_cloud_billing-1.16.3-py3-none-any.whl.metadata (9.6 kB)
test-count-verification	Install dependencies	2025-07-11T09:07:01.5548282Z Collecting google-cloud-billing-budgets==1.17.2 (from -r requirements.txt (line 31))
test-count-verification	Install dependencies	2025-07-11T09:07:01.5696742Z   Downloading google_cloud_billing_budgets-1.17.2-py3-none-any.whl.metadata (9.9 kB)
test-count-verification	Install dependencies	2025-07-11T09:07:01.6013736Z Collecting google-cloud-core==2.4.3 (from -r requirements.txt (line 32))
test-count-verification	Install dependencies	2025-07-11T09:07:01.6152710Z   Downloading google_cloud_core-2.4.3-py2.py3-none-any.whl.metadata (2.7 kB)
test-count-verification	Install dependencies	2025-07-11T09:07:01.6500002Z Collecting google-cloud-firestore==2.20.2 (from -r requirements.txt (line 33))
test-count-verification	Install dependencies	2025-07-11T09:07:01.6645745Z   Downloading google_cloud_firestore-2.20.2-py3-none-any.whl.metadata (9.9 kB)
test-count-verification	Install dependencies	2025-07-11T09:07:01.6991442Z Collecting google-cloud-logging==3.12.1 (from -r requirements.txt (line 34))
test-count-verification	Install dependencies	2025-07-11T09:07:01.7130245Z   Downloading google_cloud_logging-3.12.1-py2.py3-none-any.whl.metadata (5.0 kB)
test-count-verification	Install dependencies	2025-07-11T09:07:01.7624716Z Collecting google-cloud-pubsub==2.31.0 (from -r requirements.txt (line 35))
test-count-verification	Install dependencies	2025-07-11T09:07:01.7772791Z   Downloading google_cloud_pubsub-2.31.0-py3-none-any.whl.metadata (10 kB)
test-count-verification	Install dependencies	2025-07-11T09:07:01.8128544Z Collecting google-cloud-resource-manager==1.14.2 (from -r requirements.txt (line 36))
test-count-verification	Install dependencies	2025-07-11T09:07:01.8273345Z   Downloading google_cloud_resource_manager-1.14.2-py3-none-any.whl.metadata (9.6 kB)
test-count-verification	Install dependencies	2025-07-11T09:07:01.8559153Z Collecting google-cloud-run==0.10.18 (from -r requirements.txt (line 37))
test-count-verification	Install dependencies	2025-07-11T09:07:01.8718369Z   Downloading google_cloud_run-0.10.18-py3-none-any.whl.metadata (9.3 kB)
test-count-verification	Install dependencies	2025-07-11T09:07:01.9074301Z Collecting google-cloud-secret-manager==2.24.0 (from -r requirements.txt (line 38))
test-count-verification	Install dependencies	2025-07-11T09:07:01.9214096Z   Downloading google_cloud_secret_manager-2.24.0-py3-none-any.whl.metadata (9.7 kB)
test-count-verification	Install dependencies	2025-07-11T09:07:01.9613161Z Collecting google-cloud-storage==2.19.0 (from -r requirements.txt (line 39))
test-count-verification	Install dependencies	2025-07-11T09:07:01.9756083Z   Downloading google_cloud_storage-2.19.0-py2.py3-none-any.whl.metadata (9.1 kB)
test-count-verification	Install dependencies	2025-07-11T09:07:02.0417084Z Collecting google-crc32c==1.7.1 (from -r requirements.txt (line 40))
test-count-verification	Install dependencies	2025-07-11T09:07:02.0561415Z   Downloading google_crc32c-1.7.1-cp310-cp310-manylinux_2_17_x86_64.manylinux2014_x86_64.whl.metadata (2.3 kB)
test-count-verification	Install dependencies	2025-07-11T09:07:02.0856183Z Collecting google-genai==1.18.0 (from -r requirements.txt (line 41))
test-count-verification	Install dependencies	2025-07-11T09:07:02.1002256Z   Downloading google_genai-1.18.0-py3-none-any.whl.metadata (35 kB)
test-count-verification	Install dependencies	2025-07-11T09:07:02.1594564Z Collecting google-resumable-media==2.7.2 (from -r requirements.txt (line 42))
test-count-verification	Install dependencies	2025-07-11T09:07:02.1731699Z   Downloading google_resumable_media-2.7.2-py2.py3-none-any.whl.metadata (2.2 kB)
test-count-verification	Install dependencies	2025-07-11T09:07:02.2029226Z Collecting googleapis-common-protos==1.70.0 (from -r requirements.txt (line 43))
test-count-verification	Install dependencies	2025-07-11T09:07:02.2166021Z   Downloading googleapis_common_protos-1.70.0-py3-none-any.whl.metadata (9.3 kB)
test-count-verification	Install dependencies	2025-07-11T09:07:02.2405606Z Collecting grpc-google-iam-v1==0.14.2 (from -r requirements.txt (line 44))
test-count-verification	Install dependencies	2025-07-11T09:07:02.2546746Z   Downloading grpc_google_iam_v1-0.14.2-py3-none-any.whl.metadata (9.1 kB)
test-count-verification	Install dependencies	2025-07-11T09:07:02.8737008Z Collecting grpcio==1.71.0 (from -r requirements.txt (line 45))
test-count-verification	Install dependencies	2025-07-11T09:07:02.8888806Z   Downloading grpcio-1.71.0-cp310-cp310-manylinux_2_17_x86_64.manylinux2014_x86_64.whl.metadata (3.8 kB)
test-count-verification	Install dependencies	2025-07-11T09:07:02.9355848Z Collecting grpcio-status==1.71.0 (from -r requirements.txt (line 46))
test-count-verification	Install dependencies	2025-07-11T09:07:02.9495485Z   Downloading grpcio_status-1.71.0-py3-none-any.whl.metadata (1.1 kB)
test-count-verification	Install dependencies	2025-07-11T09:07:02.9779431Z Collecting gunicorn==23.0.0 (from -r requirements.txt (line 47))
test-count-verification	Install dependencies	2025-07-11T09:07:02.9915057Z   Downloading gunicorn-23.0.0-py3-none-any.whl.metadata (4.4 kB)
test-count-verification	Install dependencies	2025-07-11T09:07:03.0149209Z Collecting h11==0.16.0 (from -r requirements.txt (line 48))
test-count-verification	Install dependencies	2025-07-11T09:07:03.0284577Z   Downloading h11-0.16.0-py3-none-any.whl.metadata (8.3 kB)
test-count-verification	Install dependencies	2025-07-11T09:07:03.0561082Z Collecting h2==4.2.0 (from -r requirements.txt (line 49))
test-count-verification	Install dependencies	2025-07-11T09:07:03.0697870Z   Downloading h2-4.2.0-py3-none-any.whl.metadata (5.1 kB)
test-count-verification	Install dependencies	2025-07-11T09:07:03.0923120Z Collecting hpack==4.1.0 (from -r requirements.txt (line 50))
test-count-verification	Install dependencies	2025-07-11T09:07:03.1083882Z   Downloading hpack-4.1.0-py3-none-any.whl.metadata (4.6 kB)
test-count-verification	Install dependencies	2025-07-11T09:07:03.1371052Z Collecting httpcore==1.0.9 (from -r requirements.txt (line 51))
test-count-verification	Install dependencies	2025-07-11T09:07:03.1507965Z   Downloading httpcore-1.0.9-py3-none-any.whl.metadata (21 kB)
test-count-verification	Install dependencies	2025-07-11T09:07:03.1785091Z Collecting httplib2==0.22.0 (from -r requirements.txt (line 52))
test-count-verification	Install dependencies	2025-07-11T09:07:03.1926113Z   Downloading httplib2-0.22.0-py3-none-any.whl.metadata (2.6 kB)
test-count-verification	Install dependencies	2025-07-11T09:07:03.2245563Z Collecting httpx==0.28.1 (from -r requirements.txt (line 53))
test-count-verification	Install dependencies	2025-07-11T09:07:03.2387001Z   Downloading httpx-0.28.1-py3-none-any.whl.metadata (7.1 kB)
test-count-verification	Install dependencies	2025-07-11T09:07:03.2652658Z Collecting hyperframe==6.1.0 (from -r requirements.txt (line 54))
test-count-verification	Install dependencies	2025-07-11T09:07:03.2790799Z   Downloading hyperframe-6.1.0-py3-none-any.whl.metadata (4.3 kB)
test-count-verification	Install dependencies	2025-07-11T09:07:03.3026290Z Collecting idna==3.10 (from -r requirements.txt (line 55))
test-count-verification	Install dependencies	2025-07-11T09:07:03.3163954Z   Downloading idna-3.10-py3-none-any.whl.metadata (10 kB)
test-count-verification	Install dependencies	2025-07-11T09:07:03.3588072Z Collecting importlib_metadata==8.7.0 (from -r requirements.txt (line 56))
test-count-verification	Install dependencies	2025-07-11T09:07:03.3726456Z   Downloading importlib_metadata-8.7.0-py3-none-any.whl.metadata (4.8 kB)
test-count-verification	Install dependencies	2025-07-11T09:07:03.3804929Z Requirement already satisfied: iniconfig==2.1.0 in /opt/hostedtoolcache/Python/3.10.18/x64/lib/python3.10/site-packages (from -r requirements.txt (line 57)) (2.1.0)
test-count-verification	Install dependencies	2025-07-11T09:07:03.4000229Z Collecting itsdangerous==2.2.0 (from -r requirements.txt (line 58))
test-count-verification	Install dependencies	2025-07-11T09:07:03.4135613Z   Downloading itsdangerous-2.2.0-py3-none-any.whl.metadata (1.9 kB)
test-count-verification	Install dependencies	2025-07-11T09:07:03.4405568Z Collecting Jinja2==3.1.6 (from -r requirements.txt (line 59))
test-count-verification	Install dependencies	2025-07-11T09:07:03.4546978Z   Downloading jinja2-3.1.6-py3-none-any.whl.metadata (2.9 kB)
test-count-verification	Install dependencies	2025-07-11T09:07:03.5350970Z Collecting jiter==0.10.0 (from -r requirements.txt (line 60))
test-count-verification	Install dependencies	2025-07-11T09:07:03.5500915Z   Downloading jiter-0.10.0-cp310-cp310-manylinux_2_17_x86_64.manylinux2014_x86_64.whl.metadata (5.2 kB)
test-count-verification	Install dependencies	2025-07-11T09:07:03.5842387Z Collecting joblib==1.5.1 (from -r requirements.txt (line 61))
test-count-verification	Install dependencies	2025-07-11T09:07:03.5982462Z   Downloading joblib-1.5.1-py3-none-any.whl.metadata (5.6 kB)
test-count-verification	Install dependencies	2025-07-11T09:07:03.6240641Z Collecting jsonpatch==1.33 (from -r requirements.txt (line 62))
test-count-verification	Install dependencies	2025-07-11T09:07:03.6389543Z   Downloading jsonpatch-1.33-py2.py3-none-any.whl.metadata (3.0 kB)
test-count-verification	Install dependencies	2025-07-11T09:07:03.6618416Z Collecting jsonpointer==3.0.0 (from -r requirements.txt (line 63))
test-count-verification	Install dependencies	2025-07-11T09:07:03.6757976Z   Downloading jsonpointer-3.0.0-py2.py3-none-any.whl.metadata (2.3 kB)
test-count-verification	Install dependencies	2025-07-11T09:07:03.7370606Z Collecting langchain-core==0.3.63 (from -r requirements.txt (line 64))
test-count-verification	Install dependencies	2025-07-11T09:07:03.7519809Z   Downloading langchain_core-0.3.63-py3-none-any.whl.metadata (5.8 kB)
test-count-verification	Install dependencies	2025-07-11T09:07:03.7889291Z Collecting langchain-openai==0.3.18 (from -r requirements.txt (line 65))
test-count-verification	Install dependencies	2025-07-11T09:07:03.8056520Z   Downloading langchain_openai-0.3.18-py3-none-any.whl.metadata (2.3 kB)
test-count-verification	Install dependencies	2025-07-11T09:07:03.8851759Z Collecting langsmith==0.3.43 (from -r requirements.txt (line 66))
test-count-verification	Install dependencies	2025-07-11T09:07:03.8999533Z   Downloading langsmith-0.3.43-py3-none-any.whl.metadata (15 kB)
test-count-verification	Install dependencies	2025-07-11T09:07:03.9393512Z Collecting limits==5.4.0 (from -r requirements.txt (line 67))
test-count-verification	Install dependencies	2025-07-11T09:07:03.9531608Z   Downloading limits-5.4.0-py3-none-any.whl.metadata (10 kB)
test-count-verification	Install dependencies	2025-07-11T09:07:04.0719400Z Collecting MarkupSafe==3.0.2 (from -r requirements.txt (line 68))
test-count-verification	Install dependencies	2025-07-11T09:07:04.0859412Z   Downloading MarkupSafe-3.0.2-cp310-cp310-manylinux_2_17_x86_64.manylinux2014_x86_64.whl.metadata (4.0 kB)
test-count-verification	Install dependencies	2025-07-11T09:07:04.3078625Z Collecting numpy==2.2.6 (from -r requirements.txt (line 69))
test-count-verification	Install dependencies	2025-07-11T09:07:04.3222354Z   Downloading numpy-2.2.6-cp310-cp310-manylinux_2_17_x86_64.manylinux2014_x86_64.whl.metadata (62 kB)
test-count-verification	Install dependencies	2025-07-11T09:07:04.3533809Z Collecting oauthlib==3.2.2 (from -r requirements.txt (line 70))
test-count-verification	Install dependencies	2025-07-11T09:07:04.3674251Z   Downloading oauthlib-3.2.2-py3-none-any.whl.metadata (7.5 kB)
test-count-verification	Install dependencies	2025-07-11T09:07:04.4317101Z Collecting openai==1.82.1 (from -r requirements.txt (line 71))
test-count-verification	Install dependencies	2025-07-11T09:07:04.4463144Z   Downloading openai-1.82.1-py3-none-any.whl.metadata (25 kB)
test-count-verification	Install dependencies	2025-07-11T09:07:04.4810311Z Collecting opentelemetry-api==1.34.1 (from -r requirements.txt (line 72))
test-count-verification	Install dependencies	2025-07-11T09:07:04.4949899Z   Downloading opentelemetry_api-1.34.1-py3-none-any.whl.metadata (1.5 kB)
test-count-verification	Install dependencies	2025-07-11T09:07:04.5260769Z Collecting opentelemetry-sdk==1.34.1 (from -r requirements.txt (line 73))
test-count-verification	Install dependencies	2025-07-11T09:07:04.5403896Z   Downloading opentelemetry_sdk-1.34.1-py3-none-any.whl.metadata (1.6 kB)
test-count-verification	Install dependencies	2025-07-11T09:07:04.5700579Z Collecting opentelemetry-semantic-conventions==0.55b1 (from -r requirements.txt (line 74))
test-count-verification	Install dependencies	2025-07-11T09:07:04.5841021Z   Downloading opentelemetry_semantic_conventions-0.55b1-py3-none-any.whl.metadata (2.5 kB)
test-count-verification	Install dependencies	2025-07-11T09:07:04.9329762Z Collecting orjson==3.10.18 (from -r requirements.txt (line 75))
test-count-verification	Install dependencies	2025-07-11T09:07:04.9472255Z   Downloading orjson-3.10.18-cp310-cp310-manylinux_2_17_x86_64.manylinux2014_x86_64.whl.metadata (41 kB)
test-count-verification	Install dependencies	2025-07-11T09:07:04.9772187Z Collecting packaging==24.2 (from -r requirements.txt (line 76))
test-count-verification	Install dependencies	2025-07-11T09:07:04.9921537Z   Downloading packaging-24.2-py3-none-any.whl.metadata (3.2 kB)
test-count-verification	Install dependencies	2025-07-11T09:07:05.0156101Z Collecting passlib==1.7.4 (from -r requirements.txt (line 77))
test-count-verification	Install dependencies	2025-07-11T09:07:05.0340323Z   Downloading passlib-1.7.4-py2.py3-none-any.whl.metadata (1.7 kB)
test-count-verification	Install dependencies	2025-07-11T09:07:05.0387437Z Requirement already satisfied: pluggy==1.6.0 in /opt/hostedtoolcache/Python/3.10.18/x64/lib/python3.10/site-packages (from -r requirements.txt (line 78)) (1.6.0)
test-count-verification	Install dependencies	2025-07-11T09:07:05.0615667Z Collecting portalocker==2.10.1 (from -r requirements.txt (line 79))
test-count-verification	Install dependencies	2025-07-11T09:07:05.0760911Z   Downloading portalocker-2.10.1-py3-none-any.whl.metadata (8.5 kB)
test-count-verification	Install dependencies	2025-07-11T09:07:05.1029461Z Collecting prometheus_client==0.22.0 (from -r requirements.txt (line 80))
test-count-verification	Install dependencies	2025-07-11T09:07:05.1172848Z   Downloading prometheus_client-0.22.0-py3-none-any.whl.metadata (14 kB)
test-count-verification	Install dependencies	2025-07-11T09:07:05.1466558Z Collecting proto-plus==1.26.1 (from -r requirements.txt (line 81))
test-count-verification	Install dependencies	2025-07-11T09:07:05.1608498Z   Downloading proto_plus-1.26.1-py3-none-any.whl.metadata (2.2 kB)
test-count-verification	Install dependencies	2025-07-11T09:07:05.3492206Z Collecting protobuf==5.29.5 (from -r requirements.txt (line 82))
test-count-verification	Install dependencies	2025-07-11T09:07:05.3633487Z   Downloading protobuf-5.29.5-cp38-abi3-manylinux2014_x86_64.whl.metadata (592 bytes)
test-count-verification	Install dependencies	2025-07-11T09:07:05.4570523Z Collecting psutil==7.0.0 (from -r requirements.txt (line 83))
test-count-verification	Install dependencies	2025-07-11T09:07:05.4714801Z   Downloading psutil-7.0.0-cp36-abi3-manylinux_2_12_x86_64.manylinux2010_x86_64.manylinux_2_17_x86_64.manylinux2014_x86_64.whl.metadata (22 kB)
test-count-verification	Install dependencies	2025-07-11T09:07:05.5070387Z Collecting py==1.11.0 (from -r requirements.txt (line 84))
test-count-verification	Install dependencies	2025-07-11T09:07:05.5210365Z   Downloading py-1.11.0-py2.py3-none-any.whl.metadata (2.8 kB)
test-count-verification	Install dependencies	2025-07-11T09:07:05.5551463Z Collecting pyasn1==0.6.1 (from -r requirements.txt (line 85))
test-count-verification	Install dependencies	2025-07-11T09:07:05.5692830Z   Downloading pyasn1-0.6.1-py3-none-any.whl.metadata (8.4 kB)
test-count-verification	Install dependencies	2025-07-11T09:07:05.6007399Z Collecting pyasn1_modules==0.4.2 (from -r requirements.txt (line 86))
test-count-verification	Install dependencies	2025-07-11T09:07:05.6147048Z   Downloading pyasn1_modules-0.4.2-py3-none-any.whl.metadata (3.5 kB)
test-count-verification	Install dependencies	2025-07-11T09:07:05.6378119Z Collecting pycparser==2.22 (from -r requirements.txt (line 87))
test-count-verification	Install dependencies	2025-07-11T09:07:05.6516184Z   Downloading pycparser-2.22-py3-none-any.whl.metadata (943 bytes)
test-count-verification	Install dependencies	2025-07-11T09:07:05.7937399Z Collecting pydantic==2.11.5 (from -r requirements.txt (line 88))
test-count-verification	Install dependencies	2025-07-11T09:07:05.8084246Z   Downloading pydantic-2.11.5-py3-none-any.whl.metadata (67 kB)
test-count-verification	Install dependencies	2025-07-11T09:07:06.6055730Z Collecting pydantic_core==2.33.2 (from -r requirements.txt (line 89))
test-count-verification	Install dependencies	2025-07-11T09:07:06.6201120Z   Downloading pydantic_core-2.33.2-cp310-cp310-manylinux_2_17_x86_64.manylinux2014_x86_64.whl.metadata (6.8 kB)
test-count-verification	Install dependencies	2025-07-11T09:07:06.6581981Z Collecting pyparsing==3.2.3 (from -r requirements.txt (line 90))
test-count-verification	Install dependencies	2025-07-11T09:07:06.6722772Z   Downloading pyparsing-3.2.3-py3-none-any.whl.metadata (5.0 kB)
test-count-verification	Install dependencies	2025-07-11T09:07:06.7197731Z Collecting pytest==8.3.5 (from -r requirements.txt (line 91))
test-count-verification	Install dependencies	2025-07-11T09:07:06.7343253Z   Downloading pytest-8.3.5-py3-none-any.whl.metadata (7.6 kB)
test-count-verification	Install dependencies	2025-07-11T09:07:06.7406224Z Requirement already satisfied: pytest-asyncio==1.0.0 in /opt/hostedtoolcache/Python/3.10.18/x64/lib/python3.10/site-packages (from -r requirements.txt (line 92)) (1.0.0)
test-count-verification	Install dependencies	2025-07-11T09:07:06.7412168Z Requirement already satisfied: pytest-cov==6.2.1 in /opt/hostedtoolcache/Python/3.10.18/x64/lib/python3.10/site-packages (from -r requirements.txt (line 93)) (6.2.1)
test-count-verification	Install dependencies	2025-07-11T09:07:06.7418227Z Requirement already satisfied: pytest-json-report==1.5.0 in /opt/hostedtoolcache/Python/3.10.18/x64/lib/python3.10/site-packages (from -r requirements.txt (line 94)) (1.5.0)
test-count-verification	Install dependencies	2025-07-11T09:07:06.7423824Z Requirement already satisfied: pytest-metadata==3.1.1 in /opt/hostedtoolcache/Python/3.10.18/x64/lib/python3.10/site-packages (from -r requirements.txt (line 95)) (3.1.1)
test-count-verification	Install dependencies	2025-07-11T09:07:06.7436308Z Requirement already satisfied: pytest-mock==3.14.1 in /opt/hostedtoolcache/Python/3.10.18/x64/lib/python3.10/site-packages (from -r requirements.txt (line 96)) (3.14.1)
test-count-verification	Install dependencies	2025-07-11T09:07:06.7684222Z Collecting pytest-randomly==3.16.0 (from -r requirements.txt (line 97))
test-count-verification	Install dependencies	2025-07-11T09:07:06.7832744Z   Downloading pytest_randomly-3.16.0-py3-none-any.whl.metadata (8.6 kB)
test-count-verification	Install dependencies	2025-07-11T09:07:06.8105798Z Collecting pytest-rerunfailures==15.1 (from -r requirements.txt (line 98))
test-count-verification	Install dependencies	2025-07-11T09:07:06.8245995Z   Downloading pytest_rerunfailures-15.1-py3-none-any.whl.metadata (20 kB)
test-count-verification	Install dependencies	2025-07-11T09:07:06.8293552Z Requirement already satisfied: pytest-timeout==2.4.0 in /opt/hostedtoolcache/Python/3.10.18/x64/lib/python3.10/site-packages (from -r requirements.txt (line 99)) (2.4.0)
test-count-verification	Install dependencies	2025-07-11T09:07:06.8571998Z Collecting pytest-xdist==3.8.0 (from -r requirements.txt (line 100))
test-count-verification	Install dependencies	2025-07-11T09:07:06.8715182Z   Downloading pytest_xdist-3.8.0-py3-none-any.whl.metadata (3.0 kB)
test-count-verification	Install dependencies	2025-07-11T09:07:06.8979861Z Collecting python-dateutil==2.9.0.post0 (from -r requirements.txt (line 101))
test-count-verification	Install dependencies	2025-07-11T09:07:06.9121202Z   Downloading python_dateutil-2.9.0.post0-py2.py3-none-any.whl.metadata (8.4 kB)
test-count-verification	Install dependencies	2025-07-11T09:07:06.9418040Z Collecting python-dotenv==1.1.0 (from -r requirements.txt (line 102))
test-count-verification	Install dependencies	2025-07-11T09:07:06.9576471Z   Downloading python_dotenv-1.1.0-py3-none-any.whl.metadata (24 kB)
test-count-verification	Install dependencies	2025-07-11T09:07:06.9833104Z Collecting python-jose==3.5.0 (from -r requirements.txt (line 103))
test-count-verification	Install dependencies	2025-07-11T09:07:06.9968098Z   Downloading python_jose-3.5.0-py2.py3-none-any.whl.metadata (5.5 kB)
test-count-verification	Install dependencies	2025-07-11T09:07:07.0286864Z Collecting python-multipart==0.0.20 (from -r requirements.txt (line 104))
test-count-verification	Install dependencies	2025-07-11T09:07:07.0427432Z   Downloading python_multipart-0.0.20-py3-none-any.whl.metadata (1.8 kB)
test-count-verification	Install dependencies	2025-07-11T09:07:07.0927061Z Collecting PyYAML==6.0.2 (from -r requirements.txt (line 105))
test-count-verification	Install dependencies	2025-07-11T09:07:07.1068097Z   Downloading PyYAML-6.0.2-cp310-cp310-manylinux_2_17_x86_64.manylinux2014_x86_64.whl.metadata (2.1 kB)
test-count-verification	Install dependencies	2025-07-11T09:07:07.1499968Z Collecting qdrant-client==1.14.2 (from -r requirements.txt (line 106))
test-count-verification	Install dependencies	2025-07-11T09:07:07.1647651Z   Downloading qdrant_client-1.14.2-py3-none-any.whl.metadata (10 kB)
test-count-verification	Install dependencies	2025-07-11T09:07:07.6342991Z Collecting regex==2024.11.6 (from -r requirements.txt (line 107))
test-count-verification	Install dependencies	2025-07-11T09:07:07.6491705Z   Downloading regex-2024.11.6-cp310-cp310-manylinux_2_17_x86_64.manylinux2014_x86_64.whl.metadata (40 kB)
test-count-verification	Install dependencies	2025-07-11T09:07:07.7055115Z Collecting requests==2.32.3 (from -r requirements.txt (line 108))
test-count-verification	Install dependencies	2025-07-11T09:07:07.7193786Z   Downloading requests-2.32.3-py3-none-any.whl.metadata (4.6 kB)
test-count-verification	Install dependencies	2025-07-11T09:07:07.7456941Z Collecting requests-oauthlib==2.0.0 (from -r requirements.txt (line 109))
test-count-verification	Install dependencies	2025-07-11T09:07:07.7611755Z   Downloading requests_oauthlib-2.0.0-py2.py3-none-any.whl.metadata (11 kB)
test-count-verification	Install dependencies	2025-07-11T09:07:07.7936796Z Collecting requests-toolbelt==1.0.0 (from -r requirements.txt (line 110))
test-count-verification	Install dependencies	2025-07-11T09:07:07.8083217Z   Downloading requests_toolbelt-1.0.0-py2.py3-none-any.whl.metadata (14 kB)
test-count-verification	Install dependencies	2025-07-11T09:07:07.8308586Z Collecting retry==0.9.2 (from -r requirements.txt (line 111))
test-count-verification	Install dependencies	2025-07-11T09:07:07.8449378Z   Downloading retry-0.9.2-py2.py3-none-any.whl.metadata (5.8 kB)
test-count-verification	Install dependencies	2025-07-11T09:07:07.8800183Z Collecting rsa==4.9.1 (from -r requirements.txt (line 112))
test-count-verification	Install dependencies	2025-07-11T09:07:07.8946548Z   Downloading rsa-4.9.1-py3-none-any.whl.metadata (5.6 kB)
test-count-verification	Install dependencies	2025-07-11T09:07:08.0076622Z Collecting scikit-learn==1.6.1 (from -r requirements.txt (line 113))
test-count-verification	Install dependencies	2025-07-11T09:07:08.0231608Z   Downloading scikit_learn-1.6.1-cp310-cp310-manylinux_2_17_x86_64.manylinux2014_x86_64.whl.metadata (18 kB)
test-count-verification	Install dependencies	2025-07-11T09:07:08.1753493Z Collecting scipy==1.15.3 (from -r requirements.txt (line 114))
test-count-verification	Install dependencies	2025-07-11T09:07:08.1900284Z   Downloading scipy-1.15.3-cp310-cp310-manylinux_2_17_x86_64.manylinux2014_x86_64.whl.metadata (61 kB)
test-count-verification	Install dependencies	2025-07-11T09:07:08.3056042Z Collecting shapely==2.1.1 (from -r requirements.txt (line 115))
test-count-verification	Install dependencies	2025-07-11T09:07:08.3206410Z   Downloading shapely-2.1.1-cp310-cp310-manylinux_2_17_x86_64.manylinux2014_x86_64.whl.metadata (6.7 kB)
test-count-verification	Install dependencies	2025-07-11T09:07:08.3479486Z Collecting six==1.17.0 (from -r requirements.txt (line 116))
test-count-verification	Install dependencies	2025-07-11T09:07:08.3616948Z   Downloading six-1.17.0-py2.py3-none-any.whl.metadata (1.7 kB)
test-count-verification	Install dependencies	2025-07-11T09:07:08.3873225Z Collecting slowapi==0.1.9 (from -r requirements.txt (line 117))
test-count-verification	Install dependencies	2025-07-11T09:07:08.4021065Z   Downloading slowapi-0.1.9-py3-none-any.whl.metadata (3.0 kB)
test-count-verification	Install dependencies	2025-07-11T09:07:08.4240651Z Collecting sniffio==1.3.1 (from -r requirements.txt (line 118))
test-count-verification	Install dependencies	2025-07-11T09:07:08.4383512Z   Downloading sniffio-1.3.1-py3-none-any.whl.metadata (3.9 kB)
test-count-verification	Install dependencies	2025-07-11T09:07:08.4783615Z Collecting starlette==0.46.2 (from -r requirements.txt (line 119))
test-count-verification	Install dependencies	2025-07-11T09:07:08.4931325Z   Downloading starlette-0.46.2-py3-none-any.whl.metadata (6.2 kB)
test-count-verification	Install dependencies	2025-07-11T09:07:08.5239295Z Collecting tenacity==9.1.2 (from -r requirements.txt (line 120))
test-count-verification	Install dependencies	2025-07-11T09:07:08.5387021Z   Downloading tenacity-9.1.2-py3-none-any.whl.metadata (1.2 kB)
test-count-verification	Install dependencies	2025-07-11T09:07:08.5633983Z Collecting threadpoolctl==3.6.0 (from -r requirements.txt (line 121))
test-count-verification	Install dependencies	2025-07-11T09:07:08.5776370Z   Downloading threadpoolctl-3.6.0-py3-none-any.whl.metadata (13 kB)
test-count-verification	Install dependencies	2025-07-11T09:07:08.6265521Z Collecting tiktoken==0.9.0 (from -r requirements.txt (line 122))
test-count-verification	Install dependencies	2025-07-11T09:07:08.6417725Z   Downloading tiktoken-0.9.0-cp310-cp310-manylinux_2_17_x86_64.manylinux2014_x86_64.whl.metadata (6.7 kB)
test-count-verification	Install dependencies	2025-07-11T09:07:08.6889639Z Collecting tqdm==4.67.1 (from -r requirements.txt (line 123))
test-count-verification	Install dependencies	2025-07-11T09:07:08.7036725Z   Downloading tqdm-4.67.1-py3-none-any.whl.metadata (57 kB)
test-count-verification	Install dependencies	2025-07-11T09:07:08.7302976Z Collecting typing-inspection==0.4.1 (from -r requirements.txt (line 124))
test-count-verification	Install dependencies	2025-07-11T09:07:08.7446257Z   Downloading typing_inspection-0.4.1-py3-none-any.whl.metadata (2.6 kB)
test-count-verification	Install dependencies	2025-07-11T09:07:08.7730213Z Collecting typing_extensions==4.13.2 (from -r requirements.txt (line 125))
test-count-verification	Install dependencies	2025-07-11T09:07:08.7871408Z   Downloading typing_extensions-4.13.2-py3-none-any.whl.metadata (3.0 kB)
test-count-verification	Install dependencies	2025-07-11T09:07:08.8109195Z Collecting uritemplate==4.1.1 (from -r requirements.txt (line 126))
test-count-verification	Install dependencies	2025-07-11T09:07:08.8250313Z   Downloading uritemplate-4.1.1-py2.py3-none-any.whl.metadata (2.9 kB)
test-count-verification	Install dependencies	2025-07-11T09:07:08.8608358Z Collecting urllib3==2.4.0 (from -r requirements.txt (line 127))
test-count-verification	Install dependencies	2025-07-11T09:07:08.8754360Z   Downloading urllib3-2.4.0-py3-none-any.whl.metadata (6.5 kB)
test-count-verification	Install dependencies	2025-07-11T09:07:08.9145569Z Collecting uvicorn==0.34.3 (from -r requirements.txt (line 128))
test-count-verification	Install dependencies	2025-07-11T09:07:08.9281432Z   Downloading uvicorn-0.34.3-py3-none-any.whl.metadata (6.5 kB)
test-count-verification	Install dependencies	2025-07-11T09:07:09.0431465Z Collecting websockets==15.0.1 (from -r requirements.txt (line 129))
test-count-verification	Install dependencies	2025-07-11T09:07:09.0578128Z   Downloading websockets-15.0.1-cp310-cp310-manylinux_2_5_x86_64.manylinux1_x86_64.manylinux_2_17_x86_64.manylinux2014_x86_64.whl.metadata (6.8 kB)
test-count-verification	Install dependencies	2025-07-11T09:07:09.0934712Z Collecting Werkzeug==3.1.3 (from -r requirements.txt (line 130))
test-count-verification	Install dependencies	2025-07-11T09:07:09.1110866Z   Downloading werkzeug-3.1.3-py3-none-any.whl.metadata (3.7 kB)
test-count-verification	Install dependencies	2025-07-11T09:07:09.2259871Z Collecting wrapt==1.17.2 (from -r requirements.txt (line 131))
test-count-verification	Install dependencies	2025-07-11T09:07:09.2404431Z   Downloading wrapt-1.17.2-cp310-cp310-manylinux_2_5_x86_64.manylinux1_x86_64.manylinux_2_17_x86_64.manylinux2014_x86_64.whl.metadata (6.4 kB)
test-count-verification	Install dependencies	2025-07-11T09:07:09.2710541Z Collecting zipp==3.23.0 (from -r requirements.txt (line 132))
test-count-verification	Install dependencies	2025-07-11T09:07:09.2848481Z   Downloading zipp-3.23.0-py3-none-any.whl.metadata (3.6 kB)
test-count-verification	Install dependencies	2025-07-11T09:07:09.3729847Z Collecting zstandard==0.23.0 (from -r requirements.txt (line 133))
test-count-verification	Install dependencies	2025-07-11T09:07:09.3875576Z   Downloading zstandard-0.23.0-cp310-cp310-manylinux_2_17_x86_64.manylinux2014_x86_64.whl.metadata (3.0 kB)
test-count-verification	Install dependencies	2025-07-11T09:07:09.3948731Z Requirement already satisfied: exceptiongroup>=1.0.2 in /opt/hostedtoolcache/Python/3.10.18/x64/lib/python3.10/site-packages (from anyio==4.9.0->-r requirements.txt (line 2)) (1.3.0)
test-count-verification	Install dependencies	2025-07-11T09:07:11.0843783Z Requirement already satisfied: tomli>=1 in /opt/hostedtoolcache/Python/3.10.18/x64/lib/python3.10/site-packages (from pytest==8.3.5->-r requirements.txt (line 91)) (2.2.1)
test-count-verification	Install dependencies	2025-07-11T09:07:11.6790716Z Collecting watchdog>=1.0.0 (from functions-framework->-r requirements.txt (line 20))
test-count-verification	Install dependencies	2025-07-11T09:07:11.6938032Z   Downloading watchdog-6.0.0-py3-none-manylinux2014_x86_64.whl.metadata (44 kB)
test-count-verification	Install dependencies	2025-07-11T09:07:11.7339739Z Collecting cloudevents<2.0.0,>=1.2.0 (from functions-framework->-r requirements.txt (line 20))
test-count-verification	Install dependencies	2025-07-11T09:07:11.7485664Z   Downloading cloudevents-1.12.0-py3-none-any.whl.metadata (7.2 kB)
test-count-verification	Install dependencies	2025-07-11T09:07:11.7821182Z Collecting deprecation<3.0,>=2.0 (from cloudevents<2.0.0,>=1.2.0->functions-framework->-r requirements.txt (line 20))
test-count-verification	Install dependencies	2025-07-11T09:07:11.7968172Z   Downloading deprecation-2.1.0-py2.py3-none-any.whl.metadata (4.6 kB)
test-count-verification	Install dependencies	2025-07-11T09:07:11.8385215Z Downloading annotated_types-0.7.0-py3-none-any.whl (13 kB)
test-count-verification	Install dependencies	2025-07-11T09:07:11.8544012Z Downloading anyio-4.9.0-py3-none-any.whl (100 kB)
test-count-verification	Install dependencies	2025-07-11T09:07:11.8734919Z Downloading blinker-1.9.0-py3-none-any.whl (8.5 kB)
test-count-verification	Install dependencies	2025-07-11T09:07:11.8894184Z Downloading cachetools-5.5.2-py3-none-any.whl (10 kB)
test-count-verification	Install dependencies	2025-07-11T09:07:11.9049670Z Downloading certifi-2025.4.26-py3-none-any.whl (159 kB)
test-count-verification	Install dependencies	2025-07-11T09:07:11.9244482Z Downloading cffi-1.17.1-cp310-cp310-manylinux_2_17_x86_64.manylinux2014_x86_64.whl (446 kB)
test-count-verification	Install dependencies	2025-07-11T09:07:11.9584108Z Downloading charset_normalizer-3.4.2-cp310-cp310-manylinux_2_17_x86_64.manylinux2014_x86_64.whl (149 kB)
test-count-verification	Install dependencies	2025-07-11T09:07:11.9768550Z Downloading click-8.2.1-py3-none-any.whl (102 kB)
test-count-verification	Install dependencies	2025-07-11T09:07:11.9930504Z Downloading cryptography-45.0.5-cp37-abi3-manylinux_2_34_x86_64.whl (4.4 MB)
test-count-verification	Install dependencies	2025-07-11T09:07:12.0355254Z    ━━━━━━━━━━━━━━━━━━━━━━━━━━━━━━━━━━━━━━━━ 4.4/4.4 MB 107.9 MB/s eta 0:00:00
test-count-verification	Install dependencies	2025-07-11T09:07:12.0505160Z Downloading decorator-5.2.1-py3-none-any.whl (9.2 kB)
test-count-verification	Install dependencies	2025-07-11T09:07:12.0666352Z Downloading Deprecated-1.2.18-py2.py3-none-any.whl (10.0 kB)
test-count-verification	Install dependencies	2025-07-11T09:07:12.0825515Z Downloading wrapt-1.17.2-cp310-cp310-manylinux_2_5_x86_64.manylinux1_x86_64.manylinux_2_17_x86_64.manylinux2014_x86_64.whl (82 kB)
test-count-verification	Install dependencies	2025-07-11T09:07:12.0992330Z Downloading distro-1.9.0-py3-none-any.whl (20 kB)
test-count-verification	Install dependencies	2025-07-11T09:07:12.1152363Z Downloading docstring_parser-0.16-py3-none-any.whl (36 kB)
test-count-verification	Install dependencies	2025-07-11T09:07:12.1309452Z Downloading ecdsa-0.19.1-py2.py3-none-any.whl (150 kB)
test-count-verification	Install dependencies	2025-07-11T09:07:12.1506493Z Downloading execnet-2.1.1-py3-none-any.whl (40 kB)
test-count-verification	Install dependencies	2025-07-11T09:07:12.1678728Z Downloading faiss_cpu-1.11.0-cp310-cp310-manylinux_2_28_x86_64.whl (31.3 MB)
test-count-verification	Install dependencies	2025-07-11T09:07:12.3196273Z    ━━━━━━━━━━━━━━━━━━━━━━━━━━━━━━━━━━━━━━━━ 31.3/31.3 MB 209.1 MB/s eta 0:00:00
test-count-verification	Install dependencies	2025-07-11T09:07:12.3335584Z Downloading numpy-2.2.6-cp310-cp310-manylinux_2_17_x86_64.manylinux2014_x86_64.whl (16.8 MB)
test-count-verification	Install dependencies	2025-07-11T09:07:12.4176464Z    ━━━━━━━━━━━━━━━━━━━━━━━━━━━━━━━━━━━━━━━━ 16.8/16.8 MB 203.8 MB/s eta 0:00:00
test-count-verification	Install dependencies	2025-07-11T09:07:12.4314537Z Downloading fastapi-0.115.12-py3-none-any.whl (95 kB)
test-count-verification	Install dependencies	2025-07-11T09:07:12.4472842Z Downloading pydantic-2.11.5-py3-none-any.whl (444 kB)
test-count-verification	Install dependencies	2025-07-11T09:07:12.4650647Z Downloading starlette-0.46.2-py3-none-any.whl (72 kB)
test-count-verification	Install dependencies	2025-07-11T09:07:12.4814687Z Downloading flask-3.1.1-py3-none-any.whl (103 kB)
test-count-verification	Install dependencies	2025-07-11T09:07:12.4980737Z Downloading google_api_core-2.24.2-py3-none-any.whl (160 kB)
test-count-verification	Install dependencies	2025-07-11T09:07:12.5149872Z Downloading google_auth-2.40.2-py2.py3-none-any.whl (216 kB)
test-count-verification	Install dependencies	2025-07-11T09:07:12.5313834Z Downloading googleapis_common_protos-1.70.0-py3-none-any.whl (294 kB)
test-count-verification	Install dependencies	2025-07-11T09:07:12.5479805Z Downloading proto_plus-1.26.1-py3-none-any.whl (50 kB)
test-count-verification	Install dependencies	2025-07-11T09:07:12.5637517Z Downloading protobuf-5.29.5-cp38-abi3-manylinux2014_x86_64.whl (319 kB)
test-count-verification	Install dependencies	2025-07-11T09:07:12.5807021Z Downloading requests-2.32.3-py3-none-any.whl (64 kB)
test-count-verification	Install dependencies	2025-07-11T09:07:12.5962849Z Downloading idna-3.10-py3-none-any.whl (70 kB)
test-count-verification	Install dependencies	2025-07-11T09:07:12.6125570Z Downloading rsa-4.9.1-py3-none-any.whl (34 kB)
test-count-verification	Install dependencies	2025-07-11T09:07:12.6282108Z Downloading urllib3-2.4.0-py3-none-any.whl (128 kB)
test-count-verification	Install dependencies	2025-07-11T09:07:12.6447157Z Downloading google_api_python_client-2.170.0-py3-none-any.whl (13.5 MB)
test-count-verification	Install dependencies	2025-07-11T09:07:12.7148991Z    ━━━━━━━━━━━━━━━━━━━━━━━━━━━━━━━━━━━━━━━━ 13.5/13.5 MB 196.9 MB/s eta 0:00:00
test-count-verification	Install dependencies	2025-07-11T09:07:12.7288306Z Downloading google_auth_httplib2-0.2.0-py2.py3-none-any.whl (9.3 kB)
test-count-verification	Install dependencies	2025-07-11T09:07:12.7443237Z Downloading httplib2-0.22.0-py3-none-any.whl (96 kB)
test-count-verification	Install dependencies	2025-07-11T09:07:12.7603218Z Downloading pyparsing-3.2.3-py3-none-any.whl (111 kB)
test-count-verification	Install dependencies	2025-07-11T09:07:12.7765941Z Downloading uritemplate-4.1.1-py2.py3-none-any.whl (10 kB)
test-count-verification	Install dependencies	2025-07-11T09:07:12.7930549Z Downloading google_auth_oauthlib-1.2.2-py3-none-any.whl (19 kB)
test-count-verification	Install dependencies	2025-07-11T09:07:12.8091871Z Downloading google_cloud_aiplatform-1.95.1-py2.py3-none-any.whl (7.7 MB)
test-count-verification	Install dependencies	2025-07-11T09:07:12.8613241Z    ━━━━━━━━━━━━━━━━━━━━━━━━━━━━━━━━━━━━━━━━ 7.7/7.7 MB 150.3 MB/s eta 0:00:00
test-count-verification	Install dependencies	2025-07-11T09:07:12.8761799Z Downloading google_cloud_bigquery-3.34.0-py3-none-any.whl (253 kB)
test-count-verification	Install dependencies	2025-07-11T09:07:12.8935207Z Downloading google_cloud_core-2.4.3-py2.py3-none-any.whl (29 kB)
test-count-verification	Install dependencies	2025-07-11T09:07:12.9092766Z Downloading google_cloud_resource_manager-1.14.2-py3-none-any.whl (394 kB)
test-count-verification	Install dependencies	2025-07-11T09:07:12.9268862Z Downloading google_cloud_storage-2.19.0-py2.py3-none-any.whl (131 kB)
test-count-verification	Install dependencies	2025-07-11T09:07:12.9431003Z Downloading google_crc32c-1.7.1-cp310-cp310-manylinux_2_17_x86_64.manylinux2014_x86_64.whl (38 kB)
test-count-verification	Install dependencies	2025-07-11T09:07:12.9600314Z Downloading google_genai-1.18.0-py3-none-any.whl (199 kB)
test-count-verification	Install dependencies	2025-07-11T09:07:12.9768544Z Downloading google_resumable_media-2.7.2-py2.py3-none-any.whl (81 kB)
test-count-verification	Install dependencies	2025-07-11T09:07:12.9932749Z Downloading grpc_google_iam_v1-0.14.2-py3-none-any.whl (19 kB)
test-count-verification	Install dependencies	2025-07-11T09:07:13.0096778Z Downloading grpcio-1.71.0-cp310-cp310-manylinux_2_17_x86_64.manylinux2014_x86_64.whl (5.9 MB)
test-count-verification	Install dependencies	2025-07-11T09:07:13.0503018Z    ━━━━━━━━━━━━━━━━━━━━━━━━━━━━━━━━━━━━━━━━ 5.9/5.9 MB 155.6 MB/s eta 0:00:00
test-count-verification	Install dependencies	2025-07-11T09:07:13.0641942Z Downloading httpx-0.28.1-py3-none-any.whl (73 kB)
test-count-verification	Install dependencies	2025-07-11T09:07:13.0805216Z Downloading httpcore-1.0.9-py3-none-any.whl (78 kB)
test-count-verification	Install dependencies	2025-07-11T09:07:13.0969023Z Downloading python_dateutil-2.9.0.post0-py2.py3-none-any.whl (229 kB)
test-count-verification	Install dependencies	2025-07-11T09:07:13.1159805Z Downloading shapely-2.1.1-cp310-cp310-manylinux_2_17_x86_64.manylinux2014_x86_64.whl (3.1 MB)
test-count-verification	Install dependencies	2025-07-11T09:07:13.1380572Z    ━━━━━━━━━━━━━━━━━━━━━━━━━━━━━━━━━━━━━━━━ 3.1/3.1 MB 144.5 MB/s eta 0:00:00
test-count-verification	Install dependencies	2025-07-11T09:07:13.1518602Z Downloading typing_extensions-4.13.2-py3-none-any.whl (45 kB)
test-count-verification	Install dependencies	2025-07-11T09:07:13.1685182Z Downloading websockets-15.0.1-cp310-cp310-manylinux_2_5_x86_64.manylinux1_x86_64.manylinux_2_17_x86_64.manylinux2014_x86_64.whl (181 kB)
test-count-verification	Install dependencies	2025-07-11T09:07:13.1849533Z Downloading google_cloud_appengine_logging-1.6.2-py3-none-any.whl (16 kB)
test-count-verification	Install dependencies	2025-07-11T09:07:13.2026156Z Downloading google_cloud_audit_log-0.3.2-py3-none-any.whl (32 kB)
test-count-verification	Install dependencies	2025-07-11T09:07:13.2190344Z Downloading google_cloud_billing-1.16.3-py3-none-any.whl (115 kB)
test-count-verification	Install dependencies	2025-07-11T09:07:13.2354308Z Downloading google_cloud_billing_budgets-1.17.2-py3-none-any.whl (107 kB)
test-count-verification	Install dependencies	2025-07-11T09:07:13.2546365Z Downloading google_cloud_firestore-2.20.2-py3-none-any.whl (358 kB)
test-count-verification	Install dependencies	2025-07-11T09:07:13.2720702Z Downloading google_cloud_logging-3.12.1-py2.py3-none-any.whl (229 kB)
test-count-verification	Install dependencies	2025-07-11T09:07:13.2889917Z Downloading google_cloud_pubsub-2.31.0-py3-none-any.whl (319 kB)
test-count-verification	Install dependencies	2025-07-11T09:07:13.3061387Z Downloading google_cloud_run-0.10.18-py3-none-any.whl (333 kB)
test-count-verification	Install dependencies	2025-07-11T09:07:13.3240881Z Downloading google_cloud_secret_manager-2.24.0-py3-none-any.whl (218 kB)
test-count-verification	Install dependencies	2025-07-11T09:07:13.3451851Z Downloading grpcio_status-1.71.0-py3-none-any.whl (14 kB)
test-count-verification	Install dependencies	2025-07-11T09:07:13.3616547Z Downloading gunicorn-23.0.0-py3-none-any.whl (85 kB)
test-count-verification	Install dependencies	2025-07-11T09:07:13.3788817Z Downloading h11-0.16.0-py3-none-any.whl (37 kB)
test-count-verification	Install dependencies	2025-07-11T09:07:13.3951881Z Downloading h2-4.2.0-py3-none-any.whl (60 kB)
test-count-verification	Install dependencies	2025-07-11T09:07:13.4127718Z Downloading hpack-4.1.0-py3-none-any.whl (34 kB)
test-count-verification	Install dependencies	2025-07-11T09:07:13.4290229Z Downloading hyperframe-6.1.0-py3-none-any.whl (13 kB)
test-count-verification	Install dependencies	2025-07-11T09:07:13.4450229Z Downloading importlib_metadata-8.7.0-py3-none-any.whl (27 kB)
test-count-verification	Install dependencies	2025-07-11T09:07:13.4614549Z Downloading itsdangerous-2.2.0-py3-none-any.whl (16 kB)
test-count-verification	Install dependencies	2025-07-11T09:07:13.4780666Z Downloading jinja2-3.1.6-py3-none-any.whl (134 kB)
test-count-verification	Install dependencies	2025-07-11T09:07:13.4964463Z Downloading jiter-0.10.0-cp310-cp310-manylinux_2_17_x86_64.manylinux2014_x86_64.whl (352 kB)
test-count-verification	Install dependencies	2025-07-11T09:07:13.5166156Z Downloading joblib-1.5.1-py3-none-any.whl (307 kB)
test-count-verification	Install dependencies	2025-07-11T09:07:13.5383243Z Downloading jsonpatch-1.33-py2.py3-none-any.whl (12 kB)
test-count-verification	Install dependencies	2025-07-11T09:07:13.5556103Z Downloading jsonpointer-3.0.0-py2.py3-none-any.whl (7.6 kB)
test-count-verification	Install dependencies	2025-07-11T09:07:13.5743949Z Downloading langchain_core-0.3.63-py3-none-any.whl (438 kB)
test-count-verification	Install dependencies	2025-07-11T09:07:13.5966210Z Downloading langsmith-0.3.43-py3-none-any.whl (361 kB)
test-count-verification	Install dependencies	2025-07-11T09:07:13.6158309Z Downloading orjson-3.10.18-cp310-cp310-manylinux_2_17_x86_64.manylinux2014_x86_64.whl (132 kB)
test-count-verification	Install dependencies	2025-07-11T09:07:13.6333950Z Downloading packaging-24.2-py3-none-any.whl (65 kB)
test-count-verification	Install dependencies	2025-07-11T09:07:13.6517732Z Downloading requests_toolbelt-1.0.0-py2.py3-none-any.whl (54 kB)
test-count-verification	Install dependencies	2025-07-11T09:07:13.6704615Z Downloading tenacity-9.1.2-py3-none-any.whl (28 kB)
test-count-verification	Install dependencies	2025-07-11T09:07:13.6868360Z Downloading zstandard-0.23.0-cp310-cp310-manylinux_2_17_x86_64.manylinux2014_x86_64.whl (5.4 MB)
test-count-verification	Install dependencies	2025-07-11T09:07:13.7249815Z    ━━━━━━━━━━━━━━━━━━━━━━━━━━━━━━━━━━━━━━━━ 5.4/5.4 MB 147.6 MB/s eta 0:00:00
test-count-verification	Install dependencies	2025-07-11T09:07:13.7398509Z Downloading langchain_openai-0.3.18-py3-none-any.whl (63 kB)
test-count-verification	Install dependencies	2025-07-11T09:07:13.7576653Z Downloading openai-1.82.1-py3-none-any.whl (720 kB)
test-count-verification	Install dependencies	2025-07-11T09:07:13.7652394Z    ━━━━━━━━━━━━━━━━━━━━━━━━━━━━━━━━━━━━━━━━ 720.5/720.5 kB 98.2 MB/s eta 0:00:00
test-count-verification	Install dependencies	2025-07-11T09:07:13.7794056Z Downloading tiktoken-0.9.0-cp310-cp310-manylinux_2_17_x86_64.manylinux2014_x86_64.whl (1.2 MB)
test-count-verification	Install dependencies	2025-07-11T09:07:13.7892491Z    ━━━━━━━━━━━━━━━━━━━━━━━━━━━━━━━━━━━━━━━━ 1.2/1.2 MB 132.3 MB/s eta 0:00:00
test-count-verification	Install dependencies	2025-07-11T09:07:13.8031388Z Downloading limits-5.4.0-py3-none-any.whl (60 kB)
test-count-verification	Install dependencies	2025-07-11T09:07:13.8196158Z Downloading MarkupSafe-3.0.2-cp310-cp310-manylinux_2_17_x86_64.manylinux2014_x86_64.whl (20 kB)
test-count-verification	Install dependencies	2025-07-11T09:07:13.8361220Z Downloading oauthlib-3.2.2-py3-none-any.whl (151 kB)
test-count-verification	Install dependencies	2025-07-11T09:07:13.8533244Z Downloading opentelemetry_api-1.34.1-py3-none-any.whl (65 kB)
test-count-verification	Install dependencies	2025-07-11T09:07:13.8701674Z Downloading opentelemetry_sdk-1.34.1-py3-none-any.whl (118 kB)
test-count-verification	Install dependencies	2025-07-11T09:07:13.8867419Z Downloading opentelemetry_semantic_conventions-0.55b1-py3-none-any.whl (196 kB)
test-count-verification	Install dependencies	2025-07-11T09:07:13.9032176Z Downloading passlib-1.7.4-py2.py3-none-any.whl (525 kB)
test-count-verification	Install dependencies	2025-07-11T09:07:13.9100025Z    ━━━━━━━━━━━━━━━━━━━━━━━━━━━━━━━━━━━━━━━━ 525.6/525.6 kB 70.9 MB/s eta 0:00:00
test-count-verification	Install dependencies	2025-07-11T09:07:13.9239346Z Downloading portalocker-2.10.1-py3-none-any.whl (18 kB)
test-count-verification	Install dependencies	2025-07-11T09:07:13.9421592Z Downloading prometheus_client-0.22.0-py3-none-any.whl (62 kB)
test-count-verification	Install dependencies	2025-07-11T09:07:13.9590005Z Downloading psutil-7.0.0-cp36-abi3-manylinux_2_12_x86_64.manylinux2010_x86_64.manylinux_2_17_x86_64.manylinux2014_x86_64.whl (277 kB)
test-count-verification	Install dependencies	2025-07-11T09:07:13.9760275Z Downloading py-1.11.0-py2.py3-none-any.whl (98 kB)
test-count-verification	Install dependencies	2025-07-11T09:07:13.9923551Z Downloading pyasn1-0.6.1-py3-none-any.whl (83 kB)
test-count-verification	Install dependencies	2025-07-11T09:07:14.0085675Z Downloading pyasn1_modules-0.4.2-py3-none-any.whl (181 kB)
test-count-verification	Install dependencies	2025-07-11T09:07:14.0252189Z Downloading pycparser-2.22-py3-none-any.whl (117 kB)
test-count-verification	Install dependencies	2025-07-11T09:07:14.0416816Z Downloading pydantic_core-2.33.2-cp310-cp310-manylinux_2_17_x86_64.manylinux2014_x86_64.whl (2.0 MB)
test-count-verification	Install dependencies	2025-07-11T09:07:14.0613775Z    ━━━━━━━━━━━━━━━━━━━━━━━━━━━━━━━━━━━━━━━━ 2.0/2.0 MB 104.3 MB/s eta 0:00:00
test-count-verification	Install dependencies	2025-07-11T09:07:14.0761900Z Downloading pytest-8.3.5-py3-none-any.whl (343 kB)
test-count-verification	Install dependencies	2025-07-11T09:07:14.0937363Z Downloading pytest_randomly-3.16.0-py3-none-any.whl (8.4 kB)
test-count-verification	Install dependencies	2025-07-11T09:07:14.1098867Z Downloading pytest_rerunfailures-15.1-py3-none-any.whl (13 kB)
test-count-verification	Install dependencies	2025-07-11T09:07:14.1258267Z Downloading pytest_xdist-3.8.0-py3-none-any.whl (46 kB)
test-count-verification	Install dependencies	2025-07-11T09:07:14.1428003Z Downloading python_dotenv-1.1.0-py3-none-any.whl (20 kB)
test-count-verification	Install dependencies	2025-07-11T09:07:14.1584810Z Downloading python_jose-3.5.0-py2.py3-none-any.whl (34 kB)
test-count-verification	Install dependencies	2025-07-11T09:07:14.1753657Z Downloading python_multipart-0.0.20-py3-none-any.whl (24 kB)
test-count-verification	Install dependencies	2025-07-11T09:07:14.1914105Z Downloading PyYAML-6.0.2-cp310-cp310-manylinux_2_17_x86_64.manylinux2014_x86_64.whl (751 kB)
test-count-verification	Install dependencies	2025-07-11T09:07:14.1990520Z    ━━━━━━━━━━━━━━━━━━━━━━━━━━━━━━━━━━━━━━━ 751.2/751.2 kB 105.4 MB/s eta 0:00:00
test-count-verification	Install dependencies	2025-07-11T09:07:14.2136649Z Downloading qdrant_client-1.14.2-py3-none-any.whl (327 kB)
test-count-verification	Install dependencies	2025-07-11T09:07:14.2313897Z Downloading regex-2024.11.6-cp310-cp310-manylinux_2_17_x86_64.manylinux2014_x86_64.whl (781 kB)
test-count-verification	Install dependencies	2025-07-11T09:07:14.2392849Z    ━━━━━━━━━━━━━━━━━━━━━━━━━━━━━━━━━━━━━━━ 781.7/781.7 kB 108.2 MB/s eta 0:00:00
test-count-verification	Install dependencies	2025-07-11T09:07:14.2535120Z Downloading requests_oauthlib-2.0.0-py2.py3-none-any.whl (24 kB)
test-count-verification	Install dependencies	2025-07-11T09:07:14.2698343Z Downloading retry-0.9.2-py2.py3-none-any.whl (8.0 kB)
test-count-verification	Install dependencies	2025-07-11T09:07:14.2895536Z Downloading scikit_learn-1.6.1-cp310-cp310-manylinux_2_17_x86_64.manylinux2014_x86_64.whl (13.5 MB)
test-count-verification	Install dependencies	2025-07-11T09:07:14.3583338Z    ━━━━━━━━━━━━━━━━━━━━━━━━━━━━━━━━━━━━━━━━ 13.5/13.5 MB 202.4 MB/s eta 0:00:00
test-count-verification	Install dependencies	2025-07-11T09:07:14.3726039Z Downloading scipy-1.15.3-cp310-cp310-manylinux_2_17_x86_64.manylinux2014_x86_64.whl (37.7 MB)
test-count-verification	Install dependencies	2025-07-11T09:07:14.5544378Z    ━━━━━━━━━━━━━━━━━━━━━━━━━━━━━━━━━━━━━━━━ 37.7/37.7 MB 209.2 MB/s eta 0:00:00
test-count-verification	Install dependencies	2025-07-11T09:07:14.5685563Z Downloading six-1.17.0-py2.py3-none-any.whl (11 kB)
test-count-verification	Install dependencies	2025-07-11T09:07:14.5847460Z Downloading slowapi-0.1.9-py3-none-any.whl (14 kB)
test-count-verification	Install dependencies	2025-07-11T09:07:14.6049425Z Downloading sniffio-1.3.1-py3-none-any.whl (10 kB)
test-count-verification	Install dependencies	2025-07-11T09:07:14.6210911Z Downloading threadpoolctl-3.6.0-py3-none-any.whl (18 kB)
test-count-verification	Install dependencies	2025-07-11T09:07:14.6377076Z Downloading tqdm-4.67.1-py3-none-any.whl (78 kB)
test-count-verification	Install dependencies	2025-07-11T09:07:14.6539933Z Downloading typing_inspection-0.4.1-py3-none-any.whl (14 kB)
test-count-verification	Install dependencies	2025-07-11T09:07:14.6702097Z Downloading uvicorn-0.34.3-py3-none-any.whl (62 kB)
test-count-verification	Install dependencies	2025-07-11T09:07:14.6867975Z Downloading werkzeug-3.1.3-py3-none-any.whl (224 kB)
test-count-verification	Install dependencies	2025-07-11T09:07:14.7050990Z Downloading zipp-3.23.0-py3-none-any.whl (10 kB)
test-count-verification	Install dependencies	2025-07-11T09:07:14.7214464Z Downloading functions_framework-3.8.3-py3-none-any.whl (36 kB)
test-count-verification	Install dependencies	2025-07-11T09:07:14.7391144Z Downloading cloudevents-1.12.0-py3-none-any.whl (55 kB)
test-count-verification	Install dependencies	2025-07-11T09:07:14.7550287Z Downloading deprecation-2.1.0-py2.py3-none-any.whl (11 kB)
test-count-verification	Install dependencies	2025-07-11T09:07:14.7706918Z Downloading watchdog-6.0.0-py3-none-manylinux2014_x86_64.whl (79 kB)
test-count-verification	Install dependencies	2025-07-11T09:07:15.4307703Z Installing collected packages: passlib, zstandard, zipp, wrapt, websockets, watchdog, urllib3, uritemplate, typing_extensions, tqdm, threadpoolctl, tenacity, sniffio, six, regex, PyYAML, python-multipart, python-dotenv, pyparsing, pycparser, pyasn1, py, psutil, protobuf, prometheus_client, portalocker, packaging, orjson, oauthlib, numpy, MarkupSafe, jsonpointer, joblib, jiter, itsdangerous, idna, hyperframe, hpack, h11, grpcio, google-crc32c, execnet, docstring_parser, distro, decorator, click, charset-normalizer, certifi, cachetools, blinker, annotated-types, Werkzeug, uvicorn, typing-inspection, shapely, scipy, rsa, retry, requests, python-dateutil, pydantic_core, pyasn1_modules, proto-plus, jsonpatch, Jinja2, importlib_metadata, httplib2, httpcore, h2, gunicorn, googleapis-common-protos, google-resumable-media, faiss-cpu, ecdsa, deprecation, Deprecated, cffi, tiktoken, scikit-learn, requests-toolbelt, requests-oauthlib, python-jose, pytest, pydantic, opentelemetry-api, limits, grpcio-status, google-cloud-audit-log, google-auth, Flask, cryptography, cloudevents, anyio, starlette, slowapi, pytest-xdist, pytest-rerunfailures, pytest-randomly, opentelemetry-semantic-conventions, httpx, grpc-google-iam-v1, google-auth-oauthlib, google-auth-httplib2, google-api-core, functions-framework, opentelemetry-sdk, openai, langsmith, google-genai, google-cloud-core, google-api-python-client, fastapi, qdrant-client, langchain-core, google-cloud-storage, google-cloud-secret-manager, google-cloud-run, google-cloud-resource-manager, google-cloud-pubsub, google-cloud-firestore, google-cloud-billing-budgets, google-cloud-billing, google-cloud-bigquery, google-cloud-appengine-logging, langchain-openai, google-cloud-logging, google-cloud-aiplatform
test-count-verification	Install dependencies	2025-07-11T09:07:15.9964188Z   Attempting uninstall: typing_extensions
test-count-verification	Install dependencies	2025-07-11T09:07:15.9971543Z     Found existing installation: typing_extensions 4.14.1
test-count-verification	Install dependencies	2025-07-11T09:07:15.9989297Z     Uninstalling typing_extensions-4.14.1:
test-count-verification	Install dependencies	2025-07-11T09:07:16.0137090Z       Successfully uninstalled typing_extensions-4.14.1
test-count-verification	Install dependencies	2025-07-11T09:07:16.8470273Z   Attempting uninstall: packaging
test-count-verification	Install dependencies	2025-07-11T09:07:16.8475153Z     Found existing installation: packaging 25.0
test-count-verification	Install dependencies	2025-07-11T09:07:16.8505529Z     Uninstalling packaging-25.0:
test-count-verification	Install dependencies	2025-07-11T09:07:16.8514901Z       Successfully uninstalled packaging-25.0
test-count-verification	Install dependencies	2025-07-11T09:07:26.3741447Z   Attempting uninstall: pytest
test-count-verification	Install dependencies	2025-07-11T09:07:26.3748289Z     Found existing installation: pytest 8.4.1
test-count-verification	Install dependencies	2025-07-11T09:07:26.3834715Z     Uninstalling pytest-8.4.1:
test-count-verification	Install dependencies	2025-07-11T09:07:26.4403602Z       Successfully uninstalled pytest-8.4.1
test-count-verification	Install dependencies	2025-07-11T09:07:35.9298875Z
test-count-verification	Install dependencies	2025-07-11T09:07:35.9506912Z Successfully installed Deprecated-1.2.18 Flask-3.1.1 Jinja2-3.1.6 MarkupSafe-3.0.2 PyYAML-6.0.2 Werkzeug-3.1.3 annotated-types-0.7.0 anyio-4.9.0 blinker-1.9.0 cachetools-5.5.2 certifi-2025.4.26 cffi-1.17.1 charset-normalizer-3.4.2 click-8.2.1 cloudevents-1.12.0 cryptography-45.0.5 decorator-5.2.1 deprecation-2.1.0 distro-1.9.0 docstring_parser-0.16 ecdsa-0.19.1 execnet-2.1.1 faiss-cpu-1.11.0 fastapi-0.115.12 functions-framework-3.8.3 google-api-core-2.24.2 google-api-python-client-2.170.0 google-auth-2.40.2 google-auth-httplib2-0.2.0 google-auth-oauthlib-1.2.2 google-cloud-aiplatform-1.95.1 google-cloud-appengine-logging-1.6.2 google-cloud-audit-log-0.3.2 google-cloud-bigquery-3.34.0 google-cloud-billing-1.16.3 google-cloud-billing-budgets-1.17.2 google-cloud-core-2.4.3 google-cloud-firestore-2.20.2 google-cloud-logging-3.12.1 google-cloud-pubsub-2.31.0 google-cloud-resource-manager-1.14.2 google-cloud-run-0.10.18 google-cloud-secret-manager-2.24.0 google-cloud-storage-2.19.0 google-crc32c-1.7.1 google-genai-1.18.0 google-resumable-media-2.7.2 googleapis-common-protos-1.70.0 grpc-google-iam-v1-0.14.2 grpcio-1.71.0 grpcio-status-1.71.0 gunicorn-23.0.0 h11-0.16.0 h2-4.2.0 hpack-4.1.0 httpcore-1.0.9 httplib2-0.22.0 httpx-0.28.1 hyperframe-6.1.0 idna-3.10 importlib_metadata-8.7.0 itsdangerous-2.2.0 jiter-0.10.0 joblib-1.5.1 jsonpatch-1.33 jsonpointer-3.0.0 langchain-core-0.3.63 langchain-openai-0.3.18 langsmith-0.3.43 limits-5.4.0 numpy-2.2.6 oauthlib-3.2.2 openai-1.82.1 opentelemetry-api-1.34.1 opentelemetry-sdk-1.34.1 opentelemetry-semantic-conventions-0.55b1 orjson-3.10.18 packaging-24.2 passlib-1.7.4 portalocker-2.10.1 prometheus_client-0.22.0 proto-plus-1.26.1 protobuf-5.29.5 psutil-7.0.0 py-1.11.0 pyasn1-0.6.1 pyasn1_modules-0.4.2 pycparser-2.22 pydantic-2.11.5 pydantic_core-2.33.2 pyparsing-3.2.3 pytest-8.3.5 pytest-randomly-3.16.0 pytest-rerunfailures-15.1 pytest-xdist-3.8.0 python-dateutil-2.9.0.post0 python-dotenv-1.1.0 python-jose-3.5.0 python-multipart-0.0.20 qdrant-client-1.14.2 regex-2024.11.6 requests-2.32.3 requests-oauthlib-2.0.0 requests-toolbelt-1.0.0 retry-0.9.2 rsa-4.9.1 scikit-learn-1.6.1 scipy-1.15.3 shapely-2.1.1 six-1.17.0 slowapi-0.1.9 sniffio-1.3.1 starlette-0.46.2 tenacity-9.1.2 threadpoolctl-3.6.0 tiktoken-0.9.0 tqdm-4.67.1 typing-inspection-0.4.1 typing_extensions-4.13.2 uritemplate-4.1.1 urllib3-2.4.0 uvicorn-0.34.3 watchdog-6.0.0 websockets-15.0.1 wrapt-1.17.2 zipp-3.23.0 zstandard-0.23.0
test-count-verification	Install dependencies	2025-07-11T09:07:37.1216304Z Installing package in development mode for proper test discovery...
test-count-verification	Install dependencies	2025-07-11T09:07:37.5180561Z Obtaining file:///home/runner/work/agent-data/agent-data
test-count-verification	Install dependencies	2025-07-11T09:07:37.5209300Z   Installing build dependencies: started
test-count-verification	Install dependencies	2025-07-11T09:07:38.8974077Z   Installing build dependencies: finished with status 'done'
test-count-verification	Install dependencies	2025-07-11T09:07:38.8982126Z   Checking if build backend supports build_editable: started
test-count-verification	Install dependencies	2025-07-11T09:07:39.1949496Z   Checking if build backend supports build_editable: finished with status 'done'
test-count-verification	Install dependencies	2025-07-11T09:07:39.1958364Z   Getting requirements to build editable: started
test-count-verification	Install dependencies	2025-07-11T09:07:39.5181959Z   Getting requirements to build editable: finished with status 'done'
test-count-verification	Install dependencies	2025-07-11T09:07:39.5191986Z   Preparing editable metadata (pyproject.toml): started
test-count-verification	Install dependencies	2025-07-11T09:07:39.7151369Z   Preparing editable metadata (pyproject.toml): finished with status 'done'
test-count-verification	Install dependencies	2025-07-11T09:07:39.7330140Z Requirement already satisfied: flask in /opt/hostedtoolcache/Python/3.10.18/x64/lib/python3.10/site-packages (from agent_data_manager==0.1.0) (3.1.1)
test-count-verification	Install dependencies	2025-07-11T09:07:39.7335024Z Requirement already satisfied: google-cloud-storage in /opt/hostedtoolcache/Python/3.10.18/x64/lib/python3.10/site-packages (from agent_data_manager==0.1.0) (2.19.0)
test-count-verification	Install dependencies	2025-07-11T09:07:39.7339811Z Requirement already satisfied: google-cloud-firestore in /opt/hostedtoolcache/Python/3.10.18/x64/lib/python3.10/site-packages (from agent_data_manager==0.1.0) (2.20.2)
test-count-verification	Install dependencies	2025-07-11T09:07:39.7345738Z Requirement already satisfied: google-cloud-aiplatform>=1.40.0 in /opt/hostedtoolcache/Python/3.10.18/x64/lib/python3.10/site-packages (from agent_data_manager==0.1.0) (1.95.1)
test-count-verification	Install dependencies	2025-07-11T09:07:39.7350163Z Requirement already satisfied: google-api-python-client in /opt/hostedtoolcache/Python/3.10.18/x64/lib/python3.10/site-packages (from agent_data_manager==0.1.0) (2.170.0)
test-count-verification	Install dependencies	2025-07-11T09:07:39.7354422Z Requirement already satisfied: google-auth-httplib2 in /opt/hostedtoolcache/Python/3.10.18/x64/lib/python3.10/site-packages (from agent_data_manager==0.1.0) (0.2.0)
test-count-verification	Install dependencies	2025-07-11T09:07:39.7359045Z Requirement already satisfied: google-auth-oauthlib in /opt/hostedtoolcache/Python/3.10.18/x64/lib/python3.10/site-packages (from agent_data_manager==0.1.0) (1.2.2)
test-count-verification	Install dependencies	2025-07-11T09:07:39.7363143Z Requirement already satisfied: faiss-cpu in /opt/hostedtoolcache/Python/3.10.18/x64/lib/python3.10/site-packages (from agent_data_manager==0.1.0) (1.11.0)
test-count-verification	Install dependencies	2025-07-11T09:07:39.7367751Z Requirement already satisfied: fastapi in /opt/hostedtoolcache/Python/3.10.18/x64/lib/python3.10/site-packages (from agent_data_manager==0.1.0) (0.115.12)
test-count-verification	Install dependencies	2025-07-11T09:07:39.7372046Z Requirement already satisfied: uvicorn in /opt/hostedtoolcache/Python/3.10.18/x64/lib/python3.10/site-packages (from agent_data_manager==0.1.0) (0.34.3)
test-count-verification	Install dependencies	2025-07-11T09:07:39.7376512Z Requirement already satisfied: python-dotenv in /opt/hostedtoolcache/Python/3.10.18/x64/lib/python3.10/site-packages (from agent_data_manager==0.1.0) (1.1.0)
test-count-verification	Install dependencies	2025-07-11T09:07:39.7380684Z Requirement already satisfied: gunicorn in /opt/hostedtoolcache/Python/3.10.18/x64/lib/python3.10/site-packages (from agent_data_manager==0.1.0) (23.0.0)
test-count-verification	Install dependencies	2025-07-11T09:07:39.7384877Z Requirement already satisfied: scikit-learn in /opt/hostedtoolcache/Python/3.10.18/x64/lib/python3.10/site-packages (from agent_data_manager==0.1.0) (1.6.1)
test-count-verification	Install dependencies	2025-07-11T09:07:39.7389288Z Requirement already satisfied: openai in /opt/hostedtoolcache/Python/3.10.18/x64/lib/python3.10/site-packages (from agent_data_manager==0.1.0) (1.82.1)
test-count-verification	Install dependencies	2025-07-11T09:07:39.7394035Z Requirement already satisfied: numpy in /opt/hostedtoolcache/Python/3.10.18/x64/lib/python3.10/site-packages (from agent_data_manager==0.1.0) (2.2.6)
test-count-verification	Install dependencies	2025-07-11T09:07:39.7398618Z Requirement already satisfied: retry in /opt/hostedtoolcache/Python/3.10.18/x64/lib/python3.10/site-packages (from agent_data_manager==0.1.0) (0.9.2)
test-count-verification	Install dependencies	2025-07-11T09:07:39.7402853Z Requirement already satisfied: langchain-openai in /opt/hostedtoolcache/Python/3.10.18/x64/lib/python3.10/site-packages (from agent_data_manager==0.1.0) (0.3.18)
test-count-verification	Install dependencies	2025-07-11T09:07:39.7408559Z Requirement already satisfied: pytest>=7.0.0 in /opt/hostedtoolcache/Python/3.10.18/x64/lib/python3.10/site-packages (from agent_data_manager==0.1.0) (8.3.5)
test-count-verification	Install dependencies	2025-07-11T09:07:39.7414219Z Requirement already satisfied: pytest-mock>=3.0.0 in /opt/hostedtoolcache/Python/3.10.18/x64/lib/python3.10/site-packages (from agent_data_manager==0.1.0) (3.14.1)
test-count-verification	Install dependencies	2025-07-11T09:07:39.7419303Z Requirement already satisfied: prometheus_client in /opt/hostedtoolcache/Python/3.10.18/x64/lib/python3.10/site-packages (from agent_data_manager==0.1.0) (0.22.0)
test-count-verification	Install dependencies	2025-07-11T09:07:39.7424821Z Requirement already satisfied: pydantic==2.11.* in /opt/hostedtoolcache/Python/3.10.18/x64/lib/python3.10/site-packages (from agent_data_manager==0.1.0) (2.11.5)
test-count-verification	Install dependencies	2025-07-11T09:07:39.7430703Z Requirement already satisfied: qdrant-client==1.14.* in /opt/hostedtoolcache/Python/3.10.18/x64/lib/python3.10/site-packages (from agent_data_manager==0.1.0) (1.14.2)
test-count-verification	Install dependencies	2025-07-11T09:07:39.7435780Z Requirement already satisfied: passlib[bcrypt] in /opt/hostedtoolcache/Python/3.10.18/x64/lib/python3.10/site-packages (from agent_data_manager==0.1.0) (1.7.4)
test-count-verification	Install dependencies	2025-07-11T09:07:39.7441361Z Requirement already satisfied: python-jose[cryptography] in /opt/hostedtoolcache/Python/3.10.18/x64/lib/python3.10/site-packages (from agent_data_manager==0.1.0) (3.5.0)
test-count-verification	Install dependencies	2025-07-11T09:07:39.7445711Z Requirement already satisfied: python-multipart in /opt/hostedtoolcache/Python/3.10.18/x64/lib/python3.10/site-packages (from agent_data_manager==0.1.0) (0.0.20)
test-count-verification	Install dependencies	2025-07-11T09:07:39.7450524Z Requirement already satisfied: slowapi in /opt/hostedtoolcache/Python/3.10.18/x64/lib/python3.10/site-packages (from agent_data_manager==0.1.0) (0.1.9)
test-count-verification	Install dependencies	2025-07-11T09:07:39.7479605Z Requirement already satisfied: annotated-types>=0.6.0 in /opt/hostedtoolcache/Python/3.10.18/x64/lib/python3.10/site-packages (from pydantic==2.11.*->agent_data_manager==0.1.0) (0.7.0)
test-count-verification	Install dependencies	2025-07-11T09:07:39.7485190Z Requirement already satisfied: pydantic-core==2.33.2 in /opt/hostedtoolcache/Python/3.10.18/x64/lib/python3.10/site-packages (from pydantic==2.11.*->agent_data_manager==0.1.0) (2.33.2)
test-count-verification	Install dependencies	2025-07-11T09:07:39.7491129Z Requirement already satisfied: typing-extensions>=4.12.2 in /opt/hostedtoolcache/Python/3.10.18/x64/lib/python3.10/site-packages (from pydantic==2.11.*->agent_data_manager==0.1.0) (4.13.2)
test-count-verification	Install dependencies	2025-07-11T09:07:39.7496700Z Requirement already satisfied: typing-inspection>=0.4.0 in /opt/hostedtoolcache/Python/3.10.18/x64/lib/python3.10/site-packages (from pydantic==2.11.*->agent_data_manager==0.1.0) (0.4.1)
test-count-verification	Install dependencies	2025-07-11T09:07:39.7543084Z Requirement already satisfied: grpcio>=1.41.0 in /opt/hostedtoolcache/Python/3.10.18/x64/lib/python3.10/site-packages (from qdrant-client==1.14.*->agent_data_manager==0.1.0) (1.71.0)
test-count-verification	Install dependencies	2025-07-11T09:07:39.7552972Z Requirement already satisfied: httpx>=0.20.0 in /opt/hostedtoolcache/Python/3.10.18/x64/lib/python3.10/site-packages (from httpx[http2]>=0.20.0->qdrant-client==1.14.*->agent_data_manager==0.1.0) (0.28.1)
test-count-verification	Install dependencies	2025-07-11T09:07:39.7565514Z Requirement already satisfied: portalocker<3.0.0,>=2.7.0 in /opt/hostedtoolcache/Python/3.10.18/x64/lib/python3.10/site-packages (from qdrant-client==1.14.*->agent_data_manager==0.1.0) (2.10.1)
test-count-verification	Install dependencies	2025-07-11T09:07:39.7571238Z Requirement already satisfied: protobuf>=3.20.0 in /opt/hostedtoolcache/Python/3.10.18/x64/lib/python3.10/site-packages (from qdrant-client==1.14.*->agent_data_manager==0.1.0) (5.29.5)
test-count-verification	Install dependencies	2025-07-11T09:07:39.7581494Z Requirement already satisfied: urllib3<3,>=1.26.14 in /opt/hostedtoolcache/Python/3.10.18/x64/lib/python3.10/site-packages (from qdrant-client==1.14.*->agent_data_manager==0.1.0) (2.4.0)
test-count-verification	Install dependencies	2025-07-11T09:07:39.8863425Z Requirement already satisfied: google-api-core!=2.0.*,!=2.1.*,!=2.2.*,!=2.3.*,!=2.4.*,!=2.5.*,!=2.6.*,!=2.7.*,<3.0.0,>=1.34.1 in /opt/hostedtoolcache/Python/3.10.18/x64/lib/python3.10/site-packages (from google-api-core[grpc]!=2.0.*,!=2.1.*,!=2.2.*,!=2.3.*,!=2.4.*,!=2.5.*,!=2.6.*,!=2.7.*,<3.0.0,>=1.34.1->google-cloud-aiplatform>=1.40.0->agent_data_manager==0.1.0) (2.24.2)
test-count-verification	Install dependencies	2025-07-11T09:07:39.8876547Z Requirement already satisfied: google-auth<3.0.0,>=2.14.1 in /opt/hostedtoolcache/Python/3.10.18/x64/lib/python3.10/site-packages (from google-cloud-aiplatform>=1.40.0->agent_data_manager==0.1.0) (2.40.2)
test-count-verification	Install dependencies	2025-07-11T09:07:39.8883140Z Requirement already satisfied: proto-plus<2.0.0,>=1.22.3 in /opt/hostedtoolcache/Python/3.10.18/x64/lib/python3.10/site-packages (from google-cloud-aiplatform>=1.40.0->agent_data_manager==0.1.0) (1.26.1)
test-count-verification	Install dependencies	2025-07-11T09:07:39.8897618Z Requirement already satisfied: packaging>=14.3 in /opt/hostedtoolcache/Python/3.10.18/x64/lib/python3.10/site-packages (from google-cloud-aiplatform>=1.40.0->agent_data_manager==0.1.0) (24.2)
test-count-verification	Install dependencies	2025-07-11T09:07:39.8906840Z Requirement already satisfied: google-cloud-bigquery!=3.20.0,<4.0.0,>=1.15.0 in /opt/hostedtoolcache/Python/3.10.18/x64/lib/python3.10/site-packages (from google-cloud-aiplatform>=1.40.0->agent_data_manager==0.1.0) (3.34.0)
test-count-verification	Install dependencies	2025-07-11T09:07:39.8912832Z Requirement already satisfied: google-cloud-resource-manager<3.0.0,>=1.3.3 in /opt/hostedtoolcache/Python/3.10.18/x64/lib/python3.10/site-packages (from google-cloud-aiplatform>=1.40.0->agent_data_manager==0.1.0) (1.14.2)
test-count-verification	Install dependencies	2025-07-11T09:07:39.8918344Z Requirement already satisfied: shapely<3.0.0 in /opt/hostedtoolcache/Python/3.10.18/x64/lib/python3.10/site-packages (from google-cloud-aiplatform>=1.40.0->agent_data_manager==0.1.0) (2.1.1)
test-count-verification	Install dependencies	2025-07-11T09:07:39.8924263Z Requirement already satisfied: google-genai<2.0.0,>=1.0.0 in /opt/hostedtoolcache/Python/3.10.18/x64/lib/python3.10/site-packages (from google-cloud-aiplatform>=1.40.0->agent_data_manager==0.1.0) (1.18.0)
test-count-verification	Install dependencies	2025-07-11T09:07:39.8934725Z Requirement already satisfied: docstring-parser<1 in /opt/hostedtoolcache/Python/3.10.18/x64/lib/python3.10/site-packages (from google-cloud-aiplatform>=1.40.0->agent_data_manager==0.1.0) (0.16)
test-count-verification	Install dependencies	2025-07-11T09:07:39.8990966Z Requirement already satisfied: googleapis-common-protos<2.0.0,>=1.56.2 in /opt/hostedtoolcache/Python/3.10.18/x64/lib/python3.10/site-packages (from google-api-core!=2.0.*,!=2.1.*,!=2.2.*,!=2.3.*,!=2.4.*,!=2.5.*,!=2.6.*,!=2.7.*,<3.0.0,>=1.34.1->google-api-core[grpc]!=2.0.*,!=2.1.*,!=2.2.*,!=2.3.*,!=2.4.*,!=2.5.*,!=2.6.*,!=2.7.*,<3.0.0,>=1.34.1->google-cloud-aiplatform>=1.40.0->agent_data_manager==0.1.0) (1.70.0)
test-count-verification	Install dependencies	2025-07-11T09:07:39.9011200Z Requirement already satisfied: requests<3.0.0,>=2.18.0 in /opt/hostedtoolcache/Python/3.10.18/x64/lib/python3.10/site-packages (from google-api-core!=2.0.*,!=2.1.*,!=2.2.*,!=2.3.*,!=2.4.*,!=2.5.*,!=2.6.*,!=2.7.*,<3.0.0,>=1.34.1->google-api-core[grpc]!=2.0.*,!=2.1.*,!=2.2.*,!=2.3.*,!=2.4.*,!=2.5.*,!=2.6.*,!=2.7.*,<3.0.0,>=1.34.1->google-cloud-aiplatform>=1.40.0->agent_data_manager==0.1.0) (2.32.3)
test-count-verification	Install dependencies	2025-07-11T09:07:39.9051994Z Requirement already satisfied: grpcio-status<2.0.dev0,>=1.33.2 in /opt/hostedtoolcache/Python/3.10.18/x64/lib/python3.10/site-packages (from google-api-core[grpc]!=2.0.*,!=2.1.*,!=2.2.*,!=2.3.*,!=2.4.*,!=2.5.*,!=2.6.*,!=2.7.*,<3.0.0,>=1.34.1->google-cloud-aiplatform>=1.40.0->agent_data_manager==0.1.0) (1.71.0)
test-count-verification	Install dependencies	2025-07-11T09:07:39.9155534Z Requirement already satisfied: cachetools<6.0,>=2.0.0 in /opt/hostedtoolcache/Python/3.10.18/x64/lib/python3.10/site-packages (from google-auth<3.0.0,>=2.14.1->google-cloud-aiplatform>=1.40.0->agent_data_manager==0.1.0) (5.5.2)
test-count-verification	Install dependencies	2025-07-11T09:07:39.9162459Z Requirement already satisfied: pyasn1-modules>=0.2.1 in /opt/hostedtoolcache/Python/3.10.18/x64/lib/python3.10/site-packages (from google-auth<3.0.0,>=2.14.1->google-cloud-aiplatform>=1.40.0->agent_data_manager==0.1.0) (0.4.2)
test-count-verification	Install dependencies	2025-07-11T09:07:39.9170041Z Requirement already satisfied: rsa<5,>=3.1.4 in /opt/hostedtoolcache/Python/3.10.18/x64/lib/python3.10/site-packages (from google-auth<3.0.0,>=2.14.1->google-cloud-aiplatform>=1.40.0->agent_data_manager==0.1.0) (4.9.1)
test-count-verification	Install dependencies	2025-07-11T09:07:39.9297703Z Requirement already satisfied: google-cloud-core<3.0.0,>=2.4.1 in /opt/hostedtoolcache/Python/3.10.18/x64/lib/python3.10/site-packages (from google-cloud-bigquery!=3.20.0,<4.0.0,>=1.15.0->google-cloud-aiplatform>=1.40.0->agent_data_manager==0.1.0) (2.4.3)
test-count-verification	Install dependencies	2025-07-11T09:07:39.9303990Z Requirement already satisfied: google-resumable-media<3.0.0,>=2.0.0 in /opt/hostedtoolcache/Python/3.10.18/x64/lib/python3.10/site-packages (from google-cloud-bigquery!=3.20.0,<4.0.0,>=1.15.0->google-cloud-aiplatform>=1.40.0->agent_data_manager==0.1.0) (2.7.2)
test-count-verification	Install dependencies	2025-07-11T09:07:39.9312883Z Requirement already satisfied: python-dateutil<3.0.0,>=2.8.2 in /opt/hostedtoolcache/Python/3.10.18/x64/lib/python3.10/site-packages (from google-cloud-bigquery!=3.20.0,<4.0.0,>=1.15.0->google-cloud-aiplatform>=1.40.0->agent_data_manager==0.1.0) (2.9.0.post0)
test-count-verification	Install dependencies	2025-07-11T09:07:39.9407303Z Requirement already satisfied: grpc-google-iam-v1<1.0.0,>=0.14.0 in /opt/hostedtoolcache/Python/3.10.18/x64/lib/python3.10/site-packages (from google-cloud-resource-manager<3.0.0,>=1.3.3->google-cloud-aiplatform>=1.40.0->agent_data_manager==0.1.0) (0.14.2)
test-count-verification	Install dependencies	2025-07-11T09:07:39.9461129Z Requirement already satisfied: google-crc32c<2.0dev,>=1.0 in /opt/hostedtoolcache/Python/3.10.18/x64/lib/python3.10/site-packages (from google-cloud-storage->agent_data_manager==0.1.0) (1.7.1)
test-count-verification	Install dependencies	2025-07-11T09:07:39.9509366Z Requirement already satisfied: anyio<5.0.0,>=4.8.0 in /opt/hostedtoolcache/Python/3.10.18/x64/lib/python3.10/site-packages (from google-genai<2.0.0,>=1.0.0->google-cloud-aiplatform>=1.40.0->agent_data_manager==0.1.0) (4.9.0)
test-count-verification	Install dependencies	2025-07-11T09:07:39.9530267Z Requirement already satisfied: websockets<15.1.0,>=13.0.0 in /opt/hostedtoolcache/Python/3.10.18/x64/lib/python3.10/site-packages (from google-genai<2.0.0,>=1.0.0->google-cloud-aiplatform>=1.40.0->agent_data_manager==0.1.0) (15.0.1)
test-count-verification	Install dependencies	2025-07-11T09:07:39.9589383Z Requirement already satisfied: exceptiongroup>=1.0.2 in /opt/hostedtoolcache/Python/3.10.18/x64/lib/python3.10/site-packages (from anyio<5.0.0,>=4.8.0->google-genai<2.0.0,>=1.0.0->google-cloud-aiplatform>=1.40.0->agent_data_manager==0.1.0) (1.3.0)
test-count-verification	Install dependencies	2025-07-11T09:07:39.9595120Z Requirement already satisfied: idna>=2.8 in /opt/hostedtoolcache/Python/3.10.18/x64/lib/python3.10/site-packages (from anyio<5.0.0,>=4.8.0->google-genai<2.0.0,>=1.0.0->google-cloud-aiplatform>=1.40.0->agent_data_manager==0.1.0) (3.10)
test-count-verification	Install dependencies	2025-07-11T09:07:39.9600772Z Requirement already satisfied: sniffio>=1.1 in /opt/hostedtoolcache/Python/3.10.18/x64/lib/python3.10/site-packages (from anyio<5.0.0,>=4.8.0->google-genai<2.0.0,>=1.0.0->google-cloud-aiplatform>=1.40.0->agent_data_manager==0.1.0) (1.3.1)
test-count-verification	Install dependencies	2025-07-11T09:07:39.9837514Z Requirement already satisfied: certifi in /opt/hostedtoolcache/Python/3.10.18/x64/lib/python3.10/site-packages (from httpx>=0.20.0->httpx[http2]>=0.20.0->qdrant-client==1.14.*->agent_data_manager==0.1.0) (2025.4.26)
test-count-verification	Install dependencies	2025-07-11T09:07:39.9843234Z Requirement already satisfied: httpcore==1.* in /opt/hostedtoolcache/Python/3.10.18/x64/lib/python3.10/site-packages (from httpx>=0.20.0->httpx[http2]>=0.20.0->qdrant-client==1.14.*->agent_data_manager==0.1.0) (1.0.9)
test-count-verification	Install dependencies	2025-07-11T09:07:39.9877749Z Requirement already satisfied: h11>=0.16 in /opt/hostedtoolcache/Python/3.10.18/x64/lib/python3.10/site-packages (from httpcore==1.*->httpx>=0.20.0->httpx[http2]>=0.20.0->qdrant-client==1.14.*->agent_data_manager==0.1.0) (0.16.0)
test-count-verification	Install dependencies	2025-07-11T09:07:39.9959036Z Requirement already satisfied: six>=1.5 in /opt/hostedtoolcache/Python/3.10.18/x64/lib/python3.10/site-packages (from python-dateutil<3.0.0,>=2.8.2->google-cloud-bigquery!=3.20.0,<4.0.0,>=1.15.0->google-cloud-aiplatform>=1.40.0->agent_data_manager==0.1.0) (1.17.0)
test-count-verification	Install dependencies	2025-07-11T09:07:39.9988147Z Requirement already satisfied: charset-normalizer<4,>=2 in /opt/hostedtoolcache/Python/3.10.18/x64/lib/python3.10/site-packages (from requests<3.0.0,>=2.18.0->google-api-core!=2.0.*,!=2.1.*,!=2.2.*,!=2.3.*,!=2.4.*,!=2.5.*,!=2.6.*,!=2.7.*,<3.0.0,>=1.34.1->google-api-core[grpc]!=2.0.*,!=2.1.*,!=2.2.*,!=2.3.*,!=2.4.*,!=2.5.*,!=2.6.*,!=2.7.*,<3.0.0,>=1.34.1->google-cloud-aiplatform>=1.40.0->agent_data_manager==0.1.0) (3.4.2)
test-count-verification	Install dependencies	2025-07-11T09:07:40.0058753Z Requirement already satisfied: pyasn1>=0.1.3 in /opt/hostedtoolcache/Python/3.10.18/x64/lib/python3.10/site-packages (from rsa<5,>=3.1.4->google-auth<3.0.0,>=2.14.1->google-cloud-aiplatform>=1.40.0->agent_data_manager==0.1.0) (0.6.1)
test-count-verification	Install dependencies	2025-07-11T09:07:40.0188778Z Requirement already satisfied: h2<5,>=3 in /opt/hostedtoolcache/Python/3.10.18/x64/lib/python3.10/site-packages (from httpx[http2]>=0.20.0->qdrant-client==1.14.*->agent_data_manager==0.1.0) (4.2.0)
test-count-verification	Install dependencies	2025-07-11T09:07:40.0213405Z Requirement already satisfied: hyperframe<7,>=6.1 in /opt/hostedtoolcache/Python/3.10.18/x64/lib/python3.10/site-packages (from h2<5,>=3->httpx[http2]>=0.20.0->qdrant-client==1.14.*->agent_data_manager==0.1.0) (6.1.0)
test-count-verification	Install dependencies	2025-07-11T09:07:40.0219675Z Requirement already satisfied: hpack<5,>=4.1 in /opt/hostedtoolcache/Python/3.10.18/x64/lib/python3.10/site-packages (from h2<5,>=3->httpx[http2]>=0.20.0->qdrant-client==1.14.*->agent_data_manager==0.1.0) (4.1.0)
test-count-verification	Install dependencies	2025-07-11T09:07:40.0360427Z Requirement already satisfied: iniconfig in /opt/hostedtoolcache/Python/3.10.18/x64/lib/python3.10/site-packages (from pytest>=7.0.0->agent_data_manager==0.1.0) (2.1.0)
test-count-verification	Install dependencies	2025-07-11T09:07:40.0367941Z Requirement already satisfied: pluggy<2,>=1.5 in /opt/hostedtoolcache/Python/3.10.18/x64/lib/python3.10/site-packages (from pytest>=7.0.0->agent_data_manager==0.1.0) (1.6.0)
test-count-verification	Install dependencies	2025-07-11T09:07:40.0375634Z Requirement already satisfied: tomli>=1 in /opt/hostedtoolcache/Python/3.10.18/x64/lib/python3.10/site-packages (from pytest>=7.0.0->agent_data_manager==0.1.0) (2.2.1)
test-count-verification	Install dependencies	2025-07-11T09:07:40.0564758Z Requirement already satisfied: starlette<0.47.0,>=0.40.0 in /opt/hostedtoolcache/Python/3.10.18/x64/lib/python3.10/site-packages (from fastapi->agent_data_manager==0.1.0) (0.46.2)
test-count-verification	Install dependencies	2025-07-11T09:07:40.0641667Z Requirement already satisfied: blinker>=1.9.0 in /opt/hostedtoolcache/Python/3.10.18/x64/lib/python3.10/site-packages (from flask->agent_data_manager==0.1.0) (1.9.0)
test-count-verification	Install dependencies	2025-07-11T09:07:40.0647447Z Requirement already satisfied: click>=8.1.3 in /opt/hostedtoolcache/Python/3.10.18/x64/lib/python3.10/site-packages (from flask->agent_data_manager==0.1.0) (8.2.1)
test-count-verification	Install dependencies	2025-07-11T09:07:40.0652652Z Requirement already satisfied: itsdangerous>=2.2.0 in /opt/hostedtoolcache/Python/3.10.18/x64/lib/python3.10/site-packages (from flask->agent_data_manager==0.1.0) (2.2.0)
test-count-verification	Install dependencies	2025-07-11T09:07:40.0658276Z Requirement already satisfied: jinja2>=3.1.2 in /opt/hostedtoolcache/Python/3.10.18/x64/lib/python3.10/site-packages (from flask->agent_data_manager==0.1.0) (3.1.6)
test-count-verification	Install dependencies	2025-07-11T09:07:40.0663589Z Requirement already satisfied: markupsafe>=2.1.1 in /opt/hostedtoolcache/Python/3.10.18/x64/lib/python3.10/site-packages (from flask->agent_data_manager==0.1.0) (3.0.2)
test-count-verification	Install dependencies	2025-07-11T09:07:40.0669168Z Requirement already satisfied: werkzeug>=3.1.0 in /opt/hostedtoolcache/Python/3.10.18/x64/lib/python3.10/site-packages (from flask->agent_data_manager==0.1.0) (3.1.3)
test-count-verification	Install dependencies	2025-07-11T09:07:40.0807793Z Requirement already satisfied: httplib2<1.0.0,>=0.19.0 in /opt/hostedtoolcache/Python/3.10.18/x64/lib/python3.10/site-packages (from google-api-python-client->agent_data_manager==0.1.0) (0.22.0)
test-count-verification	Install dependencies	2025-07-11T09:07:40.0828527Z Requirement already satisfied: uritemplate<5,>=3.0.1 in /opt/hostedtoolcache/Python/3.10.18/x64/lib/python3.10/site-packages (from google-api-python-client->agent_data_manager==0.1.0) (4.1.1)
test-count-verification	Install dependencies	2025-07-11T09:07:40.0890647Z Requirement already satisfied: pyparsing!=3.0.0,!=3.0.1,!=3.0.2,!=3.0.3,<4,>=2.4.2 in /opt/hostedtoolcache/Python/3.10.18/x64/lib/python3.10/site-packages (from httplib2<1.0.0,>=0.19.0->google-api-python-client->agent_data_manager==0.1.0) (3.2.3)
test-count-verification	Install dependencies	2025-07-11T09:07:40.0959809Z Requirement already satisfied: requests-oauthlib>=0.7.0 in /opt/hostedtoolcache/Python/3.10.18/x64/lib/python3.10/site-packages (from google-auth-oauthlib->agent_data_manager==0.1.0) (2.0.0)
test-count-verification	Install dependencies	2025-07-11T09:07:40.0987279Z Requirement already satisfied: oauthlib>=3.0.0 in /opt/hostedtoolcache/Python/3.10.18/x64/lib/python3.10/site-packages (from requests-oauthlib>=0.7.0->google-auth-oauthlib->agent_data_manager==0.1.0) (3.2.2)
test-count-verification	Install dependencies	2025-07-11T09:07:40.1201266Z Requirement already satisfied: langchain-core<1.0.0,>=0.3.61 in /opt/hostedtoolcache/Python/3.10.18/x64/lib/python3.10/site-packages (from langchain-openai->agent_data_manager==0.1.0) (0.3.63)
test-count-verification	Install dependencies	2025-07-11T09:07:40.1212782Z Requirement already satisfied: tiktoken<1,>=0.7 in /opt/hostedtoolcache/Python/3.10.18/x64/lib/python3.10/site-packages (from langchain-openai->agent_data_manager==0.1.0) (0.9.0)
test-count-verification	Install dependencies	2025-07-11T09:07:40.1249318Z Requirement already satisfied: langsmith<0.4,>=0.1.126 in /opt/hostedtoolcache/Python/3.10.18/x64/lib/python3.10/site-packages (from langchain-core<1.0.0,>=0.3.61->langchain-openai->agent_data_manager==0.1.0) (0.3.43)
test-count-verification	Install dependencies	2025-07-11T09:07:40.1257377Z Requirement already satisfied: tenacity!=8.4.0,<10.0.0,>=8.1.0 in /opt/hostedtoolcache/Python/3.10.18/x64/lib/python3.10/site-packages (from langchain-core<1.0.0,>=0.3.61->langchain-openai->agent_data_manager==0.1.0) (9.1.2)
test-count-verification	Install dependencies	2025-07-11T09:07:40.1264573Z Requirement already satisfied: jsonpatch<2.0,>=1.33 in /opt/hostedtoolcache/Python/3.10.18/x64/lib/python3.10/site-packages (from langchain-core<1.0.0,>=0.3.61->langchain-openai->agent_data_manager==0.1.0) (1.33)
test-count-verification	Install dependencies	2025-07-11T09:07:40.1271368Z Requirement already satisfied: PyYAML>=5.3 in /opt/hostedtoolcache/Python/3.10.18/x64/lib/python3.10/site-packages (from langchain-core<1.0.0,>=0.3.61->langchain-openai->agent_data_manager==0.1.0) (6.0.2)
test-count-verification	Install dependencies	2025-07-11T09:07:40.1312277Z Requirement already satisfied: jsonpointer>=1.9 in /opt/hostedtoolcache/Python/3.10.18/x64/lib/python3.10/site-packages (from jsonpatch<2.0,>=1.33->langchain-core<1.0.0,>=0.3.61->langchain-openai->agent_data_manager==0.1.0) (3.0.0)
test-count-verification	Install dependencies	2025-07-11T09:07:40.1379832Z Requirement already satisfied: orjson<4.0.0,>=3.9.14 in /opt/hostedtoolcache/Python/3.10.18/x64/lib/python3.10/site-packages (from langsmith<0.4,>=0.1.126->langchain-core<1.0.0,>=0.3.61->langchain-openai->agent_data_manager==0.1.0) (3.10.18)
test-count-verification	Install dependencies	2025-07-11T09:07:40.1403970Z Requirement already satisfied: requests-toolbelt<2.0.0,>=1.0.0 in /opt/hostedtoolcache/Python/3.10.18/x64/lib/python3.10/site-packages (from langsmith<0.4,>=0.1.126->langchain-core<1.0.0,>=0.3.61->langchain-openai->agent_data_manager==0.1.0) (1.0.0)
test-count-verification	Install dependencies	2025-07-11T09:07:40.1411508Z Requirement already satisfied: zstandard<0.24.0,>=0.23.0 in /opt/hostedtoolcache/Python/3.10.18/x64/lib/python3.10/site-packages (from langsmith<0.4,>=0.1.126->langchain-core<1.0.0,>=0.3.61->langchain-openai->agent_data_manager==0.1.0) (0.23.0)
test-count-verification	Install dependencies	2025-07-11T09:07:40.1467328Z Requirement already satisfied: distro<2,>=1.7.0 in /opt/hostedtoolcache/Python/3.10.18/x64/lib/python3.10/site-packages (from openai->agent_data_manager==0.1.0) (1.9.0)
test-count-verification	Install dependencies	2025-07-11T09:07:40.1476367Z Requirement already satisfied: jiter<1,>=0.4.0 in /opt/hostedtoolcache/Python/3.10.18/x64/lib/python3.10/site-packages (from openai->agent_data_manager==0.1.0) (0.10.0)
test-count-verification	Install dependencies	2025-07-11T09:07:40.1491611Z Requirement already satisfied: tqdm>4 in /opt/hostedtoolcache/Python/3.10.18/x64/lib/python3.10/site-packages (from openai->agent_data_manager==0.1.0) (4.67.1)
test-count-verification	Install dependencies	2025-07-11T09:07:40.1652816Z Requirement already satisfied: regex>=2022.1.18 in /opt/hostedtoolcache/Python/3.10.18/x64/lib/python3.10/site-packages (from tiktoken<1,>=0.7->langchain-openai->agent_data_manager==0.1.0) (2024.11.6)
test-count-verification	Install dependencies	2025-07-11T09:07:40.3132428Z Collecting bcrypt>=3.1.0 (from passlib[bcrypt]->agent_data_manager==0.1.0)
test-count-verification	Install dependencies	2025-07-11T09:07:40.3761698Z   Downloading bcrypt-4.3.0-cp39-abi3-manylinux_2_34_x86_64.whl.metadata (10 kB)
test-count-verification	Install dependencies	2025-07-11T09:07:40.3937315Z Requirement already satisfied: ecdsa!=0.15 in /opt/hostedtoolcache/Python/3.10.18/x64/lib/python3.10/site-packages (from python-jose[cryptography]->agent_data_manager==0.1.0) (0.19.1)
test-count-verification	Install dependencies	2025-07-11T09:07:40.3952802Z Requirement already satisfied: cryptography>=3.4.0 in /opt/hostedtoolcache/Python/3.10.18/x64/lib/python3.10/site-packages (from python-jose[cryptography]->agent_data_manager==0.1.0) (45.0.5)
test-count-verification	Install dependencies	2025-07-11T09:07:40.4070540Z Requirement already satisfied: cffi>=1.14 in /opt/hostedtoolcache/Python/3.10.18/x64/lib/python3.10/site-packages (from cryptography>=3.4.0->python-jose[cryptography]->agent_data_manager==0.1.0) (1.17.1)
test-count-verification	Install dependencies	2025-07-11T09:07:40.4097314Z Requirement already satisfied: pycparser in /opt/hostedtoolcache/Python/3.10.18/x64/lib/python3.10/site-packages (from cffi>=1.14->cryptography>=3.4.0->python-jose[cryptography]->agent_data_manager==0.1.0) (2.22)
test-count-verification	Install dependencies	2025-07-11T09:07:40.4195914Z Requirement already satisfied: decorator>=3.4.2 in /opt/hostedtoolcache/Python/3.10.18/x64/lib/python3.10/site-packages (from retry->agent_data_manager==0.1.0) (5.2.1)
test-count-verification	Install dependencies	2025-07-11T09:07:40.4202613Z Requirement already satisfied: py<2.0.0,>=1.4.26 in /opt/hostedtoolcache/Python/3.10.18/x64/lib/python3.10/site-packages (from retry->agent_data_manager==0.1.0) (1.11.0)
test-count-verification	Install dependencies	2025-07-11T09:07:40.4383278Z Requirement already satisfied: scipy>=1.6.0 in /opt/hostedtoolcache/Python/3.10.18/x64/lib/python3.10/site-packages (from scikit-learn->agent_data_manager==0.1.0) (1.15.3)
test-count-verification	Install dependencies	2025-07-11T09:07:40.4389970Z Requirement already satisfied: joblib>=1.2.0 in /opt/hostedtoolcache/Python/3.10.18/x64/lib/python3.10/site-packages (from scikit-learn->agent_data_manager==0.1.0) (1.5.1)
test-count-verification	Install dependencies	2025-07-11T09:07:40.4396420Z Requirement already satisfied: threadpoolctl>=3.1.0 in /opt/hostedtoolcache/Python/3.10.18/x64/lib/python3.10/site-packages (from scikit-learn->agent_data_manager==0.1.0) (3.6.0)
test-count-verification	Install dependencies	2025-07-11T09:07:40.4557070Z Requirement already satisfied: limits>=2.3 in /opt/hostedtoolcache/Python/3.10.18/x64/lib/python3.10/site-packages (from slowapi->agent_data_manager==0.1.0) (5.4.0)
test-count-verification	Install dependencies	2025-07-11T09:07:40.4642216Z Requirement already satisfied: deprecated>=1.2 in /opt/hostedtoolcache/Python/3.10.18/x64/lib/python3.10/site-packages (from limits>=2.3->slowapi->agent_data_manager==0.1.0) (1.2.18)
test-count-verification	Install dependencies	2025-07-11T09:07:40.4690828Z Requirement already satisfied: wrapt<2,>=1.10 in /opt/hostedtoolcache/Python/3.10.18/x64/lib/python3.10/site-packages (from deprecated>=1.2->limits>=2.3->slowapi->agent_data_manager==0.1.0) (1.17.2)
test-count-verification	Install dependencies	2025-07-11T09:07:40.4946597Z Downloading bcrypt-4.3.0-cp39-abi3-manylinux_2_34_x86_64.whl (284 kB)
test-count-verification	Install dependencies	2025-07-11T09:07:40.5384665Z Building wheels for collected packages: agent_data_manager
test-count-verification	Install dependencies	2025-07-11T09:07:40.5402401Z   Building editable for agent_data_manager (pyproject.toml): started
test-count-verification	Install dependencies	2025-07-11T09:07:40.7662774Z   Building editable for agent_data_manager (pyproject.toml): finished with status 'done'
test-count-verification	Install dependencies	2025-07-11T09:07:40.7669542Z   Created wheel for agent_data_manager: filename=agent_data_manager-0.1.0-0.editable-py3-none-any.whl size=2927 sha256=1c22b32db4151aba520c33225a0b269325c58c660c92f04f4ff579c8d7ddddfc
test-count-verification	Install dependencies	2025-07-11T09:07:40.7671798Z   Stored in directory: /tmp/pip-ephem-wheel-cache-vac8nxaz/wheels/9b/2b/07/65a823d511d7ee06da6a0119e7150c71e779d0785de56ce41d
test-count-verification	Install dependencies	2025-07-11T09:07:40.7688808Z Successfully built agent_data_manager
test-count-verification	Install dependencies	2025-07-11T09:07:40.8231631Z Installing collected packages: bcrypt, agent_data_manager
test-count-verification	Install dependencies	2025-07-11T09:07:40.8379726Z
test-count-verification	Install dependencies	2025-07-11T09:07:40.8579207Z Successfully installed agent_data_manager-0.1.0 bcrypt-4.3.0
test-count-verification	Verify Test Count	﻿2025-07-11T09:07:40.9515848Z ##[group]Run echo "Verifying test count compliance..."
test-count-verification	Verify Test Count	2025-07-11T09:07:40.9516257Z [36;1mecho "Verifying test count compliance..."[0m
test-count-verification	Verify Test Count	2025-07-11T09:07:40.9516566Z [36;1mecho "Current directory: $(pwd)"[0m
test-count-verification	Verify Test Count	2025-07-11T09:07:40.9516864Z [36;1mexport PYTHONPATH=$PWD:$PWD/ADK:$PYTHONPATH[0m
test-count-verification	Verify Test Count	2025-07-11T09:07:40.9517171Z [36;1mecho "PYTHONPATH set to: $PYTHONPATH"[0m
test-count-verification	Verify Test Count	2025-07-11T09:07:40.9517471Z [36;1mecho "Running test count verification..."[0m
test-count-verification	Verify Test Count	2025-07-11T09:07:40.9517756Z [36;1mpython3 scripts/verify_test_count.py[0m
test-count-verification	Verify Test Count	2025-07-11T09:07:40.9578030Z shell: /usr/bin/bash -e {0}
test-count-verification	Verify Test Count	2025-07-11T09:07:40.9578260Z env:
test-count-verification	Verify Test Count	2025-07-11T09:07:40.9578501Z   pythonLocation: /opt/hostedtoolcache/Python/3.10.18/x64
test-count-verification	Verify Test Count	2025-07-11T09:07:40.9578907Z   PKG_CONFIG_PATH: /opt/hostedtoolcache/Python/3.10.18/x64/lib/pkgconfig
test-count-verification	Verify Test Count	2025-07-11T09:07:40.9579310Z   Python_ROOT_DIR: /opt/hostedtoolcache/Python/3.10.18/x64
test-count-verification	Verify Test Count	2025-07-11T09:07:40.9579648Z   Python2_ROOT_DIR: /opt/hostedtoolcache/Python/3.10.18/x64
test-count-verification	Verify Test Count	2025-07-11T09:07:40.9579997Z   Python3_ROOT_DIR: /opt/hostedtoolcache/Python/3.10.18/x64
test-count-verification	Verify Test Count	2025-07-11T09:07:40.9580375Z   LD_LIBRARY_PATH: /opt/hostedtoolcache/Python/3.10.18/x64/lib
test-count-verification	Verify Test Count	2025-07-11T09:07:40.9580666Z ##[endgroup]
test-count-verification	Verify Test Count	2025-07-11T09:07:40.9659127Z Verifying test count compliance...
test-count-verification	Verify Test Count	2025-07-11T09:07:40.9663479Z Current directory: /home/runner/work/agent-data/agent-data
test-count-verification	Verify Test Count	2025-07-11T09:07:40.9664257Z PYTHONPATH set to: /home/runner/work/agent-data/agent-data:/home/runner/work/agent-data/agent-data/ADK:
test-count-verification	Verify Test Count	2025-07-11T09:07:40.9664988Z Running test count verification...
test-count-verification	Verify Test Count	2025-07-11T09:07:49.5790658Z ✅ Unit test count verified: 583 (within 570-600 (CI environment))
test-count-verification	Upload test count report	﻿2025-07-11T09:07:49.5887877Z ##[group]Run actions/upload-artifact@v4
test-count-verification	Upload test count report	2025-07-11T09:07:49.5888162Z with:
test-count-verification	Upload test count report	2025-07-11T09:07:49.5888345Z   name: test-count-report
test-count-verification	Upload test count report	2025-07-11T09:07:49.5888598Z   path: .cursor/logs/CLI150_*.log
test-count-verification	Upload test count report	.cursor/logs/
test-count-verification	Upload test count report
test-count-verification	Upload test count report	2025-07-11T09:07:49.5888865Z   retention-days: 7
test-count-verification	Upload test count report	2025-07-11T09:07:49.5889059Z   if-no-files-found: warn
test-count-verification	Upload test count report	2025-07-11T09:07:49.5889264Z   compression-level: 6
test-count-verification	Upload test count report	2025-07-11T09:07:49.5889459Z   overwrite: false
test-count-verification	Upload test count report	2025-07-11T09:07:49.5889651Z   include-hidden-files: false
test-count-verification	Upload test count report	2025-07-11T09:07:49.5889861Z env:
test-count-verification	Upload test count report	2025-07-11T09:07:49.5890080Z   pythonLocation: /opt/hostedtoolcache/Python/3.10.18/x64
test-count-verification	Upload test count report	2025-07-11T09:07:49.5890471Z   PKG_CONFIG_PATH: /opt/hostedtoolcache/Python/3.10.18/x64/lib/pkgconfig
test-count-verification	Upload test count report	2025-07-11T09:07:49.5890858Z   Python_ROOT_DIR: /opt/hostedtoolcache/Python/3.10.18/x64
test-count-verification	Upload test count report	2025-07-11T09:07:49.5891211Z   Python2_ROOT_DIR: /opt/hostedtoolcache/Python/3.10.18/x64
test-count-verification	Upload test count report	2025-07-11T09:07:49.5891562Z   Python3_ROOT_DIR: /opt/hostedtoolcache/Python/3.10.18/x64
test-count-verification	Upload test count report	2025-07-11T09:07:49.5891908Z   LD_LIBRARY_PATH: /opt/hostedtoolcache/Python/3.10.18/x64/lib
test-count-verification	Upload test count report	2025-07-11T09:07:49.5892235Z ##[endgroup]
test-count-verification	Upload test count report	2025-07-11T09:07:49.8124833Z ##[warning]No files were found with the provided path: .cursor/logs/CLI150_*.log
test-count-verification	Upload test count report	.cursor/logs/. No artifacts will be uploaded.
test-count-verification	Post Set up Python 3.10	﻿2025-07-11T09:07:49.8260718Z Post job cleanup.
test-count-verification	Post Run actions/checkout@v4	﻿2025-07-11T09:07:49.9897624Z Post job cleanup.
test-count-verification	Post Run actions/checkout@v4	2025-07-11T09:07:50.0864503Z [command]/usr/bin/git version
test-count-verification	Post Run actions/checkout@v4	2025-07-11T09:07:50.0903182Z git version 2.49.0
test-count-verification	Post Run actions/checkout@v4	2025-07-11T09:07:50.0949126Z Temporarily overriding HOME='/home/runner/work/_temp/f949ea09-529d-4cc0-b030-1de0dfd54a35' before making global git config changes
test-count-verification	Post Run actions/checkout@v4	2025-07-11T09:07:50.0950431Z Adding repository directory to the temporary git global config as a safe directory
test-count-verification	Post Run actions/checkout@v4	2025-07-11T09:07:50.0963476Z [command]/usr/bin/git config --global --add safe.directory /home/runner/work/agent-data/agent-data
test-count-verification	Post Run actions/checkout@v4	2025-07-11T09:07:50.1001779Z [command]/usr/bin/git config --local --name-only --get-regexp core\.sshCommand
test-count-verification	Post Run actions/checkout@v4	2025-07-11T09:07:50.1038220Z [command]/usr/bin/git submodule foreach --recursive sh -c "git config --local --name-only --get-regexp 'core\.sshCommand' && git config --local --unset-all 'core.sshCommand' || :"
test-count-verification	Post Run actions/checkout@v4	2025-07-11T09:07:50.1274924Z fatal: No url found for submodule path 'ADK/agent_data' in .gitmodules
test-count-verification	Post Run actions/checkout@v4	2025-07-11T09:07:50.1304717Z ##[warning]The process '/usr/bin/git' failed with exit code 128
test-count-verification	Complete job	﻿2025-07-11T09:07:50.1394413Z Cleaning up orphan processes
slow-tests	Set up job	﻿2025-07-11T09:07:57.9968416Z Current runner version: '2.325.0'
slow-tests	Set up job	2025-07-11T09:07:57.9995783Z ##[group]Operating System
slow-tests	Set up job	2025-07-11T09:07:57.9996560Z Ubuntu
slow-tests	Set up job	2025-07-11T09:07:57.9997158Z 24.04.2
slow-tests	Set up job	2025-07-11T09:07:57.9997595Z LTS
slow-tests	Set up job	2025-07-11T09:07:57.9998051Z ##[endgroup]
slow-tests	Set up job	2025-07-11T09:07:57.9998608Z ##[group]Runner Image
slow-tests	Set up job	2025-07-11T09:07:57.9999320Z Image: ubuntu-24.04
slow-tests	Set up job	2025-07-11T09:07:57.9999834Z Version: 20250629.1.0
slow-tests	Set up job	2025-07-11T09:07:58.0000905Z Included Software: https://github.com/actions/runner-images/blob/ubuntu24/20250629.1/images/ubuntu/Ubuntu2404-Readme.md
slow-tests	Set up job	2025-07-11T09:07:58.0002252Z Image Release: https://github.com/actions/runner-images/releases/tag/ubuntu24%2F20250629.1
slow-tests	Set up job	2025-07-11T09:07:58.0003091Z ##[endgroup]
slow-tests	Set up job	2025-07-11T09:07:58.0003803Z ##[group]Runner Image Provisioner
slow-tests	Set up job	2025-07-11T09:07:58.0004392Z 2.0.449.1
slow-tests	Set up job	2025-07-11T09:07:58.0004851Z ##[endgroup]
slow-tests	Set up job	2025-07-11T09:07:58.0005865Z ##[group]GITHUB_TOKEN Permissions
slow-tests	Set up job	2025-07-11T09:07:58.0008148Z Contents: read
slow-tests	Set up job	2025-07-11T09:07:58.0008667Z Metadata: read
slow-tests	Set up job	2025-07-11T09:07:58.0009301Z ##[endgroup]
slow-tests	Set up job	2025-07-11T09:07:58.0011840Z Secret source: Actions
slow-tests	Set up job	2025-07-11T09:07:58.0012762Z Prepare workflow directory
slow-tests	Set up job	2025-07-11T09:07:58.0343183Z Prepare all required actions
slow-tests	Set up job	2025-07-11T09:07:58.0381256Z Getting action download info
slow-tests	Set up job	2025-07-11T09:07:58.5127725Z ##[group]Download immutable action package 'actions/checkout@v4'
slow-tests	Set up job	2025-07-11T09:07:58.5128786Z Version: 4.2.2
slow-tests	Set up job	2025-07-11T09:07:58.5129827Z Digest: sha256:ccb2698953eaebd21c7bf6268a94f9c26518a7e38e27e0b83c1fe1ad049819b1
slow-tests	Set up job	2025-07-11T09:07:58.5131142Z Source commit SHA: 11bd71901bbe5b1630ceea73d27597364c9af683
slow-tests	Set up job	2025-07-11T09:07:58.5131851Z ##[endgroup]
slow-tests	Set up job	2025-07-11T09:07:58.6140147Z ##[group]Download immutable action package 'actions/setup-python@v4'
slow-tests	Set up job	2025-07-11T09:07:58.6141003Z Version: 4.9.1
slow-tests	Set up job	2025-07-11T09:07:58.6141733Z Digest: sha256:f03e505388af670b5a108629e0ba26befc08d5c62b41f46146a45fe29ae509a5
slow-tests	Set up job	2025-07-11T09:07:58.6142742Z Source commit SHA: 7f4fc3e22c37d6ff65e88745f38bd3157c663f7c
slow-tests	Set up job	2025-07-11T09:07:58.6143420Z ##[endgroup]
slow-tests	Set up job	2025-07-11T09:07:58.9418724Z ##[group]Download immutable action package 'actions/upload-artifact@v4'
slow-tests	Set up job	2025-07-11T09:07:58.9419660Z Version: 4.6.2
slow-tests	Set up job	2025-07-11T09:07:58.9420471Z Digest: sha256:290722aa3281d5caf23d0acdc3dbeb3424786a1a01a9cc97e72f147225e37c38
slow-tests	Set up job	2025-07-11T09:07:58.9421423Z Source commit SHA: ea165f8d65b6e75b540449e92b4886f43607fa02
slow-tests	Set up job	2025-07-11T09:07:58.9422128Z ##[endgroup]
slow-tests	Set up job	2025-07-11T09:07:59.1398812Z Complete job name: slow-tests
slow-tests	Run actions/checkout@v4	﻿2025-07-11T09:07:59.2072478Z ##[group]Run actions/checkout@v4
slow-tests	Run actions/checkout@v4	2025-07-11T09:07:59.2073375Z with:
slow-tests	Run actions/checkout@v4	2025-07-11T09:07:59.2073966Z   repository: Huyen1974/agent-data
slow-tests	Run actions/checkout@v4	2025-07-11T09:07:59.2074633Z   token: ***
slow-tests	Run actions/checkout@v4	2025-07-11T09:07:59.2075011Z   ssh-strict: true
slow-tests	Run actions/checkout@v4	2025-07-11T09:07:59.2075390Z   ssh-user: git
slow-tests	Run actions/checkout@v4	2025-07-11T09:07:59.2075783Z   persist-credentials: true
slow-tests	Run actions/checkout@v4	2025-07-11T09:07:59.2076209Z   clean: true
slow-tests	Run actions/checkout@v4	2025-07-11T09:07:59.2076610Z   sparse-checkout-cone-mode: true
slow-tests	Run actions/checkout@v4	2025-07-11T09:07:59.2077080Z   fetch-depth: 1
slow-tests	Run actions/checkout@v4	2025-07-11T09:07:59.2077451Z   fetch-tags: false
slow-tests	Run actions/checkout@v4	2025-07-11T09:07:59.2077837Z   show-progress: true
slow-tests	Run actions/checkout@v4	2025-07-11T09:07:59.2078239Z   lfs: false
slow-tests	Run actions/checkout@v4	2025-07-11T09:07:59.2078594Z   submodules: false
slow-tests	Run actions/checkout@v4	2025-07-11T09:07:59.2078982Z   set-safe-directory: true
slow-tests	Run actions/checkout@v4	2025-07-11T09:07:59.2079653Z ##[endgroup]
slow-tests	Run actions/checkout@v4	2025-07-11T09:07:59.4747627Z Syncing repository: Huyen1974/agent-data
slow-tests	Run actions/checkout@v4	2025-07-11T09:07:59.4750124Z ##[group]Getting Git version info
slow-tests	Run actions/checkout@v4	2025-07-11T09:07:59.4751328Z Working directory is '/home/runner/work/agent-data/agent-data'
slow-tests	Run actions/checkout@v4	2025-07-11T09:07:59.4752631Z [command]/usr/bin/git version
slow-tests	Run actions/checkout@v4	2025-07-11T09:07:59.4854158Z git version 2.49.0
slow-tests	Run actions/checkout@v4	2025-07-11T09:07:59.4887120Z ##[endgroup]
slow-tests	Run actions/checkout@v4	2025-07-11T09:07:59.4905403Z Temporarily overriding HOME='/home/runner/work/_temp/7d024965-8102-4e14-8ed4-082d92019cd3' before making global git config changes
slow-tests	Run actions/checkout@v4	2025-07-11T09:07:59.4908175Z Adding repository directory to the temporary git global config as a safe directory
slow-tests	Run actions/checkout@v4	2025-07-11T09:07:59.4921235Z [command]/usr/bin/git config --global --add safe.directory /home/runner/work/agent-data/agent-data
slow-tests	Run actions/checkout@v4	2025-07-11T09:07:59.4967087Z Deleting the contents of '/home/runner/work/agent-data/agent-data'
slow-tests	Run actions/checkout@v4	2025-07-11T09:07:59.4973810Z ##[group]Initializing the repository
slow-tests	Run actions/checkout@v4	2025-07-11T09:07:59.4979425Z [command]/usr/bin/git init /home/runner/work/agent-data/agent-data
slow-tests	Run actions/checkout@v4	2025-07-11T09:07:59.5069922Z hint: Using 'master' as the name for the initial branch. This default branch name
slow-tests	Run actions/checkout@v4	2025-07-11T09:07:59.5071877Z hint: is subject to change. To configure the initial branch name to use in all
slow-tests	Run actions/checkout@v4	2025-07-11T09:07:59.5073047Z hint: of your new repositories, which will suppress this warning, call:
slow-tests	Run actions/checkout@v4	2025-07-11T09:07:59.5074106Z hint:
slow-tests	Run actions/checkout@v4	2025-07-11T09:07:59.5074664Z hint: 	git config --global init.defaultBranch <name>
slow-tests	Run actions/checkout@v4	2025-07-11T09:07:59.5075274Z hint:
slow-tests	Run actions/checkout@v4	2025-07-11T09:07:59.5075840Z hint: Names commonly chosen instead of 'master' are 'main', 'trunk' and
slow-tests	Run actions/checkout@v4	2025-07-11T09:07:59.5076756Z hint: 'development'. The just-created branch can be renamed via this command:
slow-tests	Run actions/checkout@v4	2025-07-11T09:07:59.5077720Z hint:
slow-tests	Run actions/checkout@v4	2025-07-11T09:07:59.5078146Z hint: 	git branch -m <name>
slow-tests	Run actions/checkout@v4	2025-07-11T09:07:59.5087045Z Initialized empty Git repository in /home/runner/work/agent-data/agent-data/.git/
slow-tests	Run actions/checkout@v4	2025-07-11T09:07:59.5100447Z [command]/usr/bin/git remote add origin https://github.com/Huyen1974/agent-data
slow-tests	Run actions/checkout@v4	2025-07-11T09:07:59.5144544Z ##[endgroup]
slow-tests	Run actions/checkout@v4	2025-07-11T09:07:59.5146038Z ##[group]Disabling automatic garbage collection
slow-tests	Run actions/checkout@v4	2025-07-11T09:07:59.5150097Z [command]/usr/bin/git config --local gc.auto 0
slow-tests	Run actions/checkout@v4	2025-07-11T09:07:59.5184605Z ##[endgroup]
slow-tests	Run actions/checkout@v4	2025-07-11T09:07:59.5186054Z ##[group]Setting up auth
slow-tests	Run actions/checkout@v4	2025-07-11T09:07:59.5193858Z [command]/usr/bin/git config --local --name-only --get-regexp core\.sshCommand
slow-tests	Run actions/checkout@v4	2025-07-11T09:07:59.5231327Z [command]/usr/bin/git submodule foreach --recursive sh -c "git config --local --name-only --get-regexp 'core\.sshCommand' && git config --local --unset-all 'core.sshCommand' || :"
slow-tests	Run actions/checkout@v4	2025-07-11T09:07:59.5618153Z [command]/usr/bin/git config --local --name-only --get-regexp http\.https\:\/\/github\.com\/\.extraheader
slow-tests	Run actions/checkout@v4	2025-07-11T09:07:59.5652300Z [command]/usr/bin/git submodule foreach --recursive sh -c "git config --local --name-only --get-regexp 'http\.https\:\/\/github\.com\/\.extraheader' && git config --local --unset-all 'http.https://github.com/.extraheader' || :"
slow-tests	Run actions/checkout@v4	2025-07-11T09:07:59.5895565Z [command]/usr/bin/git config --local http.https://github.com/.extraheader AUTHORIZATION: basic ***
slow-tests	Run actions/checkout@v4	2025-07-11T09:07:59.5946896Z ##[endgroup]
slow-tests	Run actions/checkout@v4	2025-07-11T09:07:59.5948219Z ##[group]Fetching the repository
slow-tests	Run actions/checkout@v4	2025-07-11T09:07:59.5957609Z [command]/usr/bin/git -c protocol.version=2 fetch --no-tags --prune --no-recurse-submodules --depth=1 origin +1f32ad91c10745aa610c91aee395120de32c8b8d:refs/remotes/origin/main
slow-tests	Run actions/checkout@v4	2025-07-11T09:08:00.2833445Z From https://github.com/Huyen1974/agent-data
slow-tests	Run actions/checkout@v4	2025-07-11T09:08:00.2837147Z  * [new ref]         1f32ad91c10745aa610c91aee395120de32c8b8d -> origin/main
slow-tests	Run actions/checkout@v4	2025-07-11T09:08:00.2870129Z ##[endgroup]
slow-tests	Run actions/checkout@v4	2025-07-11T09:08:00.2871070Z ##[group]Determining the checkout info
slow-tests	Run actions/checkout@v4	2025-07-11T09:08:00.2872926Z ##[endgroup]
slow-tests	Run actions/checkout@v4	2025-07-11T09:08:00.2878961Z [command]/usr/bin/git sparse-checkout disable
slow-tests	Run actions/checkout@v4	2025-07-11T09:08:00.2931367Z [command]/usr/bin/git config --local --unset-all extensions.worktreeConfig
slow-tests	Run actions/checkout@v4	2025-07-11T09:08:00.2967781Z ##[group]Checking out the ref
slow-tests	Run actions/checkout@v4	2025-07-11T09:08:00.2973986Z [command]/usr/bin/git checkout --progress --force -B main refs/remotes/origin/main
slow-tests	Run actions/checkout@v4	2025-07-11T09:08:00.3799750Z Switched to a new branch 'main'
slow-tests	Run actions/checkout@v4	2025-07-11T09:08:00.3800527Z branch 'main' set up to track 'origin/main'.
slow-tests	Run actions/checkout@v4	2025-07-11T09:08:00.3811003Z ##[endgroup]
slow-tests	Run actions/checkout@v4	2025-07-11T09:08:00.3856468Z [command]/usr/bin/git log -1 --format=%H
slow-tests	Run actions/checkout@v4	2025-07-11T09:08:00.3880308Z 1f32ad91c10745aa610c91aee395120de32c8b8d
slow-tests	Set up Python 3.10	﻿2025-07-11T09:08:00.4134973Z ##[group]Run actions/setup-python@v4
slow-tests	Set up Python 3.10	2025-07-11T09:08:00.4135389Z with:
slow-tests	Set up Python 3.10	2025-07-11T09:08:00.4135642Z   python-version: 3.10
slow-tests	Set up Python 3.10	2025-07-11T09:08:00.4135936Z   check-latest: false
slow-tests	Set up Python 3.10	2025-07-11T09:08:00.4136373Z   token: ***
slow-tests	Set up Python 3.10	2025-07-11T09:08:00.4136649Z   update-environment: true
slow-tests	Set up Python 3.10	2025-07-11T09:08:00.4136970Z   allow-prereleases: false
slow-tests	Set up Python 3.10	2025-07-11T09:08:00.4137254Z ##[endgroup]
slow-tests	Set up Python 3.10	2025-07-11T09:08:00.5871505Z ##[group]Installed versions
slow-tests	Set up Python 3.10	2025-07-11T09:08:00.5940238Z Successfully set up CPython (3.10.18)
slow-tests	Set up Python 3.10	2025-07-11T09:08:00.5941153Z ##[endgroup]
slow-tests	Install dependencies	﻿2025-07-11T09:08:00.6067909Z ##[group]Run python -m pip install --upgrade pip
slow-tests	Install dependencies	2025-07-11T09:08:00.6068514Z [36;1mpython -m pip install --upgrade pip[0m
slow-tests	Install dependencies	2025-07-11T09:08:00.6069088Z [36;1mpip install pytest pytest-mock pytest-asyncio pytest-timeout pytest-cov[0m
slow-tests	Install dependencies	2025-07-11T09:08:00.6069612Z [36;1mif [ -f requirements.txt ]; then [0m
slow-tests	Install dependencies	2025-07-11T09:08:00.6070191Z [36;1m  pip install -r requirements.txt || echo "Some dependencies may have conflicts, continuing..."[0m
slow-tests	Install dependencies	2025-07-11T09:08:00.6070794Z [36;1mfi[0m
slow-tests	Install dependencies	2025-07-11T09:08:00.6191398Z shell: /usr/bin/bash -e {0}
slow-tests	Install dependencies	2025-07-11T09:08:00.6191776Z env:
slow-tests	Install dependencies	2025-07-11T09:08:00.6192128Z   pythonLocation: /opt/hostedtoolcache/Python/3.10.18/x64
slow-tests	Install dependencies	2025-07-11T09:08:00.6192668Z   PKG_CONFIG_PATH: /opt/hostedtoolcache/Python/3.10.18/x64/lib/pkgconfig
slow-tests	Install dependencies	2025-07-11T09:08:00.6193184Z   Python_ROOT_DIR: /opt/hostedtoolcache/Python/3.10.18/x64
slow-tests	Install dependencies	2025-07-11T09:08:00.6193917Z   Python2_ROOT_DIR: /opt/hostedtoolcache/Python/3.10.18/x64
slow-tests	Install dependencies	2025-07-11T09:08:00.6194463Z   Python3_ROOT_DIR: /opt/hostedtoolcache/Python/3.10.18/x64
slow-tests	Install dependencies	2025-07-11T09:08:00.6194976Z   LD_LIBRARY_PATH: /opt/hostedtoolcache/Python/3.10.18/x64/lib
slow-tests	Install dependencies	2025-07-11T09:08:00.6195369Z ##[endgroup]
slow-tests	Install dependencies	2025-07-11T09:08:04.2421223Z Requirement already satisfied: pip in /opt/hostedtoolcache/Python/3.10.18/x64/lib/python3.10/site-packages (25.1.1)
slow-tests	Install dependencies	2025-07-11T09:08:04.9788385Z Collecting pytest
slow-tests	Install dependencies	2025-07-11T09:08:05.0117870Z   Downloading pytest-8.4.1-py3-none-any.whl.metadata (7.7 kB)
slow-tests	Install dependencies	2025-07-11T09:08:05.0480290Z Collecting pytest-mock
slow-tests	Install dependencies	2025-07-11T09:08:05.0511257Z   Downloading pytest_mock-3.14.1-py3-none-any.whl.metadata (3.9 kB)
slow-tests	Install dependencies	2025-07-11T09:08:05.0781024Z Collecting pytest-asyncio
slow-tests	Install dependencies	2025-07-11T09:08:05.0811806Z   Downloading pytest_asyncio-1.0.0-py3-none-any.whl.metadata (4.0 kB)
slow-tests	Install dependencies	2025-07-11T09:08:05.0969881Z Collecting pytest-timeout
slow-tests	Install dependencies	2025-07-11T09:08:05.1000461Z   Downloading pytest_timeout-2.4.0-py3-none-any.whl.metadata (20 kB)
slow-tests	Install dependencies	2025-07-11T09:08:05.1213846Z Collecting pytest-cov
slow-tests	Install dependencies	2025-07-11T09:08:05.1250605Z   Downloading pytest_cov-6.2.1-py3-none-any.whl.metadata (30 kB)
slow-tests	Install dependencies	2025-07-11T09:08:05.1440676Z Collecting exceptiongroup>=1 (from pytest)
slow-tests	Install dependencies	2025-07-11T09:08:05.1468681Z   Downloading exceptiongroup-1.3.0-py3-none-any.whl.metadata (6.7 kB)
slow-tests	Install dependencies	2025-07-11T09:08:05.1581099Z Collecting iniconfig>=1 (from pytest)
slow-tests	Install dependencies	2025-07-11T09:08:05.1616731Z   Downloading iniconfig-2.1.0-py3-none-any.whl.metadata (2.7 kB)
slow-tests	Install dependencies	2025-07-11T09:08:05.1825418Z Collecting packaging>=20 (from pytest)
slow-tests	Install dependencies	2025-07-11T09:08:05.1856465Z   Downloading packaging-25.0-py3-none-any.whl.metadata (3.3 kB)
slow-tests	Install dependencies	2025-07-11T09:08:05.1996733Z Collecting pluggy<2,>=1.5 (from pytest)
slow-tests	Install dependencies	2025-07-11T09:08:05.2024174Z   Downloading pluggy-1.6.0-py3-none-any.whl.metadata (4.8 kB)
slow-tests	Install dependencies	2025-07-11T09:08:05.2254578Z Collecting pygments>=2.7.2 (from pytest)
slow-tests	Install dependencies	2025-07-11T09:08:05.2281905Z   Downloading pygments-2.19.2-py3-none-any.whl.metadata (2.5 kB)
slow-tests	Install dependencies	2025-07-11T09:08:05.2451036Z Collecting tomli>=1 (from pytest)
slow-tests	Install dependencies	2025-07-11T09:08:05.2481390Z   Downloading tomli-2.2.1-py3-none-any.whl.metadata (10 kB)
slow-tests	Install dependencies	2025-07-11T09:08:05.6398371Z Collecting coverage>=7.5 (from coverage[toml]>=7.5->pytest-cov)
slow-tests	Install dependencies	2025-07-11T09:08:05.6431067Z   Downloading coverage-7.9.2-cp310-cp310-manylinux_2_5_x86_64.manylinux1_x86_64.manylinux_2_17_x86_64.manylinux2014_x86_64.whl.metadata (8.9 kB)
slow-tests	Install dependencies	2025-07-11T09:08:05.6695501Z Collecting typing-extensions>=4.6.0 (from exceptiongroup>=1->pytest)
slow-tests	Install dependencies	2025-07-11T09:08:05.6723757Z   Downloading typing_extensions-4.14.1-py3-none-any.whl.metadata (3.0 kB)
slow-tests	Install dependencies	2025-07-11T09:08:05.6811512Z Downloading pytest-8.4.1-py3-none-any.whl (365 kB)
slow-tests	Install dependencies	2025-07-11T09:08:05.6912912Z Downloading pluggy-1.6.0-py3-none-any.whl (20 kB)
slow-tests	Install dependencies	2025-07-11T09:08:05.6964015Z Downloading pytest_mock-3.14.1-py3-none-any.whl (9.9 kB)
slow-tests	Install dependencies	2025-07-11T09:08:05.7013237Z Downloading pytest_asyncio-1.0.0-py3-none-any.whl (15 kB)
slow-tests	Install dependencies	2025-07-11T09:08:05.7059810Z Downloading pytest_timeout-2.4.0-py3-none-any.whl (14 kB)
slow-tests	Install dependencies	2025-07-11T09:08:05.7108580Z Downloading pytest_cov-6.2.1-py3-none-any.whl (24 kB)
slow-tests	Install dependencies	2025-07-11T09:08:05.7155999Z Downloading coverage-7.9.2-cp310-cp310-manylinux_2_5_x86_64.manylinux1_x86_64.manylinux_2_17_x86_64.manylinux2014_x86_64.whl (240 kB)
slow-tests	Install dependencies	2025-07-11T09:08:05.7217026Z Downloading exceptiongroup-1.3.0-py3-none-any.whl (16 kB)
slow-tests	Install dependencies	2025-07-11T09:08:05.7267339Z Downloading iniconfig-2.1.0-py3-none-any.whl (6.0 kB)
slow-tests	Install dependencies	2025-07-11T09:08:05.7320119Z Downloading packaging-25.0-py3-none-any.whl (66 kB)
slow-tests	Install dependencies	2025-07-11T09:08:05.7373295Z Downloading pygments-2.19.2-py3-none-any.whl (1.2 MB)
slow-tests	Install dependencies	2025-07-11T09:08:05.7484041Z    ━━━━━━━━━━━━━━━━━━━━━━━━━━━━━━━━━━━━━━━━ 1.2/1.2 MB 122.3 MB/s eta 0:00:00
slow-tests	Install dependencies	2025-07-11T09:08:05.7512373Z Downloading tomli-2.2.1-py3-none-any.whl (14 kB)
slow-tests	Install dependencies	2025-07-11T09:08:05.7560308Z Downloading typing_extensions-4.14.1-py3-none-any.whl (43 kB)
slow-tests	Install dependencies	2025-07-11T09:08:05.8015394Z Installing collected packages: typing-extensions, tomli, pygments, pluggy, packaging, iniconfig, coverage, exceptiongroup, pytest, pytest-timeout, pytest-mock, pytest-cov, pytest-asyncio
slow-tests	Install dependencies	2025-07-11T09:08:06.9026917Z
slow-tests	Install dependencies	2025-07-11T09:08:06.9057781Z Successfully installed coverage-7.9.2 exceptiongroup-1.3.0 iniconfig-2.1.0 packaging-25.0 pluggy-1.6.0 pygments-2.19.2 pytest-8.4.1 pytest-asyncio-1.0.0 pytest-cov-6.2.1 pytest-mock-3.14.1 pytest-timeout-2.4.0 tomli-2.2.1 typing-extensions-4.14.1
slow-tests	Install dependencies	2025-07-11T09:08:07.5075545Z Collecting annotated-types==0.7.0 (from -r requirements.txt (line 1))
slow-tests	Install dependencies	2025-07-11T09:08:07.5397074Z   Downloading annotated_types-0.7.0-py3-none-any.whl.metadata (15 kB)
slow-tests	Install dependencies	2025-07-11T09:08:07.5617540Z Collecting anyio==4.9.0 (from -r requirements.txt (line 2))
slow-tests	Install dependencies	2025-07-11T09:08:07.5657227Z   Downloading anyio-4.9.0-py3-none-any.whl.metadata (4.7 kB)
slow-tests	Install dependencies	2025-07-11T09:08:07.5832510Z Collecting blinker==1.9.0 (from -r requirements.txt (line 3))
slow-tests	Install dependencies	2025-07-11T09:08:07.5864220Z   Downloading blinker-1.9.0-py3-none-any.whl.metadata (1.6 kB)
slow-tests	Install dependencies	2025-07-11T09:08:07.6043403Z Collecting cachetools==5.5.2 (from -r requirements.txt (line 4))
slow-tests	Install dependencies	2025-07-11T09:08:07.6086261Z   Downloading cachetools-5.5.2-py3-none-any.whl.metadata (5.4 kB)
slow-tests	Install dependencies	2025-07-11T09:08:07.6290505Z Collecting certifi==2025.4.26 (from -r requirements.txt (line 5))
slow-tests	Install dependencies	2025-07-11T09:08:07.6324933Z   Downloading certifi-2025.4.26-py3-none-any.whl.metadata (2.5 kB)
slow-tests	Install dependencies	2025-07-11T09:08:07.7556378Z Collecting cffi==1.17.1 (from -r requirements.txt (line 6))
slow-tests	Install dependencies	2025-07-11T09:08:07.7591610Z   Downloading cffi-1.17.1-cp310-cp310-manylinux_2_17_x86_64.manylinux2014_x86_64.whl.metadata (1.5 kB)
slow-tests	Install dependencies	2025-07-11T09:08:07.8457250Z Collecting charset-normalizer==3.4.2 (from -r requirements.txt (line 7))
slow-tests	Install dependencies	2025-07-11T09:08:07.8497728Z   Downloading charset_normalizer-3.4.2-cp310-cp310-manylinux_2_17_x86_64.manylinux2014_x86_64.whl.metadata (35 kB)
slow-tests	Install dependencies	2025-07-11T09:08:07.8705752Z Collecting click==8.2.1 (from -r requirements.txt (line 8))
slow-tests	Install dependencies	2025-07-11T09:08:07.8739151Z   Downloading click-8.2.1-py3-none-any.whl.metadata (2.5 kB)
slow-tests	Install dependencies	2025-07-11T09:08:07.8778488Z Requirement already satisfied: coverage==7.9.2 in /opt/hostedtoolcache/Python/3.10.18/x64/lib/python3.10/site-packages (from -r requirements.txt (line 9)) (7.9.2)
slow-tests	Install dependencies	2025-07-11T09:08:08.0734432Z Collecting cryptography==45.0.5 (from -r requirements.txt (line 10))
slow-tests	Install dependencies	2025-07-11T09:08:08.0770165Z   Downloading cryptography-45.0.5-cp37-abi3-manylinux_2_34_x86_64.whl.metadata (5.7 kB)
slow-tests	Install dependencies	2025-07-11T09:08:08.0985842Z Collecting decorator==5.2.1 (from -r requirements.txt (line 11))
slow-tests	Install dependencies	2025-07-11T09:08:08.1017699Z   Downloading decorator-5.2.1-py3-none-any.whl.metadata (3.9 kB)
slow-tests	Install dependencies	2025-07-11T09:08:08.1153964Z Collecting Deprecated==1.2.18 (from -r requirements.txt (line 12))
slow-tests	Install dependencies	2025-07-11T09:08:08.1190181Z   Downloading Deprecated-1.2.18-py2.py3-none-any.whl.metadata (5.7 kB)
slow-tests	Install dependencies	2025-07-11T09:08:08.1316526Z Collecting distro==1.9.0 (from -r requirements.txt (line 13))
slow-tests	Install dependencies	2025-07-11T09:08:08.1350923Z   Downloading distro-1.9.0-py3-none-any.whl.metadata (6.8 kB)
slow-tests	Install dependencies	2025-07-11T09:08:08.1657765Z Collecting docstring_parser==0.16 (from -r requirements.txt (line 14))
slow-tests	Install dependencies	2025-07-11T09:08:08.1700140Z   Downloading docstring_parser-0.16-py3-none-any.whl.metadata (3.0 kB)
slow-tests	Install dependencies	2025-07-11T09:08:08.1840830Z Collecting ecdsa==0.19.1 (from -r requirements.txt (line 15))
slow-tests	Install dependencies	2025-07-11T09:08:08.1871563Z   Downloading ecdsa-0.19.1-py2.py3-none-any.whl.metadata (29 kB)
slow-tests	Install dependencies	2025-07-11T09:08:08.2034273Z Collecting execnet==2.1.1 (from -r requirements.txt (line 16))
slow-tests	Install dependencies	2025-07-11T09:08:08.2065870Z   Downloading execnet-2.1.1-py3-none-any.whl.metadata (2.9 kB)
slow-tests	Install dependencies	2025-07-11T09:08:08.2431733Z Collecting faiss-cpu==1.11.0 (from -r requirements.txt (line 17))
slow-tests	Install dependencies	2025-07-11T09:08:08.2469451Z   Downloading faiss_cpu-1.11.0-cp310-cp310-manylinux_2_28_x86_64.whl.metadata (4.8 kB)
slow-tests	Install dependencies	2025-07-11T09:08:08.2940766Z Collecting fastapi==0.115.12 (from -r requirements.txt (line 18))
slow-tests	Install dependencies	2025-07-11T09:08:08.2974059Z   Downloading fastapi-0.115.12-py3-none-any.whl.metadata (27 kB)
slow-tests	Install dependencies	2025-07-11T09:08:08.3202918Z Collecting Flask==3.1.1 (from -r requirements.txt (line 19))
slow-tests	Install dependencies	2025-07-11T09:08:08.3233407Z   Downloading flask-3.1.1-py3-none-any.whl.metadata (3.0 kB)
slow-tests	Install dependencies	2025-07-11T09:08:08.3411342Z Collecting functions-framework (from -r requirements.txt (line 20))
slow-tests	Install dependencies	2025-07-11T09:08:08.3448739Z   Downloading functions_framework-3.8.3-py3-none-any.whl.metadata (15 kB)
slow-tests	Install dependencies	2025-07-11T09:08:08.3796734Z Collecting google-api-core==2.24.2 (from -r requirements.txt (line 21))
slow-tests	Install dependencies	2025-07-11T09:08:08.3830734Z   Downloading google_api_core-2.24.2-py3-none-any.whl.metadata (3.0 kB)
slow-tests	Install dependencies	2025-07-11T09:08:08.4394831Z Collecting google-api-python-client==2.170.0 (from -r requirements.txt (line 22))
slow-tests	Install dependencies	2025-07-11T09:08:08.4437430Z   Downloading google_api_python_client-2.170.0-py3-none-any.whl.metadata (6.7 kB)
slow-tests	Install dependencies	2025-07-11T09:08:08.4829923Z Collecting google-auth==2.40.2 (from -r requirements.txt (line 23))
slow-tests	Install dependencies	2025-07-11T09:08:08.4861640Z   Downloading google_auth-2.40.2-py2.py3-none-any.whl.metadata (6.2 kB)
slow-tests	Install dependencies	2025-07-11T09:08:08.5092597Z Collecting google-auth-httplib2==0.2.0 (from -r requirements.txt (line 24))
slow-tests	Install dependencies	2025-07-11T09:08:08.5121632Z   Downloading google_auth_httplib2-0.2.0-py2.py3-none-any.whl.metadata (2.2 kB)
slow-tests	Install dependencies	2025-07-11T09:08:08.5258274Z Collecting google-auth-oauthlib==1.2.2 (from -r requirements.txt (line 25))
slow-tests	Install dependencies	2025-07-11T09:08:08.5288397Z   Downloading google_auth_oauthlib-1.2.2-py3-none-any.whl.metadata (2.7 kB)
slow-tests	Install dependencies	2025-07-11T09:08:08.5641710Z Collecting google-cloud-aiplatform==1.95.1 (from -r requirements.txt (line 26))
slow-tests	Install dependencies	2025-07-11T09:08:08.5671893Z   Downloading google_cloud_aiplatform-1.95.1-py2.py3-none-any.whl.metadata (35 kB)
slow-tests	Install dependencies	2025-07-11T09:08:08.6962474Z Collecting google-cloud-appengine-logging==1.6.2 (from -r requirements.txt (line 27))
slow-tests	Install dependencies	2025-07-11T09:08:08.7000796Z   Downloading google_cloud_appengine_logging-1.6.2-py3-none-any.whl.metadata (9.9 kB)
slow-tests	Install dependencies	2025-07-11T09:08:08.7132994Z Collecting google-cloud-audit-log==0.3.2 (from -r requirements.txt (line 28))
slow-tests	Install dependencies	2025-07-11T09:08:08.7238846Z   Downloading google_cloud_audit_log-0.3.2-py3-none-any.whl.metadata (9.0 kB)
slow-tests	Install dependencies	2025-07-11T09:08:08.7556364Z Collecting google-cloud-bigquery==3.34.0 (from -r requirements.txt (line 29))
slow-tests	Install dependencies	2025-07-11T09:08:08.7588625Z   Downloading google_cloud_bigquery-3.34.0-py3-none-any.whl.metadata (8.0 kB)
slow-tests	Install dependencies	2025-07-11T09:08:08.7869500Z Collecting google-cloud-billing==1.16.3 (from -r requirements.txt (line 30))
slow-tests	Install dependencies	2025-07-11T09:08:08.7909594Z   Downloading google_cloud_billing-1.16.3-py3-none-any.whl.metadata (9.6 kB)
slow-tests	Install dependencies	2025-07-11T09:08:08.8730440Z Collecting google-cloud-billing-budgets==1.17.2 (from -r requirements.txt (line 31))
slow-tests	Install dependencies	2025-07-11T09:08:08.8771855Z   Downloading google_cloud_billing_budgets-1.17.2-py3-none-any.whl.metadata (9.9 kB)
slow-tests	Install dependencies	2025-07-11T09:08:08.8966078Z Collecting google-cloud-core==2.4.3 (from -r requirements.txt (line 32))
slow-tests	Install dependencies	2025-07-11T09:08:08.8996391Z   Downloading google_cloud_core-2.4.3-py2.py3-none-any.whl.metadata (2.7 kB)
slow-tests	Install dependencies	2025-07-11T09:08:08.9240366Z Collecting google-cloud-firestore==2.20.2 (from -r requirements.txt (line 33))
slow-tests	Install dependencies	2025-07-11T09:08:08.9279336Z   Downloading google_cloud_firestore-2.20.2-py3-none-any.whl.metadata (9.9 kB)
slow-tests	Install dependencies	2025-07-11T09:08:08.9515173Z Collecting google-cloud-logging==3.12.1 (from -r requirements.txt (line 34))
slow-tests	Install dependencies	2025-07-11T09:08:08.9547883Z   Downloading google_cloud_logging-3.12.1-py2.py3-none-any.whl.metadata (5.0 kB)
slow-tests	Install dependencies	2025-07-11T09:08:08.9908587Z Collecting google-cloud-pubsub==2.31.0 (from -r requirements.txt (line 35))
slow-tests	Install dependencies	2025-07-11T09:08:08.9951634Z   Downloading google_cloud_pubsub-2.31.0-py3-none-any.whl.metadata (10 kB)
slow-tests	Install dependencies	2025-07-11T09:08:09.0194908Z Collecting google-cloud-resource-manager==1.14.2 (from -r requirements.txt (line 36))
slow-tests	Install dependencies	2025-07-11T09:08:09.0227607Z   Downloading google_cloud_resource_manager-1.14.2-py3-none-any.whl.metadata (9.6 kB)
slow-tests	Install dependencies	2025-07-11T09:08:09.0401261Z Collecting google-cloud-run==0.10.18 (from -r requirements.txt (line 37))
slow-tests	Install dependencies	2025-07-11T09:08:09.0429785Z   Downloading google_cloud_run-0.10.18-py3-none-any.whl.metadata (9.3 kB)
slow-tests	Install dependencies	2025-07-11T09:08:09.0634046Z Collecting google-cloud-secret-manager==2.24.0 (from -r requirements.txt (line 38))
slow-tests	Install dependencies	2025-07-11T09:08:09.0670326Z   Downloading google_cloud_secret_manager-2.24.0-py3-none-any.whl.metadata (9.7 kB)
slow-tests	Install dependencies	2025-07-11T09:08:09.0964867Z Collecting google-cloud-storage==2.19.0 (from -r requirements.txt (line 39))
slow-tests	Install dependencies	2025-07-11T09:08:09.1000318Z   Downloading google_cloud_storage-2.19.0-py2.py3-none-any.whl.metadata (9.1 kB)
slow-tests	Install dependencies	2025-07-11T09:08:09.1559509Z Collecting google-crc32c==1.7.1 (from -r requirements.txt (line 40))
slow-tests	Install dependencies	2025-07-11T09:08:09.1604937Z   Downloading google_crc32c-1.7.1-cp310-cp310-manylinux_2_17_x86_64.manylinux2014_x86_64.whl.metadata (2.3 kB)
slow-tests	Install dependencies	2025-07-11T09:08:09.1790118Z Collecting google-genai==1.18.0 (from -r requirements.txt (line 41))
slow-tests	Install dependencies	2025-07-11T09:08:09.1827297Z   Downloading google_genai-1.18.0-py3-none-any.whl.metadata (35 kB)
slow-tests	Install dependencies	2025-07-11T09:08:09.2358742Z Collecting google-resumable-media==2.7.2 (from -r requirements.txt (line 42))
slow-tests	Install dependencies	2025-07-11T09:08:09.2393244Z   Downloading google_resumable_media-2.7.2-py2.py3-none-any.whl.metadata (2.2 kB)
slow-tests	Install dependencies	2025-07-11T09:08:09.2578150Z Collecting googleapis-common-protos==1.70.0 (from -r requirements.txt (line 43))
slow-tests	Install dependencies	2025-07-11T09:08:09.2608490Z   Downloading googleapis_common_protos-1.70.0-py3-none-any.whl.metadata (9.3 kB)
slow-tests	Install dependencies	2025-07-11T09:08:09.2728412Z Collecting grpc-google-iam-v1==0.14.2 (from -r requirements.txt (line 44))
slow-tests	Install dependencies	2025-07-11T09:08:09.2768653Z   Downloading grpc_google_iam_v1-0.14.2-py3-none-any.whl.metadata (9.1 kB)
slow-tests	Install dependencies	2025-07-11T09:08:09.8868763Z Collecting grpcio==1.71.0 (from -r requirements.txt (line 45))
slow-tests	Install dependencies	2025-07-11T09:08:09.8911359Z   Downloading grpcio-1.71.0-cp310-cp310-manylinux_2_17_x86_64.manylinux2014_x86_64.whl.metadata (3.8 kB)
slow-tests	Install dependencies	2025-07-11T09:08:09.9239606Z Collecting grpcio-status==1.71.0 (from -r requirements.txt (line 46))
slow-tests	Install dependencies	2025-07-11T09:08:09.9270901Z   Downloading grpcio_status-1.71.0-py3-none-any.whl.metadata (1.1 kB)
slow-tests	Install dependencies	2025-07-11T09:08:09.9470623Z Collecting gunicorn==23.0.0 (from -r requirements.txt (line 47))
slow-tests	Install dependencies	2025-07-11T09:08:09.9504762Z   Downloading gunicorn-23.0.0-py3-none-any.whl.metadata (4.4 kB)
slow-tests	Install dependencies	2025-07-11T09:08:09.9675283Z Collecting h11==0.16.0 (from -r requirements.txt (line 48))
slow-tests	Install dependencies	2025-07-11T09:08:09.9705067Z   Downloading h11-0.16.0-py3-none-any.whl.metadata (8.3 kB)
slow-tests	Install dependencies	2025-07-11T09:08:09.9876563Z Collecting h2==4.2.0 (from -r requirements.txt (line 49))
slow-tests	Install dependencies	2025-07-11T09:08:09.9909501Z   Downloading h2-4.2.0-py3-none-any.whl.metadata (5.1 kB)
slow-tests	Install dependencies	2025-07-11T09:08:10.0032367Z Collecting hpack==4.1.0 (from -r requirements.txt (line 50))
slow-tests	Install dependencies	2025-07-11T09:08:10.0062844Z   Downloading hpack-4.1.0-py3-none-any.whl.metadata (4.6 kB)
slow-tests	Install dependencies	2025-07-11T09:08:10.0243221Z Collecting httpcore==1.0.9 (from -r requirements.txt (line 51))
slow-tests	Install dependencies	2025-07-11T09:08:10.0272758Z   Downloading httpcore-1.0.9-py3-none-any.whl.metadata (21 kB)
slow-tests	Install dependencies	2025-07-11T09:08:10.0434740Z Collecting httplib2==0.22.0 (from -r requirements.txt (line 52))
slow-tests	Install dependencies	2025-07-11T09:08:10.0464989Z   Downloading httplib2-0.22.0-py3-none-any.whl.metadata (2.6 kB)
slow-tests	Install dependencies	2025-07-11T09:08:10.0672954Z Collecting httpx==0.28.1 (from -r requirements.txt (line 53))
slow-tests	Install dependencies	2025-07-11T09:08:10.0702297Z   Downloading httpx-0.28.1-py3-none-any.whl.metadata (7.1 kB)
slow-tests	Install dependencies	2025-07-11T09:08:10.0857653Z Collecting hyperframe==6.1.0 (from -r requirements.txt (line 54))
slow-tests	Install dependencies	2025-07-11T09:08:10.0886779Z   Downloading hyperframe-6.1.0-py3-none-any.whl.metadata (4.3 kB)
slow-tests	Install dependencies	2025-07-11T09:08:10.1012436Z Collecting idna==3.10 (from -r requirements.txt (line 55))
slow-tests	Install dependencies	2025-07-11T09:08:10.1041578Z   Downloading idna-3.10-py3-none-any.whl.metadata (10 kB)
slow-tests	Install dependencies	2025-07-11T09:08:10.1360540Z Collecting importlib_metadata==8.7.0 (from -r requirements.txt (line 56))
slow-tests	Install dependencies	2025-07-11T09:08:10.1396322Z   Downloading importlib_metadata-8.7.0-py3-none-any.whl.metadata (4.8 kB)
slow-tests	Install dependencies	2025-07-11T09:08:10.1477650Z Requirement already satisfied: iniconfig==2.1.0 in /opt/hostedtoolcache/Python/3.10.18/x64/lib/python3.10/site-packages (from -r requirements.txt (line 57)) (2.1.0)
slow-tests	Install dependencies	2025-07-11T09:08:10.1564029Z Collecting itsdangerous==2.2.0 (from -r requirements.txt (line 58))
slow-tests	Install dependencies	2025-07-11T09:08:10.1596109Z   Downloading itsdangerous-2.2.0-py3-none-any.whl.metadata (1.9 kB)
slow-tests	Install dependencies	2025-07-11T09:08:10.1752774Z Collecting Jinja2==3.1.6 (from -r requirements.txt (line 59))
slow-tests	Install dependencies	2025-07-11T09:08:10.1783273Z   Downloading jinja2-3.1.6-py3-none-any.whl.metadata (2.9 kB)
slow-tests	Install dependencies	2025-07-11T09:08:10.2479312Z Collecting jiter==0.10.0 (from -r requirements.txt (line 60))
slow-tests	Install dependencies	2025-07-11T09:08:10.2515784Z   Downloading jiter-0.10.0-cp310-cp310-manylinux_2_17_x86_64.manylinux2014_x86_64.whl.metadata (5.2 kB)
slow-tests	Install dependencies	2025-07-11T09:08:10.2731995Z Collecting joblib==1.5.1 (from -r requirements.txt (line 61))
slow-tests	Install dependencies	2025-07-11T09:08:10.2762378Z   Downloading joblib-1.5.1-py3-none-any.whl.metadata (5.6 kB)
slow-tests	Install dependencies	2025-07-11T09:08:10.2901104Z Collecting jsonpatch==1.33 (from -r requirements.txt (line 62))
slow-tests	Install dependencies	2025-07-11T09:08:10.2931041Z   Downloading jsonpatch-1.33-py2.py3-none-any.whl.metadata (3.0 kB)
slow-tests	Install dependencies	2025-07-11T09:08:10.3066066Z Collecting jsonpointer==3.0.0 (from -r requirements.txt (line 63))
slow-tests	Install dependencies	2025-07-11T09:08:10.3096846Z   Downloading jsonpointer-3.0.0-py2.py3-none-any.whl.metadata (2.3 kB)
slow-tests	Install dependencies	2025-07-11T09:08:10.3529583Z Collecting langchain-core==0.3.63 (from -r requirements.txt (line 64))
slow-tests	Install dependencies	2025-07-11T09:08:10.3561242Z   Downloading langchain_core-0.3.63-py3-none-any.whl.metadata (5.8 kB)
slow-tests	Install dependencies	2025-07-11T09:08:10.3806945Z Collecting langchain-openai==0.3.18 (from -r requirements.txt (line 65))
slow-tests	Install dependencies	2025-07-11T09:08:10.3850192Z   Downloading langchain_openai-0.3.18-py3-none-any.whl.metadata (2.3 kB)
slow-tests	Install dependencies	2025-07-11T09:08:10.4511756Z Collecting langsmith==0.3.43 (from -r requirements.txt (line 66))
slow-tests	Install dependencies	2025-07-11T09:08:10.4557332Z   Downloading langsmith-0.3.43-py3-none-any.whl.metadata (15 kB)
slow-tests	Install dependencies	2025-07-11T09:08:10.4841673Z Collecting limits==5.4.0 (from -r requirements.txt (line 67))
slow-tests	Install dependencies	2025-07-11T09:08:10.4873226Z   Downloading limits-5.4.0-py3-none-any.whl.metadata (10 kB)
slow-tests	Install dependencies	2025-07-11T09:08:10.6055843Z Collecting MarkupSafe==3.0.2 (from -r requirements.txt (line 68))
slow-tests	Install dependencies	2025-07-11T09:08:10.6089944Z   Downloading MarkupSafe-3.0.2-cp310-cp310-manylinux_2_17_x86_64.manylinux2014_x86_64.whl.metadata (4.0 kB)
slow-tests	Install dependencies	2025-07-11T09:08:10.8148367Z Collecting numpy==2.2.6 (from -r requirements.txt (line 69))
slow-tests	Install dependencies	2025-07-11T09:08:10.8183404Z   Downloading numpy-2.2.6-cp310-cp310-manylinux_2_17_x86_64.manylinux2014_x86_64.whl.metadata (62 kB)
slow-tests	Install dependencies	2025-07-11T09:08:10.8345893Z Collecting oauthlib==3.2.2 (from -r requirements.txt (line 70))
slow-tests	Install dependencies	2025-07-11T09:08:10.8376013Z   Downloading oauthlib-3.2.2-py3-none-any.whl.metadata (7.5 kB)
slow-tests	Install dependencies	2025-07-11T09:08:10.8911771Z Collecting openai==1.82.1 (from -r requirements.txt (line 71))
slow-tests	Install dependencies	2025-07-11T09:08:10.8953293Z   Downloading openai-1.82.1-py3-none-any.whl.metadata (25 kB)
slow-tests	Install dependencies	2025-07-11T09:08:10.9195407Z Collecting opentelemetry-api==1.34.1 (from -r requirements.txt (line 72))
slow-tests	Install dependencies	2025-07-11T09:08:10.9226272Z   Downloading opentelemetry_api-1.34.1-py3-none-any.whl.metadata (1.5 kB)
slow-tests	Install dependencies	2025-07-11T09:08:10.9433323Z Collecting opentelemetry-sdk==1.34.1 (from -r requirements.txt (line 73))
slow-tests	Install dependencies	2025-07-11T09:08:10.9468566Z   Downloading opentelemetry_sdk-1.34.1-py3-none-any.whl.metadata (1.6 kB)
slow-tests	Install dependencies	2025-07-11T09:08:10.9641952Z Collecting opentelemetry-semantic-conventions==0.55b1 (from -r requirements.txt (line 74))
slow-tests	Install dependencies	2025-07-11T09:08:10.9676241Z   Downloading opentelemetry_semantic_conventions-0.55b1-py3-none-any.whl.metadata (2.5 kB)
slow-tests	Install dependencies	2025-07-11T09:08:11.3025903Z Collecting orjson==3.10.18 (from -r requirements.txt (line 75))
slow-tests	Install dependencies	2025-07-11T09:08:11.3065300Z   Downloading orjson-3.10.18-cp310-cp310-manylinux_2_17_x86_64.manylinux2014_x86_64.whl.metadata (41 kB)
slow-tests	Install dependencies	2025-07-11T09:08:11.3256467Z Collecting packaging==24.2 (from -r requirements.txt (line 76))
slow-tests	Install dependencies	2025-07-11T09:08:11.3289889Z   Downloading packaging-24.2-py3-none-any.whl.metadata (3.2 kB)
slow-tests	Install dependencies	2025-07-11T09:08:11.3413313Z Collecting passlib==1.7.4 (from -r requirements.txt (line 77))
slow-tests	Install dependencies	2025-07-11T09:08:11.3445877Z   Downloading passlib-1.7.4-py2.py3-none-any.whl.metadata (1.7 kB)
slow-tests	Install dependencies	2025-07-11T09:08:11.3496413Z Requirement already satisfied: pluggy==1.6.0 in /opt/hostedtoolcache/Python/3.10.18/x64/lib/python3.10/site-packages (from -r requirements.txt (line 78)) (1.6.0)
slow-tests	Install dependencies	2025-07-11T09:08:11.3634086Z Collecting portalocker==2.10.1 (from -r requirements.txt (line 79))
slow-tests	Install dependencies	2025-07-11T09:08:11.3662687Z   Downloading portalocker-2.10.1-py3-none-any.whl.metadata (8.5 kB)
slow-tests	Install dependencies	2025-07-11T09:08:11.3829212Z Collecting prometheus_client==0.22.0 (from -r requirements.txt (line 80))
slow-tests	Install dependencies	2025-07-11T09:08:11.3866343Z   Downloading prometheus_client-0.22.0-py3-none-any.whl.metadata (14 kB)
slow-tests	Install dependencies	2025-07-11T09:08:11.4080045Z Collecting proto-plus==1.26.1 (from -r requirements.txt (line 81))
slow-tests	Install dependencies	2025-07-11T09:08:11.4109113Z   Downloading proto_plus-1.26.1-py3-none-any.whl.metadata (2.2 kB)
slow-tests	Install dependencies	2025-07-11T09:08:11.5928334Z Collecting protobuf==5.29.5 (from -r requirements.txt (line 82))
slow-tests	Install dependencies	2025-07-11T09:08:11.5962281Z   Downloading protobuf-5.29.5-cp38-abi3-manylinux2014_x86_64.whl.metadata (592 bytes)
slow-tests	Install dependencies	2025-07-11T09:08:11.6744499Z Collecting psutil==7.0.0 (from -r requirements.txt (line 83))
slow-tests	Install dependencies	2025-07-11T09:08:11.6783368Z   Downloading psutil-7.0.0-cp36-abi3-manylinux_2_12_x86_64.manylinux2010_x86_64.manylinux_2_17_x86_64.manylinux2014_x86_64.whl.metadata (22 kB)
slow-tests	Install dependencies	2025-07-11T09:08:11.6975902Z Collecting py==1.11.0 (from -r requirements.txt (line 84))
slow-tests	Install dependencies	2025-07-11T09:08:11.7007229Z   Downloading py-1.11.0-py2.py3-none-any.whl.metadata (2.8 kB)
slow-tests	Install dependencies	2025-07-11T09:08:11.7227204Z Collecting pyasn1==0.6.1 (from -r requirements.txt (line 85))
slow-tests	Install dependencies	2025-07-11T09:08:11.7259252Z   Downloading pyasn1-0.6.1-py3-none-any.whl.metadata (8.4 kB)
slow-tests	Install dependencies	2025-07-11T09:08:11.7466255Z Collecting pyasn1_modules==0.4.2 (from -r requirements.txt (line 86))
slow-tests	Install dependencies	2025-07-11T09:08:11.7496581Z   Downloading pyasn1_modules-0.4.2-py3-none-any.whl.metadata (3.5 kB)
slow-tests	Install dependencies	2025-07-11T09:08:11.7603699Z Collecting pycparser==2.22 (from -r requirements.txt (line 87))
slow-tests	Install dependencies	2025-07-11T09:08:11.7634207Z   Downloading pycparser-2.22-py3-none-any.whl.metadata (943 bytes)
slow-tests	Install dependencies	2025-07-11T09:08:11.8895711Z Collecting pydantic==2.11.5 (from -r requirements.txt (line 88))
slow-tests	Install dependencies	2025-07-11T09:08:11.8927995Z   Downloading pydantic-2.11.5-py3-none-any.whl.metadata (67 kB)
slow-tests	Install dependencies	2025-07-11T09:08:12.6865202Z Collecting pydantic_core==2.33.2 (from -r requirements.txt (line 89))
slow-tests	Install dependencies	2025-07-11T09:08:12.6898372Z   Downloading pydantic_core-2.33.2-cp310-cp310-manylinux_2_17_x86_64.manylinux2014_x86_64.whl.metadata (6.8 kB)
slow-tests	Install dependencies	2025-07-11T09:08:12.7167945Z Collecting pyparsing==3.2.3 (from -r requirements.txt (line 90))
slow-tests	Install dependencies	2025-07-11T09:08:12.7199504Z   Downloading pyparsing-3.2.3-py3-none-any.whl.metadata (5.0 kB)
slow-tests	Install dependencies	2025-07-11T09:08:12.7555837Z Collecting pytest==8.3.5 (from -r requirements.txt (line 91))
slow-tests	Install dependencies	2025-07-11T09:08:12.7586934Z   Downloading pytest-8.3.5-py3-none-any.whl.metadata (7.6 kB)
slow-tests	Install dependencies	2025-07-11T09:08:12.7639416Z Requirement already satisfied: pytest-asyncio==1.0.0 in /opt/hostedtoolcache/Python/3.10.18/x64/lib/python3.10/site-packages (from -r requirements.txt (line 92)) (1.0.0)
slow-tests	Install dependencies	2025-07-11T09:08:12.7644577Z Requirement already satisfied: pytest-cov==6.2.1 in /opt/hostedtoolcache/Python/3.10.18/x64/lib/python3.10/site-packages (from -r requirements.txt (line 93)) (6.2.1)
slow-tests	Install dependencies	2025-07-11T09:08:12.7759273Z Collecting pytest-json-report==1.5.0 (from -r requirements.txt (line 94))
slow-tests	Install dependencies	2025-07-11T09:08:12.7789539Z   Downloading pytest_json_report-1.5.0-py3-none-any.whl.metadata (15 kB)
slow-tests	Install dependencies	2025-07-11T09:08:12.7931261Z Collecting pytest-metadata==3.1.1 (from -r requirements.txt (line 95))
slow-tests	Install dependencies	2025-07-11T09:08:12.7962602Z   Downloading pytest_metadata-3.1.1-py3-none-any.whl.metadata (8.6 kB)
slow-tests	Install dependencies	2025-07-11T09:08:12.8009515Z Requirement already satisfied: pytest-mock==3.14.1 in /opt/hostedtoolcache/Python/3.10.18/x64/lib/python3.10/site-packages (from -r requirements.txt (line 96)) (3.14.1)
slow-tests	Install dependencies	2025-07-11T09:08:12.8134963Z Collecting pytest-randomly==3.16.0 (from -r requirements.txt (line 97))
slow-tests	Install dependencies	2025-07-11T09:08:12.8164697Z   Downloading pytest_randomly-3.16.0-py3-none-any.whl.metadata (8.6 kB)
slow-tests	Install dependencies	2025-07-11T09:08:12.8311958Z Collecting pytest-rerunfailures==15.1 (from -r requirements.txt (line 98))
slow-tests	Install dependencies	2025-07-11T09:08:12.8342259Z   Downloading pytest_rerunfailures-15.1-py3-none-any.whl.metadata (20 kB)
slow-tests	Install dependencies	2025-07-11T09:08:12.8385059Z Requirement already satisfied: pytest-timeout==2.4.0 in /opt/hostedtoolcache/Python/3.10.18/x64/lib/python3.10/site-packages (from -r requirements.txt (line 99)) (2.4.0)
slow-tests	Install dependencies	2025-07-11T09:08:12.8550075Z Collecting pytest-xdist==3.8.0 (from -r requirements.txt (line 100))
slow-tests	Install dependencies	2025-07-11T09:08:12.8580772Z   Downloading pytest_xdist-3.8.0-py3-none-any.whl.metadata (3.0 kB)
slow-tests	Install dependencies	2025-07-11T09:08:12.8729712Z Collecting python-dateutil==2.9.0.post0 (from -r requirements.txt (line 101))
slow-tests	Install dependencies	2025-07-11T09:08:12.8758162Z   Downloading python_dateutil-2.9.0.post0-py2.py3-none-any.whl.metadata (8.4 kB)
slow-tests	Install dependencies	2025-07-11T09:08:12.8933323Z Collecting python-dotenv==1.1.0 (from -r requirements.txt (line 102))
slow-tests	Install dependencies	2025-07-11T09:08:12.8971346Z   Downloading python_dotenv-1.1.0-py3-none-any.whl.metadata (24 kB)
slow-tests	Install dependencies	2025-07-11T09:08:12.9121663Z Collecting python-jose==3.5.0 (from -r requirements.txt (line 103))
slow-tests	Install dependencies	2025-07-11T09:08:12.9151661Z   Downloading python_jose-3.5.0-py2.py3-none-any.whl.metadata (5.5 kB)
slow-tests	Install dependencies	2025-07-11T09:08:12.9296985Z Collecting python-multipart==0.0.20 (from -r requirements.txt (line 104))
slow-tests	Install dependencies	2025-07-11T09:08:12.9326788Z   Downloading python_multipart-0.0.20-py3-none-any.whl.metadata (1.8 kB)
slow-tests	Install dependencies	2025-07-11T09:08:12.9746553Z Collecting PyYAML==6.0.2 (from -r requirements.txt (line 105))
slow-tests	Install dependencies	2025-07-11T09:08:12.9779177Z   Downloading PyYAML-6.0.2-cp310-cp310-manylinux_2_17_x86_64.manylinux2014_x86_64.whl.metadata (2.1 kB)
slow-tests	Install dependencies	2025-07-11T09:08:13.0083289Z Collecting qdrant-client==1.14.2 (from -r requirements.txt (line 106))
slow-tests	Install dependencies	2025-07-11T09:08:13.0126190Z   Downloading qdrant_client-1.14.2-py3-none-any.whl.metadata (10 kB)
slow-tests	Install dependencies	2025-07-11T09:08:13.4820565Z Collecting regex==2024.11.6 (from -r requirements.txt (line 107))
slow-tests	Install dependencies	2025-07-11T09:08:13.4853227Z   Downloading regex-2024.11.6-cp310-cp310-manylinux_2_17_x86_64.manylinux2014_x86_64.whl.metadata (40 kB)
slow-tests	Install dependencies	2025-07-11T09:08:13.5140856Z Collecting requests==2.32.3 (from -r requirements.txt (line 108))
slow-tests	Install dependencies	2025-07-11T09:08:13.5174805Z   Downloading requests-2.32.3-py3-none-any.whl.metadata (4.6 kB)
slow-tests	Install dependencies	2025-07-11T09:08:13.5312005Z Collecting requests-oauthlib==2.0.0 (from -r requirements.txt (line 109))
slow-tests	Install dependencies	2025-07-11T09:08:13.5340805Z   Downloading requests_oauthlib-2.0.0-py2.py3-none-any.whl.metadata (11 kB)
slow-tests	Install dependencies	2025-07-11T09:08:13.5475796Z Collecting requests-toolbelt==1.0.0 (from -r requirements.txt (line 110))
slow-tests	Install dependencies	2025-07-11T09:08:13.5506256Z   Downloading requests_toolbelt-1.0.0-py2.py3-none-any.whl.metadata (14 kB)
slow-tests	Install dependencies	2025-07-11T09:08:13.5627561Z Collecting retry==0.9.2 (from -r requirements.txt (line 111))
slow-tests	Install dependencies	2025-07-11T09:08:13.5657032Z   Downloading retry-0.9.2-py2.py3-none-any.whl.metadata (5.8 kB)
slow-tests	Install dependencies	2025-07-11T09:08:13.5812181Z Collecting rsa==4.9.1 (from -r requirements.txt (line 112))
slow-tests	Install dependencies	2025-07-11T09:08:13.5845935Z   Downloading rsa-4.9.1-py3-none-any.whl.metadata (5.6 kB)
slow-tests	Install dependencies	2025-07-11T09:08:13.6781659Z Collecting scikit-learn==1.6.1 (from -r requirements.txt (line 113))
slow-tests	Install dependencies	2025-07-11T09:08:13.6829157Z   Downloading scikit_learn-1.6.1-cp310-cp310-manylinux_2_17_x86_64.manylinux2014_x86_64.whl.metadata (18 kB)
slow-tests	Install dependencies	2025-07-11T09:08:13.8247697Z Collecting scipy==1.15.3 (from -r requirements.txt (line 114))
slow-tests	Install dependencies	2025-07-11T09:08:13.8282217Z   Downloading scipy-1.15.3-cp310-cp310-manylinux_2_17_x86_64.manylinux2014_x86_64.whl.metadata (61 kB)
slow-tests	Install dependencies	2025-07-11T09:08:13.9357130Z Collecting shapely==2.1.1 (from -r requirements.txt (line 115))
slow-tests	Install dependencies	2025-07-11T09:08:13.9391522Z   Downloading shapely-2.1.1-cp310-cp310-manylinux_2_17_x86_64.manylinux2014_x86_64.whl.metadata (6.7 kB)
slow-tests	Install dependencies	2025-07-11T09:08:13.9548433Z Collecting six==1.17.0 (from -r requirements.txt (line 116))
slow-tests	Install dependencies	2025-07-11T09:08:13.9579258Z   Downloading six-1.17.0-py2.py3-none-any.whl.metadata (1.7 kB)
slow-tests	Install dependencies	2025-07-11T09:08:13.9721421Z Collecting slowapi==0.1.9 (from -r requirements.txt (line 117))
slow-tests	Install dependencies	2025-07-11T09:08:13.9762508Z   Downloading slowapi-0.1.9-py3-none-any.whl.metadata (3.0 kB)
slow-tests	Install dependencies	2025-07-11T09:08:13.9869577Z Collecting sniffio==1.3.1 (from -r requirements.txt (line 118))
slow-tests	Install dependencies	2025-07-11T09:08:13.9898838Z   Downloading sniffio-1.3.1-py3-none-any.whl.metadata (3.9 kB)
slow-tests	Install dependencies	2025-07-11T09:08:14.0196080Z Collecting starlette==0.46.2 (from -r requirements.txt (line 119))
slow-tests	Install dependencies	2025-07-11T09:08:14.0228753Z   Downloading starlette-0.46.2-py3-none-any.whl.metadata (6.2 kB)
slow-tests	Install dependencies	2025-07-11T09:08:14.0419524Z Collecting tenacity==9.1.2 (from -r requirements.txt (line 120))
slow-tests	Install dependencies	2025-07-11T09:08:14.0452177Z   Downloading tenacity-9.1.2-py3-none-any.whl.metadata (1.2 kB)
slow-tests	Install dependencies	2025-07-11T09:08:14.0602851Z Collecting threadpoolctl==3.6.0 (from -r requirements.txt (line 121))
slow-tests	Install dependencies	2025-07-11T09:08:14.0632911Z   Downloading threadpoolctl-3.6.0-py3-none-any.whl.metadata (13 kB)
slow-tests	Install dependencies	2025-07-11T09:08:14.1050465Z Collecting tiktoken==0.9.0 (from -r requirements.txt (line 122))
slow-tests	Install dependencies	2025-07-11T09:08:14.1085939Z   Downloading tiktoken-0.9.0-cp310-cp310-manylinux_2_17_x86_64.manylinux2014_x86_64.whl.metadata (6.7 kB)
slow-tests	Install dependencies	2025-07-11T09:08:14.1446378Z Collecting tqdm==4.67.1 (from -r requirements.txt (line 123))
slow-tests	Install dependencies	2025-07-11T09:08:14.1480557Z   Downloading tqdm-4.67.1-py3-none-any.whl.metadata (57 kB)
slow-tests	Install dependencies	2025-07-11T09:08:14.1634300Z Collecting typing-inspection==0.4.1 (from -r requirements.txt (line 124))
slow-tests	Install dependencies	2025-07-11T09:08:14.1664247Z   Downloading typing_inspection-0.4.1-py3-none-any.whl.metadata (2.6 kB)
slow-tests	Install dependencies	2025-07-11T09:08:14.1849010Z Collecting typing_extensions==4.13.2 (from -r requirements.txt (line 125))
slow-tests	Install dependencies	2025-07-11T09:08:14.1879911Z   Downloading typing_extensions-4.13.2-py3-none-any.whl.metadata (3.0 kB)
slow-tests	Install dependencies	2025-07-11T09:08:14.2091124Z Collecting uritemplate==4.1.1 (from -r requirements.txt (line 126))
slow-tests	Install dependencies	2025-07-11T09:08:14.2125129Z   Downloading uritemplate-4.1.1-py2.py3-none-any.whl.metadata (2.9 kB)
slow-tests	Install dependencies	2025-07-11T09:08:14.2368384Z Collecting urllib3==2.4.0 (from -r requirements.txt (line 127))
slow-tests	Install dependencies	2025-07-11T09:08:14.2398957Z   Downloading urllib3-2.4.0-py3-none-any.whl.metadata (6.5 kB)
slow-tests	Install dependencies	2025-07-11T09:08:14.2696482Z Collecting uvicorn==0.34.3 (from -r requirements.txt (line 128))
slow-tests	Install dependencies	2025-07-11T09:08:14.2728012Z   Downloading uvicorn-0.34.3-py3-none-any.whl.metadata (6.5 kB)
slow-tests	Install dependencies	2025-07-11T09:08:14.3783156Z Collecting websockets==15.0.1 (from -r requirements.txt (line 129))
slow-tests	Install dependencies	2025-07-11T09:08:14.3818876Z   Downloading websockets-15.0.1-cp310-cp310-manylinux_2_5_x86_64.manylinux1_x86_64.manylinux_2_17_x86_64.manylinux2014_x86_64.whl.metadata (6.8 kB)
slow-tests	Install dependencies	2025-07-11T09:08:14.4060329Z Collecting Werkzeug==3.1.3 (from -r requirements.txt (line 130))
slow-tests	Install dependencies	2025-07-11T09:08:14.4093129Z   Downloading werkzeug-3.1.3-py3-none-any.whl.metadata (3.7 kB)
slow-tests	Install dependencies	2025-07-11T09:08:14.5108790Z Collecting wrapt==1.17.2 (from -r requirements.txt (line 131))
slow-tests	Install dependencies	2025-07-11T09:08:14.5143144Z   Downloading wrapt-1.17.2-cp310-cp310-manylinux_2_5_x86_64.manylinux1_x86_64.manylinux_2_17_x86_64.manylinux2014_x86_64.whl.metadata (6.4 kB)
slow-tests	Install dependencies	2025-07-11T09:08:14.5335669Z Collecting zipp==3.23.0 (from -r requirements.txt (line 132))
slow-tests	Install dependencies	2025-07-11T09:08:14.5370905Z   Downloading zipp-3.23.0-py3-none-any.whl.metadata (3.6 kB)
slow-tests	Install dependencies	2025-07-11T09:08:14.6151174Z Collecting zstandard==0.23.0 (from -r requirements.txt (line 133))
slow-tests	Install dependencies	2025-07-11T09:08:14.6186427Z   Downloading zstandard-0.23.0-cp310-cp310-manylinux_2_17_x86_64.manylinux2014_x86_64.whl.metadata (3.0 kB)
slow-tests	Install dependencies	2025-07-11T09:08:14.6260859Z Requirement already satisfied: exceptiongroup>=1.0.2 in /opt/hostedtoolcache/Python/3.10.18/x64/lib/python3.10/site-packages (from anyio==4.9.0->-r requirements.txt (line 2)) (1.3.0)
slow-tests	Install dependencies	2025-07-11T09:08:16.5004025Z Requirement already satisfied: tomli>=1 in /opt/hostedtoolcache/Python/3.10.18/x64/lib/python3.10/site-packages (from pytest==8.3.5->-r requirements.txt (line 91)) (2.2.1)
slow-tests	Install dependencies	2025-07-11T09:08:17.0173955Z Collecting watchdog>=1.0.0 (from functions-framework->-r requirements.txt (line 20))
slow-tests	Install dependencies	2025-07-11T09:08:17.0211461Z   Downloading watchdog-6.0.0-py3-none-manylinux2014_x86_64.whl.metadata (44 kB)
slow-tests	Install dependencies	2025-07-11T09:08:17.0445398Z Collecting cloudevents<2.0.0,>=1.2.0 (from functions-framework->-r requirements.txt (line 20))
slow-tests	Install dependencies	2025-07-11T09:08:17.0480715Z   Downloading cloudevents-1.12.0-py3-none-any.whl.metadata (7.2 kB)
slow-tests	Install dependencies	2025-07-11T09:08:17.0727819Z Collecting deprecation<3.0,>=2.0 (from cloudevents<2.0.0,>=1.2.0->functions-framework->-r requirements.txt (line 20))
slow-tests	Install dependencies	2025-07-11T09:08:17.0760519Z   Downloading deprecation-2.1.0-py2.py3-none-any.whl.metadata (4.6 kB)
slow-tests	Install dependencies	2025-07-11T09:08:17.1078740Z Downloading annotated_types-0.7.0-py3-none-any.whl (13 kB)
slow-tests	Install dependencies	2025-07-11T09:08:17.1132798Z Downloading anyio-4.9.0-py3-none-any.whl (100 kB)
slow-tests	Install dependencies	2025-07-11T09:08:17.1187406Z Downloading blinker-1.9.0-py3-none-any.whl (8.5 kB)
slow-tests	Install dependencies	2025-07-11T09:08:17.1232763Z Downloading cachetools-5.5.2-py3-none-any.whl (10 kB)
slow-tests	Install dependencies	2025-07-11T09:08:17.1278607Z Downloading certifi-2025.4.26-py3-none-any.whl (159 kB)
slow-tests	Install dependencies	2025-07-11T09:08:17.1333923Z Downloading cffi-1.17.1-cp310-cp310-manylinux_2_17_x86_64.manylinux2014_x86_64.whl (446 kB)
slow-tests	Install dependencies	2025-07-11T09:08:17.1401888Z Downloading charset_normalizer-3.4.2-cp310-cp310-manylinux_2_17_x86_64.manylinux2014_x86_64.whl (149 kB)
slow-tests	Install dependencies	2025-07-11T09:08:17.1455944Z Downloading click-8.2.1-py3-none-any.whl (102 kB)
slow-tests	Install dependencies	2025-07-11T09:08:17.1520081Z Downloading cryptography-45.0.5-cp37-abi3-manylinux_2_34_x86_64.whl (4.4 MB)
slow-tests	Install dependencies	2025-07-11T09:08:17.1789977Z    ━━━━━━━━━━━━━━━━━━━━━━━━━━━━━━━━━━━━━━━━ 4.4/4.4 MB 179.7 MB/s eta 0:00:00
slow-tests	Install dependencies	2025-07-11T09:08:17.1822916Z Downloading decorator-5.2.1-py3-none-any.whl (9.2 kB)
slow-tests	Install dependencies	2025-07-11T09:08:17.1872216Z Downloading Deprecated-1.2.18-py2.py3-none-any.whl (10.0 kB)
slow-tests	Install dependencies	2025-07-11T09:08:17.1923040Z Downloading wrapt-1.17.2-cp310-cp310-manylinux_2_5_x86_64.manylinux1_x86_64.manylinux_2_17_x86_64.manylinux2014_x86_64.whl (82 kB)
slow-tests	Install dependencies	2025-07-11T09:08:17.1976190Z Downloading distro-1.9.0-py3-none-any.whl (20 kB)
slow-tests	Install dependencies	2025-07-11T09:08:17.2028609Z Downloading docstring_parser-0.16-py3-none-any.whl (36 kB)
slow-tests	Install dependencies	2025-07-11T09:08:17.2083316Z Downloading ecdsa-0.19.1-py2.py3-none-any.whl (150 kB)
slow-tests	Install dependencies	2025-07-11T09:08:17.2281287Z Downloading execnet-2.1.1-py3-none-any.whl (40 kB)
slow-tests	Install dependencies	2025-07-11T09:08:17.2344142Z Downloading faiss_cpu-1.11.0-cp310-cp310-manylinux_2_28_x86_64.whl (31.3 MB)
slow-tests	Install dependencies	2025-07-11T09:08:17.4125970Z    ━━━━━━━━━━━━━━━━━━━━━━━━━━━━━━━━━━━━━━━━ 31.3/31.3 MB 180.3 MB/s eta 0:00:00
slow-tests	Install dependencies	2025-07-11T09:08:17.4159456Z Downloading numpy-2.2.6-cp310-cp310-manylinux_2_17_x86_64.manylinux2014_x86_64.whl (16.8 MB)
slow-tests	Install dependencies	2025-07-11T09:08:17.5208458Z    ━━━━━━━━━━━━━━━━━━━━━━━━━━━━━━━━━━━━━━━━ 16.8/16.8 MB 165.9 MB/s eta 0:00:00
slow-tests	Install dependencies	2025-07-11T09:08:17.5242986Z Downloading fastapi-0.115.12-py3-none-any.whl (95 kB)
slow-tests	Install dependencies	2025-07-11T09:08:17.5304057Z Downloading pydantic-2.11.5-py3-none-any.whl (444 kB)
slow-tests	Install dependencies	2025-07-11T09:08:17.5377997Z Downloading starlette-0.46.2-py3-none-any.whl (72 kB)
slow-tests	Install dependencies	2025-07-11T09:08:17.5433837Z Downloading flask-3.1.1-py3-none-any.whl (103 kB)
slow-tests	Install dependencies	2025-07-11T09:08:17.5489867Z Downloading google_api_core-2.24.2-py3-none-any.whl (160 kB)
slow-tests	Install dependencies	2025-07-11T09:08:17.5553438Z Downloading google_auth-2.40.2-py2.py3-none-any.whl (216 kB)
slow-tests	Install dependencies	2025-07-11T09:08:17.5614543Z Downloading googleapis_common_protos-1.70.0-py3-none-any.whl (294 kB)
slow-tests	Install dependencies	2025-07-11T09:08:17.5676349Z Downloading proto_plus-1.26.1-py3-none-any.whl (50 kB)
slow-tests	Install dependencies	2025-07-11T09:08:17.5727361Z Downloading protobuf-5.29.5-cp38-abi3-manylinux2014_x86_64.whl (319 kB)
slow-tests	Install dependencies	2025-07-11T09:08:17.5788115Z Downloading requests-2.32.3-py3-none-any.whl (64 kB)
slow-tests	Install dependencies	2025-07-11T09:08:17.5839492Z Downloading idna-3.10-py3-none-any.whl (70 kB)
slow-tests	Install dependencies	2025-07-11T09:08:17.5892414Z Downloading rsa-4.9.1-py3-none-any.whl (34 kB)
slow-tests	Install dependencies	2025-07-11T09:08:17.5944201Z Downloading urllib3-2.4.0-py3-none-any.whl (128 kB)
slow-tests	Install dependencies	2025-07-11T09:08:17.6012429Z Downloading google_api_python_client-2.170.0-py3-none-any.whl (13.5 MB)
slow-tests	Install dependencies	2025-07-11T09:08:17.6661651Z    ━━━━━━━━━━━━━━━━━━━━━━━━━━━━━━━━━━━━━━━━ 13.5/13.5 MB 214.3 MB/s eta 0:00:00
slow-tests	Install dependencies	2025-07-11T09:08:17.6698306Z Downloading google_auth_httplib2-0.2.0-py2.py3-none-any.whl (9.3 kB)
slow-tests	Install dependencies	2025-07-11T09:08:17.6750745Z Downloading httplib2-0.22.0-py3-none-any.whl (96 kB)
slow-tests	Install dependencies	2025-07-11T09:08:17.6807205Z Downloading pyparsing-3.2.3-py3-none-any.whl (111 kB)
slow-tests	Install dependencies	2025-07-11T09:08:17.6862945Z Downloading uritemplate-4.1.1-py2.py3-none-any.whl (10 kB)
slow-tests	Install dependencies	2025-07-11T09:08:17.6912450Z Downloading google_auth_oauthlib-1.2.2-py3-none-any.whl (19 kB)
slow-tests	Install dependencies	2025-07-11T09:08:17.6978362Z Downloading google_cloud_aiplatform-1.95.1-py2.py3-none-any.whl (7.7 MB)
slow-tests	Install dependencies	2025-07-11T09:08:17.7443742Z    ━━━━━━━━━━━━━━━━━━━━━━━━━━━━━━━━━━━━━━━━ 7.7/7.7 MB 169.6 MB/s eta 0:00:00
slow-tests	Install dependencies	2025-07-11T09:08:17.7479614Z Downloading google_cloud_bigquery-3.34.0-py3-none-any.whl (253 kB)
slow-tests	Install dependencies	2025-07-11T09:08:17.7540643Z Downloading google_cloud_core-2.4.3-py2.py3-none-any.whl (29 kB)
slow-tests	Install dependencies	2025-07-11T09:08:17.7591745Z Downloading google_cloud_resource_manager-1.14.2-py3-none-any.whl (394 kB)
slow-tests	Install dependencies	2025-07-11T09:08:17.7666560Z Downloading google_cloud_storage-2.19.0-py2.py3-none-any.whl (131 kB)
slow-tests	Install dependencies	2025-07-11T09:08:17.7721462Z Downloading google_crc32c-1.7.1-cp310-cp310-manylinux_2_17_x86_64.manylinux2014_x86_64.whl (38 kB)
slow-tests	Install dependencies	2025-07-11T09:08:17.7782080Z Downloading google_genai-1.18.0-py3-none-any.whl (199 kB)
slow-tests	Install dependencies	2025-07-11T09:08:17.7840225Z Downloading google_resumable_media-2.7.2-py2.py3-none-any.whl (81 kB)
slow-tests	Install dependencies	2025-07-11T09:08:17.7898389Z Downloading grpc_google_iam_v1-0.14.2-py3-none-any.whl (19 kB)
slow-tests	Install dependencies	2025-07-11T09:08:17.7958617Z Downloading grpcio-1.71.0-cp310-cp310-manylinux_2_17_x86_64.manylinux2014_x86_64.whl (5.9 MB)
slow-tests	Install dependencies	2025-07-11T09:08:17.8262164Z    ━━━━━━━━━━━━━━━━━━━━━━━━━━━━━━━━━━━━━━━━ 5.9/5.9 MB 208.3 MB/s eta 0:00:00
slow-tests	Install dependencies	2025-07-11T09:08:17.8292987Z Downloading httpx-0.28.1-py3-none-any.whl (73 kB)
slow-tests	Install dependencies	2025-07-11T09:08:17.8346538Z Downloading httpcore-1.0.9-py3-none-any.whl (78 kB)
slow-tests	Install dependencies	2025-07-11T09:08:17.8410077Z Downloading python_dateutil-2.9.0.post0-py2.py3-none-any.whl (229 kB)
slow-tests	Install dependencies	2025-07-11T09:08:17.8474380Z Downloading shapely-2.1.1-cp310-cp310-manylinux_2_17_x86_64.manylinux2014_x86_64.whl (3.1 MB)
slow-tests	Install dependencies	2025-07-11T09:08:17.8677768Z    ━━━━━━━━━━━━━━━━━━━━━━━━━━━━━━━━━━━━━━━━ 3.1/3.1 MB 181.5 MB/s eta 0:00:00
slow-tests	Install dependencies	2025-07-11T09:08:17.8712098Z Downloading typing_extensions-4.13.2-py3-none-any.whl (45 kB)
slow-tests	Install dependencies	2025-07-11T09:08:17.8767453Z Downloading websockets-15.0.1-cp310-cp310-manylinux_2_5_x86_64.manylinux1_x86_64.manylinux_2_17_x86_64.manylinux2014_x86_64.whl (181 kB)
slow-tests	Install dependencies	2025-07-11T09:08:17.8828708Z Downloading google_cloud_appengine_logging-1.6.2-py3-none-any.whl (16 kB)
slow-tests	Install dependencies	2025-07-11T09:08:17.8880442Z Downloading google_cloud_audit_log-0.3.2-py3-none-any.whl (32 kB)
slow-tests	Install dependencies	2025-07-11T09:08:17.8940363Z Downloading google_cloud_billing-1.16.3-py3-none-any.whl (115 kB)
slow-tests	Install dependencies	2025-07-11T09:08:17.9000790Z Downloading google_cloud_billing_budgets-1.17.2-py3-none-any.whl (107 kB)
slow-tests	Install dependencies	2025-07-11T09:08:17.9065897Z Downloading google_cloud_firestore-2.20.2-py3-none-any.whl (358 kB)
slow-tests	Install dependencies	2025-07-11T09:08:17.9191927Z Downloading google_cloud_logging-3.12.1-py2.py3-none-any.whl (229 kB)
slow-tests	Install dependencies	2025-07-11T09:08:17.9259472Z Downloading google_cloud_pubsub-2.31.0-py3-none-any.whl (319 kB)
slow-tests	Install dependencies	2025-07-11T09:08:17.9327574Z Downloading google_cloud_run-0.10.18-py3-none-any.whl (333 kB)
slow-tests	Install dependencies	2025-07-11T09:08:17.9404962Z Downloading google_cloud_secret_manager-2.24.0-py3-none-any.whl (218 kB)
slow-tests	Install dependencies	2025-07-11T09:08:17.9482237Z Downloading grpcio_status-1.71.0-py3-none-any.whl (14 kB)
slow-tests	Install dependencies	2025-07-11T09:08:17.9533323Z Downloading gunicorn-23.0.0-py3-none-any.whl (85 kB)
slow-tests	Install dependencies	2025-07-11T09:08:17.9589454Z Downloading h11-0.16.0-py3-none-any.whl (37 kB)
slow-tests	Install dependencies	2025-07-11T09:08:17.9640703Z Downloading h2-4.2.0-py3-none-any.whl (60 kB)
slow-tests	Install dependencies	2025-07-11T09:08:17.9692117Z Downloading hpack-4.1.0-py3-none-any.whl (34 kB)
slow-tests	Install dependencies	2025-07-11T09:08:17.9742471Z Downloading hyperframe-6.1.0-py3-none-any.whl (13 kB)
slow-tests	Install dependencies	2025-07-11T09:08:17.9792077Z Downloading importlib_metadata-8.7.0-py3-none-any.whl (27 kB)
slow-tests	Install dependencies	2025-07-11T09:08:17.9848715Z Downloading itsdangerous-2.2.0-py3-none-any.whl (16 kB)
slow-tests	Install dependencies	2025-07-11T09:08:17.9905281Z Downloading jinja2-3.1.6-py3-none-any.whl (134 kB)
slow-tests	Install dependencies	2025-07-11T09:08:17.9961910Z Downloading jiter-0.10.0-cp310-cp310-manylinux_2_17_x86_64.manylinux2014_x86_64.whl (352 kB)
slow-tests	Install dependencies	2025-07-11T09:08:18.0031728Z Downloading joblib-1.5.1-py3-none-any.whl (307 kB)
slow-tests	Install dependencies	2025-07-11T09:08:18.0094015Z Downloading jsonpatch-1.33-py2.py3-none-any.whl (12 kB)
slow-tests	Install dependencies	2025-07-11T09:08:18.0153823Z Downloading jsonpointer-3.0.0-py2.py3-none-any.whl (7.6 kB)
slow-tests	Install dependencies	2025-07-11T09:08:18.0219926Z Downloading langchain_core-0.3.63-py3-none-any.whl (438 kB)
slow-tests	Install dependencies	2025-07-11T09:08:18.0297512Z Downloading langsmith-0.3.43-py3-none-any.whl (361 kB)
slow-tests	Install dependencies	2025-07-11T09:08:18.0387674Z Downloading orjson-3.10.18-cp310-cp310-manylinux_2_17_x86_64.manylinux2014_x86_64.whl (132 kB)
slow-tests	Install dependencies	2025-07-11T09:08:18.0451275Z Downloading packaging-24.2-py3-none-any.whl (65 kB)
slow-tests	Install dependencies	2025-07-11T09:08:18.0524301Z Downloading requests_toolbelt-1.0.0-py2.py3-none-any.whl (54 kB)
slow-tests	Install dependencies	2025-07-11T09:08:18.0583177Z Downloading tenacity-9.1.2-py3-none-any.whl (28 kB)
slow-tests	Install dependencies	2025-07-11T09:08:18.0643447Z Downloading zstandard-0.23.0-cp310-cp310-manylinux_2_17_x86_64.manylinux2014_x86_64.whl (5.4 MB)
slow-tests	Install dependencies	2025-07-11T09:08:18.0991949Z    ━━━━━━━━━━━━━━━━━━━━━━━━━━━━━━━━━━━━━━━━ 5.4/5.4 MB 169.8 MB/s eta 0:00:00
slow-tests	Install dependencies	2025-07-11T09:08:18.1037277Z Downloading langchain_openai-0.3.18-py3-none-any.whl (63 kB)
slow-tests	Install dependencies	2025-07-11T09:08:18.1102920Z Downloading openai-1.82.1-py3-none-any.whl (720 kB)
slow-tests	Install dependencies	2025-07-11T09:08:18.1177099Z    ━━━━━━━━━━━━━━━━━━━━━━━━━━━━━━━━━━━━━━━━ 720.5/720.5 kB 96.5 MB/s eta 0:00:00
slow-tests	Install dependencies	2025-07-11T09:08:18.1209458Z Downloading tiktoken-0.9.0-cp310-cp310-manylinux_2_17_x86_64.manylinux2014_x86_64.whl (1.2 MB)
slow-tests	Install dependencies	2025-07-11T09:08:18.1303898Z    ━━━━━━━━━━━━━━━━━━━━━━━━━━━━━━━━━━━━━━━━ 1.2/1.2 MB 134.3 MB/s eta 0:00:00
slow-tests	Install dependencies	2025-07-11T09:08:18.1332393Z Downloading limits-5.4.0-py3-none-any.whl (60 kB)
slow-tests	Install dependencies	2025-07-11T09:08:18.1387900Z Downloading MarkupSafe-3.0.2-cp310-cp310-manylinux_2_17_x86_64.manylinux2014_x86_64.whl (20 kB)
slow-tests	Install dependencies	2025-07-11T09:08:18.1440907Z Downloading oauthlib-3.2.2-py3-none-any.whl (151 kB)
slow-tests	Install dependencies	2025-07-11T09:08:18.1501489Z Downloading opentelemetry_api-1.34.1-py3-none-any.whl (65 kB)
slow-tests	Install dependencies	2025-07-11T09:08:18.1560185Z Downloading opentelemetry_sdk-1.34.1-py3-none-any.whl (118 kB)
slow-tests	Install dependencies	2025-07-11T09:08:18.1640770Z Downloading opentelemetry_semantic_conventions-0.55b1-py3-none-any.whl (196 kB)
slow-tests	Install dependencies	2025-07-11T09:08:18.1702604Z Downloading passlib-1.7.4-py2.py3-none-any.whl (525 kB)
slow-tests	Install dependencies	2025-07-11T09:08:18.1775543Z    ━━━━━━━━━━━━━━━━━━━━━━━━━━━━━━━━━━━━━━━━ 525.6/525.6 kB 64.4 MB/s eta 0:00:00
slow-tests	Install dependencies	2025-07-11T09:08:18.1805755Z Downloading portalocker-2.10.1-py3-none-any.whl (18 kB)
slow-tests	Install dependencies	2025-07-11T09:08:18.1861873Z Downloading prometheus_client-0.22.0-py3-none-any.whl (62 kB)
slow-tests	Install dependencies	2025-07-11T09:08:18.1920035Z Downloading psutil-7.0.0-cp36-abi3-manylinux_2_12_x86_64.manylinux2010_x86_64.manylinux_2_17_x86_64.manylinux2014_x86_64.whl (277 kB)
slow-tests	Install dependencies	2025-07-11T09:08:18.1983040Z Downloading py-1.11.0-py2.py3-none-any.whl (98 kB)
slow-tests	Install dependencies	2025-07-11T09:08:18.2042256Z Downloading pyasn1-0.6.1-py3-none-any.whl (83 kB)
slow-tests	Install dependencies	2025-07-11T09:08:18.2102377Z Downloading pyasn1_modules-0.4.2-py3-none-any.whl (181 kB)
slow-tests	Install dependencies	2025-07-11T09:08:18.2161495Z Downloading pycparser-2.22-py3-none-any.whl (117 kB)
slow-tests	Install dependencies	2025-07-11T09:08:18.2220267Z Downloading pydantic_core-2.33.2-cp310-cp310-manylinux_2_17_x86_64.manylinux2014_x86_64.whl (2.0 MB)
slow-tests	Install dependencies	2025-07-11T09:08:18.2358301Z    ━━━━━━━━━━━━━━━━━━━━━━━━━━━━━━━━━━━━━━━━ 2.0/2.0 MB 161.9 MB/s eta 0:00:00
slow-tests	Install dependencies	2025-07-11T09:08:18.2391657Z Downloading pytest-8.3.5-py3-none-any.whl (343 kB)
slow-tests	Install dependencies	2025-07-11T09:08:18.2461036Z Downloading pytest_json_report-1.5.0-py3-none-any.whl (13 kB)
slow-tests	Install dependencies	2025-07-11T09:08:18.2514287Z Downloading pytest_metadata-3.1.1-py3-none-any.whl (11 kB)
slow-tests	Install dependencies	2025-07-11T09:08:18.2567471Z Downloading pytest_randomly-3.16.0-py3-none-any.whl (8.4 kB)
slow-tests	Install dependencies	2025-07-11T09:08:18.2621106Z Downloading pytest_rerunfailures-15.1-py3-none-any.whl (13 kB)
slow-tests	Install dependencies	2025-07-11T09:08:18.2671902Z Downloading pytest_xdist-3.8.0-py3-none-any.whl (46 kB)
slow-tests	Install dependencies	2025-07-11T09:08:18.2724053Z Downloading python_dotenv-1.1.0-py3-none-any.whl (20 kB)
slow-tests	Install dependencies	2025-07-11T09:08:18.2782850Z Downloading python_jose-3.5.0-py2.py3-none-any.whl (34 kB)
slow-tests	Install dependencies	2025-07-11T09:08:18.2836915Z Downloading python_multipart-0.0.20-py3-none-any.whl (24 kB)
slow-tests	Install dependencies	2025-07-11T09:08:18.2891245Z Downloading PyYAML-6.0.2-cp310-cp310-manylinux_2_17_x86_64.manylinux2014_x86_64.whl (751 kB)
slow-tests	Install dependencies	2025-07-11T09:08:18.2971642Z    ━━━━━━━━━━━━━━━━━━━━━━━━━━━━━━━━━━━━━━━ 751.2/751.2 kB 100.2 MB/s eta 0:00:00
slow-tests	Install dependencies	2025-07-11T09:08:18.3010947Z Downloading qdrant_client-1.14.2-py3-none-any.whl (327 kB)
slow-tests	Install dependencies	2025-07-11T09:08:18.3081916Z Downloading regex-2024.11.6-cp310-cp310-manylinux_2_17_x86_64.manylinux2014_x86_64.whl (781 kB)
slow-tests	Install dependencies	2025-07-11T09:08:18.3158601Z    ━━━━━━━━━━━━━━━━━━━━━━━━━━━━━━━━━━━━━━━ 781.7/781.7 kB 105.4 MB/s eta 0:00:00
slow-tests	Install dependencies	2025-07-11T09:08:18.3189646Z Downloading requests_oauthlib-2.0.0-py2.py3-none-any.whl (24 kB)
slow-tests	Install dependencies	2025-07-11T09:08:18.3242979Z Downloading retry-0.9.2-py2.py3-none-any.whl (8.0 kB)
slow-tests	Install dependencies	2025-07-11T09:08:18.3296494Z Downloading scikit_learn-1.6.1-cp310-cp310-manylinux_2_17_x86_64.manylinux2014_x86_64.whl (13.5 MB)
slow-tests	Install dependencies	2025-07-11T09:08:18.4086889Z    ━━━━━━━━━━━━━━━━━━━━━━━━━━━━━━━━━━━━━━━━ 13.5/13.5 MB 180.9 MB/s eta 0:00:00
slow-tests	Install dependencies	2025-07-11T09:08:18.4120793Z Downloading scipy-1.15.3-cp310-cp310-manylinux_2_17_x86_64.manylinux2014_x86_64.whl (37.7 MB)
slow-tests	Install dependencies	2025-07-11T09:08:18.6090037Z    ━━━━━━━━━━━━━━━━━━━━━━━━━━━━━━━━━━━━━━━━ 37.7/37.7 MB 194.9 MB/s eta 0:00:00
slow-tests	Install dependencies	2025-07-11T09:08:18.6124111Z Downloading six-1.17.0-py2.py3-none-any.whl (11 kB)
slow-tests	Install dependencies	2025-07-11T09:08:18.6176538Z Downloading slowapi-0.1.9-py3-none-any.whl (14 kB)
slow-tests	Install dependencies	2025-07-11T09:08:18.6225514Z Downloading sniffio-1.3.1-py3-none-any.whl (10 kB)
slow-tests	Install dependencies	2025-07-11T09:08:18.6276559Z Downloading threadpoolctl-3.6.0-py3-none-any.whl (18 kB)
slow-tests	Install dependencies	2025-07-11T09:08:18.6336335Z Downloading tqdm-4.67.1-py3-none-any.whl (78 kB)
slow-tests	Install dependencies	2025-07-11T09:08:18.6395223Z Downloading typing_inspection-0.4.1-py3-none-any.whl (14 kB)
slow-tests	Install dependencies	2025-07-11T09:08:18.6454651Z Downloading uvicorn-0.34.3-py3-none-any.whl (62 kB)
slow-tests	Install dependencies	2025-07-11T09:08:18.6517029Z Downloading werkzeug-3.1.3-py3-none-any.whl (224 kB)
slow-tests	Install dependencies	2025-07-11T09:08:18.6579011Z Downloading zipp-3.23.0-py3-none-any.whl (10 kB)
slow-tests	Install dependencies	2025-07-11T09:08:18.6642239Z Downloading functions_framework-3.8.3-py3-none-any.whl (36 kB)
slow-tests	Install dependencies	2025-07-11T09:08:18.6694080Z Downloading cloudevents-1.12.0-py3-none-any.whl (55 kB)
slow-tests	Install dependencies	2025-07-11T09:08:18.6749532Z Downloading deprecation-2.1.0-py2.py3-none-any.whl (11 kB)
slow-tests	Install dependencies	2025-07-11T09:08:18.6807595Z Downloading watchdog-6.0.0-py3-none-manylinux2014_x86_64.whl (79 kB)
slow-tests	Install dependencies	2025-07-11T09:08:19.3450034Z Installing collected packages: passlib, zstandard, zipp, wrapt, websockets, watchdog, urllib3, uritemplate, typing_extensions, tqdm, threadpoolctl, tenacity, sniffio, six, regex, PyYAML, python-multipart, python-dotenv, pyparsing, pycparser, pyasn1, py, psutil, protobuf, prometheus_client, portalocker, packaging, orjson, oauthlib, numpy, MarkupSafe, jsonpointer, joblib, jiter, itsdangerous, idna, hyperframe, hpack, h11, grpcio, google-crc32c, execnet, docstring_parser, distro, decorator, click, charset-normalizer, certifi, cachetools, blinker, annotated-types, Werkzeug, uvicorn, typing-inspection, shapely, scipy, rsa, retry, requests, python-dateutil, pydantic_core, pyasn1_modules, proto-plus, jsonpatch, Jinja2, importlib_metadata, httplib2, httpcore, h2, gunicorn, googleapis-common-protos, google-resumable-media, faiss-cpu, ecdsa, deprecation, Deprecated, cffi, tiktoken, scikit-learn, requests-toolbelt, requests-oauthlib, python-jose, pytest, pydantic, opentelemetry-api, limits, grpcio-status, google-cloud-audit-log, google-auth, Flask, cryptography, cloudevents, anyio, starlette, slowapi, pytest-xdist, pytest-rerunfailures, pytest-randomly, pytest-metadata, opentelemetry-semantic-conventions, httpx, grpc-google-iam-v1, google-auth-oauthlib, google-auth-httplib2, google-api-core, functions-framework, pytest-json-report, opentelemetry-sdk, openai, langsmith, google-genai, google-cloud-core, google-api-python-client, fastapi, qdrant-client, langchain-core, google-cloud-storage, google-cloud-secret-manager, google-cloud-run, google-cloud-resource-manager, google-cloud-pubsub, google-cloud-firestore, google-cloud-billing-budgets, google-cloud-billing, google-cloud-bigquery, google-cloud-appengine-logging, langchain-openai, google-cloud-logging, google-cloud-aiplatform
slow-tests	Install dependencies	2025-07-11T09:08:19.9883926Z   Attempting uninstall: typing_extensions
slow-tests	Install dependencies	2025-07-11T09:08:19.9891301Z     Found existing installation: typing_extensions 4.14.1
slow-tests	Install dependencies	2025-07-11T09:08:19.9908937Z     Uninstalling typing_extensions-4.14.1:
slow-tests	Install dependencies	2025-07-11T09:08:20.0049143Z       Successfully uninstalled typing_extensions-4.14.1
slow-tests	Install dependencies	2025-07-11T09:08:20.8881254Z   Attempting uninstall: packaging
slow-tests	Install dependencies	2025-07-11T09:08:20.8887756Z     Found existing installation: packaging 25.0
slow-tests	Install dependencies	2025-07-11T09:08:20.8918488Z     Uninstalling packaging-25.0:
slow-tests	Install dependencies	2025-07-11T09:08:20.8928770Z       Successfully uninstalled packaging-25.0
slow-tests	Install dependencies	2025-07-11T09:08:30.9548044Z   Attempting uninstall: pytest
slow-tests	Install dependencies	2025-07-11T09:08:30.9554200Z     Found existing installation: pytest 8.4.1
slow-tests	Install dependencies	2025-07-11T09:08:30.9639973Z     Uninstalling pytest-8.4.1:
slow-tests	Install dependencies	2025-07-11T09:08:31.0198717Z       Successfully uninstalled pytest-8.4.1
slow-tests	Install dependencies	2025-07-11T09:08:41.2600283Z
slow-tests	Install dependencies	2025-07-11T09:08:41.2820425Z Successfully installed Deprecated-1.2.18 Flask-3.1.1 Jinja2-3.1.6 MarkupSafe-3.0.2 PyYAML-6.0.2 Werkzeug-3.1.3 annotated-types-0.7.0 anyio-4.9.0 blinker-1.9.0 cachetools-5.5.2 certifi-2025.4.26 cffi-1.17.1 charset-normalizer-3.4.2 click-8.2.1 cloudevents-1.12.0 cryptography-45.0.5 decorator-5.2.1 deprecation-2.1.0 distro-1.9.0 docstring_parser-0.16 ecdsa-0.19.1 execnet-2.1.1 faiss-cpu-1.11.0 fastapi-0.115.12 functions-framework-3.8.3 google-api-core-2.24.2 google-api-python-client-2.170.0 google-auth-2.40.2 google-auth-httplib2-0.2.0 google-auth-oauthlib-1.2.2 google-cloud-aiplatform-1.95.1 google-cloud-appengine-logging-1.6.2 google-cloud-audit-log-0.3.2 google-cloud-bigquery-3.34.0 google-cloud-billing-1.16.3 google-cloud-billing-budgets-1.17.2 google-cloud-core-2.4.3 google-cloud-firestore-2.20.2 google-cloud-logging-3.12.1 google-cloud-pubsub-2.31.0 google-cloud-resource-manager-1.14.2 google-cloud-run-0.10.18 google-cloud-secret-manager-2.24.0 google-cloud-storage-2.19.0 google-crc32c-1.7.1 google-genai-1.18.0 google-resumable-media-2.7.2 googleapis-common-protos-1.70.0 grpc-google-iam-v1-0.14.2 grpcio-1.71.0 grpcio-status-1.71.0 gunicorn-23.0.0 h11-0.16.0 h2-4.2.0 hpack-4.1.0 httpcore-1.0.9 httplib2-0.22.0 httpx-0.28.1 hyperframe-6.1.0 idna-3.10 importlib_metadata-8.7.0 itsdangerous-2.2.0 jiter-0.10.0 joblib-1.5.1 jsonpatch-1.33 jsonpointer-3.0.0 langchain-core-0.3.63 langchain-openai-0.3.18 langsmith-0.3.43 limits-5.4.0 numpy-2.2.6 oauthlib-3.2.2 openai-1.82.1 opentelemetry-api-1.34.1 opentelemetry-sdk-1.34.1 opentelemetry-semantic-conventions-0.55b1 orjson-3.10.18 packaging-24.2 passlib-1.7.4 portalocker-2.10.1 prometheus_client-0.22.0 proto-plus-1.26.1 protobuf-5.29.5 psutil-7.0.0 py-1.11.0 pyasn1-0.6.1 pyasn1_modules-0.4.2 pycparser-2.22 pydantic-2.11.5 pydantic_core-2.33.2 pyparsing-3.2.3 pytest-8.3.5 pytest-json-report-1.5.0 pytest-metadata-3.1.1 pytest-randomly-3.16.0 pytest-rerunfailures-15.1 pytest-xdist-3.8.0 python-dateutil-2.9.0.post0 python-dotenv-1.1.0 python-jose-3.5.0 python-multipart-0.0.20 qdrant-client-1.14.2 regex-2024.11.6 requests-2.32.3 requests-oauthlib-2.0.0 requests-toolbelt-1.0.0 retry-0.9.2 rsa-4.9.1 scikit-learn-1.6.1 scipy-1.15.3 shapely-2.1.1 six-1.17.0 slowapi-0.1.9 sniffio-1.3.1 starlette-0.46.2 tenacity-9.1.2 threadpoolctl-3.6.0 tiktoken-0.9.0 tqdm-4.67.1 typing-inspection-0.4.1 typing_extensions-4.13.2 uritemplate-4.1.1 urllib3-2.4.0 uvicorn-0.34.3 watchdog-6.0.0 websockets-15.0.1 wrapt-1.17.2 zipp-3.23.0 zstandard-0.23.0
slow-tests	Run Slow Tests	﻿2025-07-11T09:08:42.6800930Z ##[group]Run echo "Current directory: $(pwd)"
slow-tests	Run Slow Tests	2025-07-11T09:08:42.6801292Z [36;1mecho "Current directory: $(pwd)"[0m
slow-tests	Run Slow Tests	2025-07-11T09:08:42.6801580Z [36;1mexport PYTHONPATH=$PWD:$PYTHONPATH[0m
slow-tests	Run Slow Tests	2025-07-11T09:08:42.6801892Z [36;1mpytest -m "slow" --tb=short --maxfail=3 -v[0m
slow-tests	Run Slow Tests	2025-07-11T09:08:42.6864710Z shell: /usr/bin/bash -e {0}
slow-tests	Run Slow Tests	2025-07-11T09:08:42.6864954Z env:
slow-tests	Run Slow Tests	2025-07-11T09:08:42.6865203Z   pythonLocation: /opt/hostedtoolcache/Python/3.10.18/x64
slow-tests	Run Slow Tests	2025-07-11T09:08:42.6865616Z   PKG_CONFIG_PATH: /opt/hostedtoolcache/Python/3.10.18/x64/lib/pkgconfig
slow-tests	Run Slow Tests	2025-07-11T09:08:42.6866019Z   Python_ROOT_DIR: /opt/hostedtoolcache/Python/3.10.18/x64
slow-tests	Run Slow Tests	2025-07-11T09:08:42.6866391Z   Python2_ROOT_DIR: /opt/hostedtoolcache/Python/3.10.18/x64
slow-tests	Run Slow Tests	2025-07-11T09:08:42.6866750Z   Python3_ROOT_DIR: /opt/hostedtoolcache/Python/3.10.18/x64
slow-tests	Run Slow Tests	2025-07-11T09:08:42.6867114Z   LD_LIBRARY_PATH: /opt/hostedtoolcache/Python/3.10.18/x64/lib
slow-tests	Run Slow Tests	2025-07-11T09:08:42.6867418Z ##[endgroup]
slow-tests	Run Slow Tests	2025-07-11T09:08:42.6960119Z Current directory: /home/runner/work/agent-data/agent-data
slow-tests	Run Slow Tests	2025-07-11T09:08:46.3328591Z ============================= test session starts ==============================
slow-tests	Run Slow Tests	2025-07-11T09:08:46.3329589Z platform linux -- Python 3.10.18, pytest-8.3.5, pluggy-1.6.0 -- /opt/hostedtoolcache/Python/3.10.18/x64/bin/python
slow-tests	Run Slow Tests	2025-07-11T09:08:46.3330486Z cachedir: .pytest_cache
slow-tests	Run Slow Tests	2025-07-11T09:08:46.3330936Z Using --randomly-seed=1234
slow-tests	Run Slow Tests	2025-07-11T09:08:46.3333050Z metadata: {'Python': '3.10.18', 'Platform': 'Linux-6.11.0-1015-azure-x86_64-with-glibc2.39', 'Packages': {'pytest': '8.3.5', 'pluggy': '1.6.0'}, 'Plugins': {'randomly': '3.16.0', 'metadata': '3.1.1', 'asyncio': '1.0.0', 'json-report': '1.5.0', 'rerunfailures': '15.1', 'langsmith': '0.3.43', 'xdist': '3.8.0', 'timeout': '2.4.0', 'anyio': '4.9.0', 'mock': '3.14.1', 'cov': '6.2.1'}, 'CI': 'true', 'JAVA_HOME': '/usr/lib/jvm/temurin-17-jdk-amd64'}
slow-tests	Run Slow Tests	2025-07-11T09:08:46.3335049Z rootdir: /home/runner/work/agent-data/agent-data
slow-tests	Run Slow Tests	2025-07-11T09:08:46.3335446Z configfile: pytest.ini
slow-tests	Run Slow Tests	2025-07-11T09:08:46.3335719Z testpaths: tests
slow-tests	Run Slow Tests	2025-07-11T09:08:46.3336548Z plugins: randomly-3.16.0, metadata-3.1.1, asyncio-1.0.0, json-report-1.5.0, rerunfailures-15.1, langsmith-0.3.43, xdist-3.8.0, timeout-2.4.0, anyio-4.9.0, mock-3.14.1, cov-6.2.1
slow-tests	Run Slow Tests	2025-07-11T09:08:46.3337726Z asyncio: mode=auto, asyncio_default_fixture_loop_scope=function, asyncio_default_test_loop_scope=function
slow-tests	Run Slow Tests	2025-07-11T09:08:46.3338355Z timeout: 8.0s
slow-tests	Run Slow Tests	2025-07-11T09:08:46.3338595Z timeout method: signal
slow-tests	Run Slow Tests	2025-07-11T09:08:46.3338874Z timeout func_only: False
slow-tests	Run Slow Tests	2025-07-11T09:08:50.1999911Z collecting ... collected 376 items / 3 errors
slow-tests	Run Slow Tests	2025-07-11T09:08:50.2000501Z
slow-tests	Run Slow Tests	2025-07-11T09:08:50.2000744Z ==================================== ERRORS ====================================
slow-tests	Run Slow Tests	2025-07-11T09:08:50.2001690Z __________________ ERROR collecting tests/test_cli139_api.py ___________________
slow-tests	Run Slow Tests	2025-07-11T09:08:50.2003095Z ImportError while importing test module '/home/runner/work/agent-data/agent-data/tests/test_cli139_api.py'.
slow-tests	Run Slow Tests	2025-07-11T09:08:50.2004678Z Hint: make sure your test modules/packages have valid Python names.
slow-tests	Run Slow Tests	2025-07-11T09:08:50.2005191Z Traceback:
slow-tests	Run Slow Tests	2025-07-11T09:08:50.2005766Z /opt/hostedtoolcache/Python/3.10.18/x64/lib/python3.10/importlib/__init__.py:126: in import_module
slow-tests	Run Slow Tests	2025-07-11T09:08:50.2006429Z     return _bootstrap._gcd_import(name[level:], package, level)
slow-tests	Run Slow Tests	2025-07-11T09:08:50.2006837Z tests/test_cli139_api.py:14: in <module>
slow-tests	Run Slow Tests	2025-07-11T09:08:50.2007197Z     from ADK.agent_data.api_mcp_gateway import app
slow-tests	Run Slow Tests	2025-07-11T09:08:50.2007679Z E   ModuleNotFoundError: No module named 'ADK.agent_data.api_mcp_gateway'
slow-tests	Run Slow Tests	2025-07-11T09:08:50.2008262Z _____________ ERROR collecting tests/test_cli140e1_firestore_ru.py _____________
slow-tests	Run Slow Tests	2025-07-11T09:08:50.2009324Z ImportError while importing test module '/home/runner/work/agent-data/agent-data/tests/test_cli140e1_firestore_ru.py'.
slow-tests	Run Slow Tests	2025-07-11T09:08:50.2010078Z Hint: make sure your test modules/packages have valid Python names.
slow-tests	Run Slow Tests	2025-07-11T09:08:50.2010474Z Traceback:
slow-tests	Run Slow Tests	2025-07-11T09:08:50.2010939Z /opt/hostedtoolcache/Python/3.10.18/x64/lib/python3.10/importlib/__init__.py:126: in import_module
slow-tests	Run Slow Tests	2025-07-11T09:08:50.2011799Z     return _bootstrap._gcd_import(name[level:], package, level)
slow-tests	Run Slow Tests	2025-07-11T09:08:50.2012229Z tests/test_cli140e1_firestore_ru.py:15: in <module>
slow-tests	Run Slow Tests	2025-07-11T09:08:50.2012800Z     from ADK.agent_data.vector_store.firestore_metadata_manager import FirestoreMetadataManager
slow-tests	Run Slow Tests	2025-07-11T09:08:50.2013455Z E   ModuleNotFoundError: No module named 'ADK.agent_data.vector_store'
slow-tests	Run Slow Tests	2025-07-11T09:08:50.2014179Z _______________ ERROR collecting tests/test_cli140e_coverage.py ________________
slow-tests	Run Slow Tests	2025-07-11T09:08:50.2014945Z ImportError while importing test module '/home/runner/work/agent-data/agent-data/tests/test_cli140e_coverage.py'.
slow-tests	Run Slow Tests	2025-07-11T09:08:50.2015684Z Hint: make sure your test modules/packages have valid Python names.
slow-tests	Run Slow Tests	2025-07-11T09:08:50.2016081Z Traceback:
slow-tests	Run Slow Tests	2025-07-11T09:08:50.2016465Z /opt/hostedtoolcache/Python/3.10.18/x64/lib/python3.10/importlib/__init__.py:126: in import_module
slow-tests	Run Slow Tests	2025-07-11T09:08:50.2016983Z     return _bootstrap._gcd_import(name[level:], package, level)
slow-tests	Run Slow Tests	2025-07-11T09:08:50.2017319Z tests/test_cli140e_coverage.py:9: in <module>
slow-tests	Run Slow Tests	2025-07-11T09:08:50.2017766Z     from ADK.agent_data.api_mcp_gateway import app, ThreadSafeLRUCache, _get_cache_key, _initialize_caches
slow-tests	Run Slow Tests	2025-07-11T09:08:50.2018303Z E   ModuleNotFoundError: No module named 'ADK.agent_data.api_mcp_gateway'
slow-tests	Run Slow Tests	2025-07-11T09:08:50.2018717Z --------------------------------- JSON report ----------------------------------
slow-tests	Run Slow Tests	2025-07-11T09:08:50.2019059Z report saved to: .report.json
slow-tests	Run Slow Tests	2025-07-11T09:08:50.2019314Z =========================== short test summary info ============================
slow-tests	Run Slow Tests	2025-07-11T09:08:50.2019606Z ERROR tests/test_cli139_api.py
slow-tests	Run Slow Tests	2025-07-11T09:08:50.2019849Z ERROR tests/test_cli140e1_firestore_ru.py
slow-tests	Run Slow Tests	2025-07-11T09:08:50.2020107Z ERROR tests/test_cli140e_coverage.py
slow-tests	Run Slow Tests	2025-07-11T09:08:50.2020393Z !!!!!!!!!!!!!!!!!!!!!!!!!! stopping after 3 failures !!!!!!!!!!!!!!!!!!!!!!!!!!!
slow-tests	Run Slow Tests	2025-07-11T09:08:50.2020696Z ============================== 3 errors in 3.88s ===============================
slow-tests	Run Slow Tests	2025-07-11T09:08:50.7737282Z ##[error]Process completed with exit code 1.
slow-tests	Upload slow test results	﻿2025-07-11T09:08:50.7808206Z ##[group]Run actions/upload-artifact@v4
slow-tests	Upload slow test results	2025-07-11T09:08:50.7808502Z with:
slow-tests	Upload slow test results	2025-07-11T09:08:50.7808681Z   name: slow-test-results
slow-tests	Upload slow test results	2025-07-11T09:08:50.7808892Z   path: pytest-results.xml
slow-tests	Upload slow test results	2025-07-11T09:08:50.7809100Z   retention-days: 7
slow-tests	Upload slow test results	2025-07-11T09:08:50.7809282Z   if-no-files-found: warn
slow-tests	Upload slow test results	2025-07-11T09:08:50.7809483Z   compression-level: 6
slow-tests	Upload slow test results	2025-07-11T09:08:50.7809665Z   overwrite: false
slow-tests	Upload slow test results	2025-07-11T09:08:50.7809860Z   include-hidden-files: false
slow-tests	Upload slow test results	2025-07-11T09:08:50.7810060Z env:
slow-tests	Upload slow test results	2025-07-11T09:08:50.7810302Z   pythonLocation: /opt/hostedtoolcache/Python/3.10.18/x64
slow-tests	Upload slow test results	2025-07-11T09:08:50.7810702Z   PKG_CONFIG_PATH: /opt/hostedtoolcache/Python/3.10.18/x64/lib/pkgconfig
slow-tests	Upload slow test results	2025-07-11T09:08:50.7811086Z   Python_ROOT_DIR: /opt/hostedtoolcache/Python/3.10.18/x64
slow-tests	Upload slow test results	2025-07-11T09:08:50.7811427Z   Python2_ROOT_DIR: /opt/hostedtoolcache/Python/3.10.18/x64
slow-tests	Upload slow test results	2025-07-11T09:08:50.7811758Z   Python3_ROOT_DIR: /opt/hostedtoolcache/Python/3.10.18/x64
slow-tests	Upload slow test results	2025-07-11T09:08:50.7812097Z   LD_LIBRARY_PATH: /opt/hostedtoolcache/Python/3.10.18/x64/lib
slow-tests	Upload slow test results	2025-07-11T09:08:50.7812424Z ##[endgroup]
slow-tests	Upload slow test results	2025-07-11T09:08:51.0026613Z ##[warning]No files were found with the provided path: pytest-results.xml. No artifacts will be uploaded.
slow-tests	Post Run actions/checkout@v4	﻿2025-07-11T09:08:51.0183273Z Post job cleanup.
slow-tests	Post Run actions/checkout@v4	2025-07-11T09:08:51.1183817Z [command]/usr/bin/git version
slow-tests	Post Run actions/checkout@v4	2025-07-11T09:08:51.1223122Z git version 2.49.0
slow-tests	Post Run actions/checkout@v4	2025-07-11T09:08:51.1267893Z Temporarily overriding HOME='/home/runner/work/_temp/8fd69132-2892-4f10-988d-beeb2211efb1' before making global git config changes
slow-tests	Post Run actions/checkout@v4	2025-07-11T09:08:51.1269484Z Adding repository directory to the temporary git global config as a safe directory
slow-tests	Post Run actions/checkout@v4	2025-07-11T09:08:51.1281565Z [command]/usr/bin/git config --global --add safe.directory /home/runner/work/agent-data/agent-data
slow-tests	Post Run actions/checkout@v4	2025-07-11T09:08:51.1319896Z [command]/usr/bin/git config --local --name-only --get-regexp core\.sshCommand
slow-tests	Post Run actions/checkout@v4	2025-07-11T09:08:51.1356574Z [command]/usr/bin/git submodule foreach --recursive sh -c "git config --local --name-only --get-regexp 'core\.sshCommand' && git config --local --unset-all 'core.sshCommand' || :"
slow-tests	Post Run actions/checkout@v4	2025-07-11T09:08:51.1588253Z fatal: No url found for submodule path 'ADK/agent_data' in .gitmodules
slow-tests	Post Run actions/checkout@v4	2025-07-11T09:08:51.1618866Z ##[warning]The process '/usr/bin/git' failed with exit code 128
slow-tests	Complete job	﻿2025-07-11T09:08:51.1718809Z Cleaning up orphan processes
unit-tests	Set up job	﻿2025-07-11T09:07:57.7321494Z Current runner version: '2.325.0'
unit-tests	Set up job	2025-07-11T09:07:57.7356441Z ##[group]Operating System
unit-tests	Set up job	2025-07-11T09:07:57.7357718Z Ubuntu
unit-tests	Set up job	2025-07-11T09:07:57.7358699Z 24.04.2
unit-tests	Set up job	2025-07-11T09:07:57.7359467Z LTS
unit-tests	Set up job	2025-07-11T09:07:57.7360253Z ##[endgroup]
unit-tests	Set up job	2025-07-11T09:07:57.7361143Z ##[group]Runner Image
unit-tests	Set up job	2025-07-11T09:07:57.7362248Z Image: ubuntu-24.04
unit-tests	Set up job	2025-07-11T09:07:57.7363133Z Version: 20250629.1.0
unit-tests	Set up job	2025-07-11T09:07:57.7365094Z Included Software: https://github.com/actions/runner-images/blob/ubuntu24/20250629.1/images/ubuntu/Ubuntu2404-Readme.md
unit-tests	Set up job	2025-07-11T09:07:57.7367856Z Image Release: https://github.com/actions/runner-images/releases/tag/ubuntu24%2F20250629.1
unit-tests	Set up job	2025-07-11T09:07:57.7369480Z ##[endgroup]
unit-tests	Set up job	2025-07-11T09:07:57.7370551Z ##[group]Runner Image Provisioner
unit-tests	Set up job	2025-07-11T09:07:57.7371505Z 2.0.449.1
unit-tests	Set up job	2025-07-11T09:07:57.7372362Z ##[endgroup]
unit-tests	Set up job	2025-07-11T09:07:57.7374080Z ##[group]GITHUB_TOKEN Permissions
unit-tests	Set up job	2025-07-11T09:07:57.7377864Z Contents: read
unit-tests	Set up job	2025-07-11T09:07:57.7378721Z Metadata: read
unit-tests	Set up job	2025-07-11T09:07:57.7379735Z ##[endgroup]
unit-tests	Set up job	2025-07-11T09:07:57.7382960Z Secret source: Actions
unit-tests	Set up job	2025-07-11T09:07:57.7384394Z Prepare workflow directory
unit-tests	Set up job	2025-07-11T09:07:57.7857247Z Prepare all required actions
unit-tests	Set up job	2025-07-11T09:07:57.7913832Z Getting action download info
unit-tests	Set up job	2025-07-11T09:07:58.0843767Z ##[group]Download immutable action package 'actions/checkout@v4'
unit-tests	Set up job	2025-07-11T09:07:58.0844891Z Version: 4.2.2
unit-tests	Set up job	2025-07-11T09:07:58.0845943Z Digest: sha256:ccb2698953eaebd21c7bf6268a94f9c26518a7e38e27e0b83c1fe1ad049819b1
unit-tests	Set up job	2025-07-11T09:07:58.0847371Z Source commit SHA: 11bd71901bbe5b1630ceea73d27597364c9af683
unit-tests	Set up job	2025-07-11T09:07:58.0848090Z ##[endgroup]
unit-tests	Set up job	2025-07-11T09:07:58.1642864Z ##[group]Download immutable action package 'actions/setup-python@v4'
unit-tests	Set up job	2025-07-11T09:07:58.1643685Z Version: 4.9.1
unit-tests	Set up job	2025-07-11T09:07:58.1644532Z Digest: sha256:f03e505388af670b5a108629e0ba26befc08d5c62b41f46146a45fe29ae509a5
unit-tests	Set up job	2025-07-11T09:07:58.1645463Z Source commit SHA: 7f4fc3e22c37d6ff65e88745f38bd3157c663f7c
unit-tests	Set up job	2025-07-11T09:07:58.1646407Z ##[endgroup]
unit-tests	Set up job	2025-07-11T09:07:58.3971361Z ##[group]Download immutable action package 'actions/upload-artifact@v4'
unit-tests	Set up job	2025-07-11T09:07:58.3972217Z Version: 4.6.2
unit-tests	Set up job	2025-07-11T09:07:58.3972997Z Digest: sha256:290722aa3281d5caf23d0acdc3dbeb3424786a1a01a9cc97e72f147225e37c38
unit-tests	Set up job	2025-07-11T09:07:58.3973965Z Source commit SHA: ea165f8d65b6e75b540449e92b4886f43607fa02
unit-tests	Set up job	2025-07-11T09:07:58.3974760Z ##[endgroup]
unit-tests	Set up job	2025-07-11T09:07:58.6630729Z Complete job name: unit-tests
unit-tests	Run actions/checkout@v4	﻿2025-07-11T09:07:58.7381540Z ##[group]Run actions/checkout@v4
unit-tests	Run actions/checkout@v4	2025-07-11T09:07:58.7382797Z with:
unit-tests	Run actions/checkout@v4	2025-07-11T09:07:58.7383513Z   repository: Huyen1974/agent-data
unit-tests	Run actions/checkout@v4	2025-07-11T09:07:58.7384706Z   token: ***
unit-tests	Run actions/checkout@v4	2025-07-11T09:07:58.7385397Z   ssh-strict: true
unit-tests	Run actions/checkout@v4	2025-07-11T09:07:58.7386332Z   ssh-user: git
unit-tests	Run actions/checkout@v4	2025-07-11T09:07:58.7387087Z   persist-credentials: true
unit-tests	Run actions/checkout@v4	2025-07-11T09:07:58.7387929Z   clean: true
unit-tests	Run actions/checkout@v4	2025-07-11T09:07:58.7388673Z   sparse-checkout-cone-mode: true
unit-tests	Run actions/checkout@v4	2025-07-11T09:07:58.7389573Z   fetch-depth: 1
unit-tests	Run actions/checkout@v4	2025-07-11T09:07:58.7390295Z   fetch-tags: false
unit-tests	Run actions/checkout@v4	2025-07-11T09:07:58.7391032Z   show-progress: true
unit-tests	Run actions/checkout@v4	2025-07-11T09:07:58.7391794Z   lfs: false
unit-tests	Run actions/checkout@v4	2025-07-11T09:07:58.7392467Z   submodules: false
unit-tests	Run actions/checkout@v4	2025-07-11T09:07:58.7393231Z   set-safe-directory: true
unit-tests	Run actions/checkout@v4	2025-07-11T09:07:58.7394297Z ##[endgroup]
unit-tests	Run actions/checkout@v4	2025-07-11T09:07:58.9102798Z Syncing repository: Huyen1974/agent-data
unit-tests	Run actions/checkout@v4	2025-07-11T09:07:58.9106963Z ##[group]Getting Git version info
unit-tests	Run actions/checkout@v4	2025-07-11T09:07:58.9109265Z Working directory is '/home/runner/work/agent-data/agent-data'
unit-tests	Run actions/checkout@v4	2025-07-11T09:07:58.9112523Z [command]/usr/bin/git version
unit-tests	Run actions/checkout@v4	2025-07-11T09:07:58.9165857Z git version 2.49.0
unit-tests	Run actions/checkout@v4	2025-07-11T09:07:58.9194543Z ##[endgroup]
unit-tests	Run actions/checkout@v4	2025-07-11T09:07:58.9213635Z Temporarily overriding HOME='/home/runner/work/_temp/4f8570db-bfe4-4629-b57d-33d2cf8c6d3e' before making global git config changes
unit-tests	Run actions/checkout@v4	2025-07-11T09:07:58.9218439Z Adding repository directory to the temporary git global config as a safe directory
unit-tests	Run actions/checkout@v4	2025-07-11T09:07:58.9220684Z [command]/usr/bin/git config --global --add safe.directory /home/runner/work/agent-data/agent-data
unit-tests	Run actions/checkout@v4	2025-07-11T09:07:58.9256905Z Deleting the contents of '/home/runner/work/agent-data/agent-data'
unit-tests	Run actions/checkout@v4	2025-07-11T09:07:58.9260700Z ##[group]Initializing the repository
unit-tests	Run actions/checkout@v4	2025-07-11T09:07:58.9265621Z [command]/usr/bin/git init /home/runner/work/agent-data/agent-data
unit-tests	Run actions/checkout@v4	2025-07-11T09:07:58.9361539Z hint: Using 'master' as the name for the initial branch. This default branch name
unit-tests	Run actions/checkout@v4	2025-07-11T09:07:58.9363592Z hint: is subject to change. To configure the initial branch name to use in all
unit-tests	Run actions/checkout@v4	2025-07-11T09:07:58.9365353Z hint: of your new repositories, which will suppress this warning, call:
unit-tests	Run actions/checkout@v4	2025-07-11T09:07:58.9367270Z hint:
unit-tests	Run actions/checkout@v4	2025-07-11T09:07:58.9368422Z hint: 	git config --global init.defaultBranch <name>
unit-tests	Run actions/checkout@v4	2025-07-11T09:07:58.9370408Z hint:
unit-tests	Run actions/checkout@v4	2025-07-11T09:07:58.9372257Z hint: Names commonly chosen instead of 'master' are 'main', 'trunk' and
unit-tests	Run actions/checkout@v4	2025-07-11T09:07:58.9375407Z hint: 'development'. The just-created branch can be renamed via this command:
unit-tests	Run actions/checkout@v4	2025-07-11T09:07:58.9378045Z hint:
unit-tests	Run actions/checkout@v4	2025-07-11T09:07:58.9379273Z hint: 	git branch -m <name>
unit-tests	Run actions/checkout@v4	2025-07-11T09:07:58.9381784Z Initialized empty Git repository in /home/runner/work/agent-data/agent-data/.git/
unit-tests	Run actions/checkout@v4	2025-07-11T09:07:58.9387194Z [command]/usr/bin/git remote add origin https://github.com/Huyen1974/agent-data
unit-tests	Run actions/checkout@v4	2025-07-11T09:07:58.9417466Z ##[endgroup]
unit-tests	Run actions/checkout@v4	2025-07-11T09:07:58.9418942Z ##[group]Disabling automatic garbage collection
unit-tests	Run actions/checkout@v4	2025-07-11T09:07:58.9420730Z [command]/usr/bin/git config --local gc.auto 0
unit-tests	Run actions/checkout@v4	2025-07-11T09:07:58.9459083Z ##[endgroup]
unit-tests	Run actions/checkout@v4	2025-07-11T09:07:58.9460378Z ##[group]Setting up auth
unit-tests	Run actions/checkout@v4	2025-07-11T09:07:58.9461762Z [command]/usr/bin/git config --local --name-only --get-regexp core\.sshCommand
unit-tests	Run actions/checkout@v4	2025-07-11T09:07:58.9490966Z [command]/usr/bin/git submodule foreach --recursive sh -c "git config --local --name-only --get-regexp 'core\.sshCommand' && git config --local --unset-all 'core.sshCommand' || :"
unit-tests	Run actions/checkout@v4	2025-07-11T09:07:58.9803619Z [command]/usr/bin/git config --local --name-only --get-regexp http\.https\:\/\/github\.com\/\.extraheader
unit-tests	Run actions/checkout@v4	2025-07-11T09:07:58.9834215Z [command]/usr/bin/git submodule foreach --recursive sh -c "git config --local --name-only --get-regexp 'http\.https\:\/\/github\.com\/\.extraheader' && git config --local --unset-all 'http.https://github.com/.extraheader' || :"
unit-tests	Run actions/checkout@v4	2025-07-11T09:07:59.0059085Z [command]/usr/bin/git config --local http.https://github.com/.extraheader AUTHORIZATION: basic ***
unit-tests	Run actions/checkout@v4	2025-07-11T09:07:59.0095643Z ##[endgroup]
unit-tests	Run actions/checkout@v4	2025-07-11T09:07:59.0098124Z ##[group]Fetching the repository
unit-tests	Run actions/checkout@v4	2025-07-11T09:07:59.0107686Z [command]/usr/bin/git -c protocol.version=2 fetch --no-tags --prune --no-recurse-submodules --depth=1 origin +1f32ad91c10745aa610c91aee395120de32c8b8d:refs/remotes/origin/main
unit-tests	Run actions/checkout@v4	2025-07-11T09:07:59.5665281Z From https://github.com/Huyen1974/agent-data
unit-tests	Run actions/checkout@v4	2025-07-11T09:07:59.5666796Z  * [new ref]         1f32ad91c10745aa610c91aee395120de32c8b8d -> origin/main
unit-tests	Run actions/checkout@v4	2025-07-11T09:07:59.5703641Z ##[endgroup]
unit-tests	Run actions/checkout@v4	2025-07-11T09:07:59.5704470Z ##[group]Determining the checkout info
unit-tests	Run actions/checkout@v4	2025-07-11T09:07:59.5706769Z ##[endgroup]
unit-tests	Run actions/checkout@v4	2025-07-11T09:07:59.5712293Z [command]/usr/bin/git sparse-checkout disable
unit-tests	Run actions/checkout@v4	2025-07-11T09:07:59.5758823Z [command]/usr/bin/git config --local --unset-all extensions.worktreeConfig
unit-tests	Run actions/checkout@v4	2025-07-11T09:07:59.5790400Z ##[group]Checking out the ref
unit-tests	Run actions/checkout@v4	2025-07-11T09:07:59.5796868Z [command]/usr/bin/git checkout --progress --force -B main refs/remotes/origin/main
unit-tests	Run actions/checkout@v4	2025-07-11T09:07:59.6565650Z Switched to a new branch 'main'
unit-tests	Run actions/checkout@v4	2025-07-11T09:07:59.6567028Z branch 'main' set up to track 'origin/main'.
unit-tests	Run actions/checkout@v4	2025-07-11T09:07:59.6576693Z ##[endgroup]
unit-tests	Run actions/checkout@v4	2025-07-11T09:07:59.6615039Z [command]/usr/bin/git log -1 --format=%H
unit-tests	Run actions/checkout@v4	2025-07-11T09:07:59.6637490Z 1f32ad91c10745aa610c91aee395120de32c8b8d
unit-tests	Set up Python 3.10	﻿2025-07-11T09:07:59.6875180Z ##[group]Run actions/setup-python@v4
unit-tests	Set up Python 3.10	2025-07-11T09:07:59.6875628Z with:
unit-tests	Set up Python 3.10	2025-07-11T09:07:59.6875949Z   python-version: 3.10
unit-tests	Set up Python 3.10	2025-07-11T09:07:59.6876714Z   check-latest: false
unit-tests	Set up Python 3.10	2025-07-11T09:07:59.6877354Z   token: ***
unit-tests	Set up Python 3.10	2025-07-11T09:07:59.6877724Z   update-environment: true
unit-tests	Set up Python 3.10	2025-07-11T09:07:59.6878091Z   allow-prereleases: false
unit-tests	Set up Python 3.10	2025-07-11T09:07:59.6878435Z ##[endgroup]
unit-tests	Set up Python 3.10	2025-07-11T09:07:59.8661885Z ##[group]Installed versions
unit-tests	Set up Python 3.10	2025-07-11T09:07:59.8737167Z Successfully set up CPython (3.10.18)
unit-tests	Set up Python 3.10	2025-07-11T09:07:59.8738338Z ##[endgroup]
unit-tests	Install dependencies	﻿2025-07-11T09:07:59.8886214Z ##[group]Run python -m pip install --upgrade pip
unit-tests	Install dependencies	2025-07-11T09:07:59.8887146Z [36;1mpython -m pip install --upgrade pip[0m
unit-tests	Install dependencies	2025-07-11T09:07:59.8888112Z [36;1mpip install pytest pytest-mock pytest-asyncio pytest-timeout pytest-cov[0m
unit-tests	Install dependencies	2025-07-11T09:07:59.8889031Z [36;1mif [ -f requirements.txt ]; then [0m
unit-tests	Install dependencies	2025-07-11T09:07:59.8890020Z [36;1m  pip install -r requirements.txt || echo "Some dependencies may have conflicts, continuing..."[0m
unit-tests	Install dependencies	2025-07-11T09:07:59.8890956Z [36;1mfi[0m
unit-tests	Install dependencies	2025-07-11T09:07:59.8996231Z shell: /usr/bin/bash -e {0}
unit-tests	Install dependencies	2025-07-11T09:07:59.8996632Z env:
unit-tests	Install dependencies	2025-07-11T09:07:59.8997009Z   pythonLocation: /opt/hostedtoolcache/Python/3.10.18/x64
unit-tests	Install dependencies	2025-07-11T09:07:59.8997552Z   PKG_CONFIG_PATH: /opt/hostedtoolcache/Python/3.10.18/x64/lib/pkgconfig
unit-tests	Install dependencies	2025-07-11T09:07:59.8998083Z   Python_ROOT_DIR: /opt/hostedtoolcache/Python/3.10.18/x64
unit-tests	Install dependencies	2025-07-11T09:07:59.8998549Z   Python2_ROOT_DIR: /opt/hostedtoolcache/Python/3.10.18/x64
unit-tests	Install dependencies	2025-07-11T09:07:59.8999046Z   Python3_ROOT_DIR: /opt/hostedtoolcache/Python/3.10.18/x64
unit-tests	Install dependencies	2025-07-11T09:07:59.8999563Z   LD_LIBRARY_PATH: /opt/hostedtoolcache/Python/3.10.18/x64/lib
unit-tests	Install dependencies	2025-07-11T09:07:59.8999985Z ##[endgroup]
unit-tests	Install dependencies	2025-07-11T09:08:04.4685431Z Requirement already satisfied: pip in /opt/hostedtoolcache/Python/3.10.18/x64/lib/python3.10/site-packages (25.1.1)
unit-tests	Install dependencies	2025-07-11T09:08:05.6311701Z Collecting pytest
unit-tests	Install dependencies	2025-07-11T09:08:05.6643315Z   Downloading pytest-8.4.1-py3-none-any.whl.metadata (7.7 kB)
unit-tests	Install dependencies	2025-07-11T09:08:05.6966359Z Collecting pytest-mock
unit-tests	Install dependencies	2025-07-11T09:08:05.7003403Z   Downloading pytest_mock-3.14.1-py3-none-any.whl.metadata (3.9 kB)
unit-tests	Install dependencies	2025-07-11T09:08:05.7252034Z Collecting pytest-asyncio
unit-tests	Install dependencies	2025-07-11T09:08:05.7287300Z   Downloading pytest_asyncio-1.0.0-py3-none-any.whl.metadata (4.0 kB)
unit-tests	Install dependencies	2025-07-11T09:08:05.7436514Z Collecting pytest-timeout
unit-tests	Install dependencies	2025-07-11T09:08:05.7472104Z   Downloading pytest_timeout-2.4.0-py3-none-any.whl.metadata (20 kB)
unit-tests	Install dependencies	2025-07-11T09:08:05.7648932Z Collecting pytest-cov
unit-tests	Install dependencies	2025-07-11T09:08:05.7684507Z   Downloading pytest_cov-6.2.1-py3-none-any.whl.metadata (30 kB)
unit-tests	Install dependencies	2025-07-11T09:08:05.7860923Z Collecting exceptiongroup>=1 (from pytest)
unit-tests	Install dependencies	2025-07-11T09:08:05.7896294Z   Downloading exceptiongroup-1.3.0-py3-none-any.whl.metadata (6.7 kB)
unit-tests	Install dependencies	2025-07-11T09:08:05.8008155Z Collecting iniconfig>=1 (from pytest)
unit-tests	Install dependencies	2025-07-11T09:08:05.8044877Z   Downloading iniconfig-2.1.0-py3-none-any.whl.metadata (2.7 kB)
unit-tests	Install dependencies	2025-07-11T09:08:05.8238053Z Collecting packaging>=20 (from pytest)
unit-tests	Install dependencies	2025-07-11T09:08:05.8273264Z   Downloading packaging-25.0-py3-none-any.whl.metadata (3.3 kB)
unit-tests	Install dependencies	2025-07-11T09:08:05.8415714Z Collecting pluggy<2,>=1.5 (from pytest)
unit-tests	Install dependencies	2025-07-11T09:08:05.8452254Z   Downloading pluggy-1.6.0-py3-none-any.whl.metadata (4.8 kB)
unit-tests	Install dependencies	2025-07-11T09:08:05.8677141Z Collecting pygments>=2.7.2 (from pytest)
unit-tests	Install dependencies	2025-07-11T09:08:05.8721226Z   Downloading pygments-2.19.2-py3-none-any.whl.metadata (2.5 kB)
unit-tests	Install dependencies	2025-07-11T09:08:05.8897180Z Collecting tomli>=1 (from pytest)
unit-tests	Install dependencies	2025-07-11T09:08:05.8933013Z   Downloading tomli-2.2.1-py3-none-any.whl.metadata (10 kB)
unit-tests	Install dependencies	2025-07-11T09:08:06.2778789Z Collecting coverage>=7.5 (from coverage[toml]>=7.5->pytest-cov)
unit-tests	Install dependencies	2025-07-11T09:08:06.2819879Z   Downloading coverage-7.9.2-cp310-cp310-manylinux_2_5_x86_64.manylinux1_x86_64.manylinux_2_17_x86_64.manylinux2014_x86_64.whl.metadata (8.9 kB)
unit-tests	Install dependencies	2025-07-11T09:08:06.3074073Z Collecting typing-extensions>=4.6.0 (from exceptiongroup>=1->pytest)
unit-tests	Install dependencies	2025-07-11T09:08:06.3109296Z   Downloading typing_extensions-4.14.1-py3-none-any.whl.metadata (3.0 kB)
unit-tests	Install dependencies	2025-07-11T09:08:06.3199613Z Downloading pytest-8.4.1-py3-none-any.whl (365 kB)
unit-tests	Install dependencies	2025-07-11T09:08:06.3299650Z Downloading pluggy-1.6.0-py3-none-any.whl (20 kB)
unit-tests	Install dependencies	2025-07-11T09:08:06.3353859Z Downloading pytest_mock-3.14.1-py3-none-any.whl (9.9 kB)
unit-tests	Install dependencies	2025-07-11T09:08:06.3405938Z Downloading pytest_asyncio-1.0.0-py3-none-any.whl (15 kB)
unit-tests	Install dependencies	2025-07-11T09:08:06.3458781Z Downloading pytest_timeout-2.4.0-py3-none-any.whl (14 kB)
unit-tests	Install dependencies	2025-07-11T09:08:06.3510196Z Downloading pytest_cov-6.2.1-py3-none-any.whl (24 kB)
unit-tests	Install dependencies	2025-07-11T09:08:06.3568289Z Downloading coverage-7.9.2-cp310-cp310-manylinux_2_5_x86_64.manylinux1_x86_64.manylinux_2_17_x86_64.manylinux2014_x86_64.whl (240 kB)
unit-tests	Install dependencies	2025-07-11T09:08:06.3633088Z Downloading exceptiongroup-1.3.0-py3-none-any.whl (16 kB)
unit-tests	Install dependencies	2025-07-11T09:08:06.3688542Z Downloading iniconfig-2.1.0-py3-none-any.whl (6.0 kB)
unit-tests	Install dependencies	2025-07-11T09:08:06.3741074Z Downloading packaging-25.0-py3-none-any.whl (66 kB)
unit-tests	Install dependencies	2025-07-11T09:08:06.3798665Z Downloading pygments-2.19.2-py3-none-any.whl (1.2 MB)
unit-tests	Install dependencies	2025-07-11T09:08:06.3910905Z    ━━━━━━━━━━━━━━━━━━━━━━━━━━━━━━━━━━━━━━━━ 1.2/1.2 MB 121.6 MB/s eta 0:00:00
unit-tests	Install dependencies	2025-07-11T09:08:06.3946534Z Downloading tomli-2.2.1-py3-none-any.whl (14 kB)
unit-tests	Install dependencies	2025-07-11T09:08:06.4002108Z Downloading typing_extensions-4.14.1-py3-none-any.whl (43 kB)
unit-tests	Install dependencies	2025-07-11T09:08:06.4558399Z Installing collected packages: typing-extensions, tomli, pygments, pluggy, packaging, iniconfig, coverage, exceptiongroup, pytest, pytest-timeout, pytest-mock, pytest-cov, pytest-asyncio
unit-tests	Install dependencies	2025-07-11T09:08:07.4873507Z
unit-tests	Install dependencies	2025-07-11T09:08:07.4904000Z Successfully installed coverage-7.9.2 exceptiongroup-1.3.0 iniconfig-2.1.0 packaging-25.0 pluggy-1.6.0 pygments-2.19.2 pytest-8.4.1 pytest-asyncio-1.0.0 pytest-cov-6.2.1 pytest-mock-3.14.1 pytest-timeout-2.4.0 tomli-2.2.1 typing-extensions-4.14.1
unit-tests	Install dependencies	2025-07-11T09:08:08.4884194Z Collecting annotated-types==0.7.0 (from -r requirements.txt (line 1))
unit-tests	Install dependencies	2025-07-11T09:08:08.5199291Z   Downloading annotated_types-0.7.0-py3-none-any.whl.metadata (15 kB)
unit-tests	Install dependencies	2025-07-11T09:08:08.5415109Z Collecting anyio==4.9.0 (from -r requirements.txt (line 2))
unit-tests	Install dependencies	2025-07-11T09:08:08.5453522Z   Downloading anyio-4.9.0-py3-none-any.whl.metadata (4.7 kB)
unit-tests	Install dependencies	2025-07-11T09:08:08.5612116Z Collecting blinker==1.9.0 (from -r requirements.txt (line 3))
unit-tests	Install dependencies	2025-07-11T09:08:08.5647580Z   Downloading blinker-1.9.0-py3-none-any.whl.metadata (1.6 kB)
unit-tests	Install dependencies	2025-07-11T09:08:08.5817674Z Collecting cachetools==5.5.2 (from -r requirements.txt (line 4))
unit-tests	Install dependencies	2025-07-11T09:08:08.5856381Z   Downloading cachetools-5.5.2-py3-none-any.whl.metadata (5.4 kB)
unit-tests	Install dependencies	2025-07-11T09:08:08.6045599Z Collecting certifi==2025.4.26 (from -r requirements.txt (line 5))
unit-tests	Install dependencies	2025-07-11T09:08:08.6080795Z   Downloading certifi-2025.4.26-py3-none-any.whl.metadata (2.5 kB)
unit-tests	Install dependencies	2025-07-11T09:08:08.7341971Z Collecting cffi==1.17.1 (from -r requirements.txt (line 6))
unit-tests	Install dependencies	2025-07-11T09:08:08.7376622Z   Downloading cffi-1.17.1-cp310-cp310-manylinux_2_17_x86_64.manylinux2014_x86_64.whl.metadata (1.5 kB)
unit-tests	Install dependencies	2025-07-11T09:08:08.8205541Z Collecting charset-normalizer==3.4.2 (from -r requirements.txt (line 7))
unit-tests	Install dependencies	2025-07-11T09:08:08.8254040Z   Downloading charset_normalizer-3.4.2-cp310-cp310-manylinux_2_17_x86_64.manylinux2014_x86_64.whl.metadata (35 kB)
unit-tests	Install dependencies	2025-07-11T09:08:08.8442968Z Collecting click==8.2.1 (from -r requirements.txt (line 8))
unit-tests	Install dependencies	2025-07-11T09:08:08.8482678Z   Downloading click-8.2.1-py3-none-any.whl.metadata (2.5 kB)
unit-tests	Install dependencies	2025-07-11T09:08:08.8512197Z Requirement already satisfied: coverage==7.9.2 in /opt/hostedtoolcache/Python/3.10.18/x64/lib/python3.10/site-packages (from -r requirements.txt (line 9)) (7.9.2)
unit-tests	Install dependencies	2025-07-11T09:08:09.0710746Z Collecting cryptography==45.0.5 (from -r requirements.txt (line 10))
unit-tests	Install dependencies	2025-07-11T09:08:09.0750779Z   Downloading cryptography-45.0.5-cp37-abi3-manylinux_2_34_x86_64.whl.metadata (5.7 kB)
unit-tests	Install dependencies	2025-07-11T09:08:09.0970857Z Collecting decorator==5.2.1 (from -r requirements.txt (line 11))
unit-tests	Install dependencies	2025-07-11T09:08:09.1004158Z   Downloading decorator-5.2.1-py3-none-any.whl.metadata (3.9 kB)
unit-tests	Install dependencies	2025-07-11T09:08:09.1132473Z Collecting Deprecated==1.2.18 (from -r requirements.txt (line 12))
unit-tests	Install dependencies	2025-07-11T09:08:09.1170895Z   Downloading Deprecated-1.2.18-py2.py3-none-any.whl.metadata (5.7 kB)
unit-tests	Install dependencies	2025-07-11T09:08:09.1288198Z Collecting distro==1.9.0 (from -r requirements.txt (line 13))
unit-tests	Install dependencies	2025-07-11T09:08:09.1324618Z   Downloading distro-1.9.0-py3-none-any.whl.metadata (6.8 kB)
unit-tests	Install dependencies	2025-07-11T09:08:09.1572288Z Collecting docstring_parser==0.16 (from -r requirements.txt (line 14))
unit-tests	Install dependencies	2025-07-11T09:08:09.1615993Z   Downloading docstring_parser-0.16-py3-none-any.whl.metadata (3.0 kB)
unit-tests	Install dependencies	2025-07-11T09:08:09.1755574Z Collecting ecdsa==0.19.1 (from -r requirements.txt (line 15))
unit-tests	Install dependencies	2025-07-11T09:08:09.1791363Z   Downloading ecdsa-0.19.1-py2.py3-none-any.whl.metadata (29 kB)
unit-tests	Install dependencies	2025-07-11T09:08:09.1929950Z Collecting execnet==2.1.1 (from -r requirements.txt (line 16))
unit-tests	Install dependencies	2025-07-11T09:08:09.1963691Z   Downloading execnet-2.1.1-py3-none-any.whl.metadata (2.9 kB)
unit-tests	Install dependencies	2025-07-11T09:08:09.2321418Z Collecting faiss-cpu==1.11.0 (from -r requirements.txt (line 17))
unit-tests	Install dependencies	2025-07-11T09:08:09.2367397Z   Downloading faiss_cpu-1.11.0-cp310-cp310-manylinux_2_28_x86_64.whl.metadata (4.8 kB)
unit-tests	Install dependencies	2025-07-11T09:08:09.2820246Z Collecting fastapi==0.115.12 (from -r requirements.txt (line 18))
unit-tests	Install dependencies	2025-07-11T09:08:09.2854425Z   Downloading fastapi-0.115.12-py3-none-any.whl.metadata (27 kB)
unit-tests	Install dependencies	2025-07-11T09:08:09.3100790Z Collecting Flask==3.1.1 (from -r requirements.txt (line 19))
unit-tests	Install dependencies	2025-07-11T09:08:09.3135086Z   Downloading flask-3.1.1-py3-none-any.whl.metadata (3.0 kB)
unit-tests	Install dependencies	2025-07-11T09:08:09.3316984Z Collecting functions-framework (from -r requirements.txt (line 20))
unit-tests	Install dependencies	2025-07-11T09:08:09.3350131Z   Downloading functions_framework-3.8.3-py3-none-any.whl.metadata (15 kB)
unit-tests	Install dependencies	2025-07-11T09:08:09.3704344Z Collecting google-api-core==2.24.2 (from -r requirements.txt (line 21))
unit-tests	Install dependencies	2025-07-11T09:08:09.3737363Z   Downloading google_api_core-2.24.2-py3-none-any.whl.metadata (3.0 kB)
unit-tests	Install dependencies	2025-07-11T09:08:09.4298561Z Collecting google-api-python-client==2.170.0 (from -r requirements.txt (line 22))
unit-tests	Install dependencies	2025-07-11T09:08:09.4343517Z   Downloading google_api_python_client-2.170.0-py3-none-any.whl.metadata (6.7 kB)
unit-tests	Install dependencies	2025-07-11T09:08:09.4720853Z Collecting google-auth==2.40.2 (from -r requirements.txt (line 23))
unit-tests	Install dependencies	2025-07-11T09:08:09.4757474Z   Downloading google_auth-2.40.2-py2.py3-none-any.whl.metadata (6.2 kB)
unit-tests	Install dependencies	2025-07-11T09:08:09.4961059Z Collecting google-auth-httplib2==0.2.0 (from -r requirements.txt (line 24))
unit-tests	Install dependencies	2025-07-11T09:08:09.4996266Z   Downloading google_auth_httplib2-0.2.0-py2.py3-none-any.whl.metadata (2.2 kB)
unit-tests	Install dependencies	2025-07-11T09:08:09.5145872Z Collecting google-auth-oauthlib==1.2.2 (from -r requirements.txt (line 25))
unit-tests	Install dependencies	2025-07-11T09:08:09.5188660Z   Downloading google_auth_oauthlib-1.2.2-py3-none-any.whl.metadata (2.7 kB)
unit-tests	Install dependencies	2025-07-11T09:08:09.5571607Z Collecting google-cloud-aiplatform==1.95.1 (from -r requirements.txt (line 26))
unit-tests	Install dependencies	2025-07-11T09:08:09.5618153Z   Downloading google_cloud_aiplatform-1.95.1-py2.py3-none-any.whl.metadata (35 kB)
unit-tests	Install dependencies	2025-07-11T09:08:09.6879820Z Collecting google-cloud-appengine-logging==1.6.2 (from -r requirements.txt (line 27))
unit-tests	Install dependencies	2025-07-11T09:08:09.6913664Z   Downloading google_cloud_appengine_logging-1.6.2-py3-none-any.whl.metadata (9.9 kB)
unit-tests	Install dependencies	2025-07-11T09:08:09.7033339Z Collecting google-cloud-audit-log==0.3.2 (from -r requirements.txt (line 28))
unit-tests	Install dependencies	2025-07-11T09:08:09.7066812Z   Downloading google_cloud_audit_log-0.3.2-py3-none-any.whl.metadata (9.0 kB)
unit-tests	Install dependencies	2025-07-11T09:08:09.7442157Z Collecting google-cloud-bigquery==3.34.0 (from -r requirements.txt (line 29))
unit-tests	Install dependencies	2025-07-11T09:08:09.7475215Z   Downloading google_cloud_bigquery-3.34.0-py3-none-any.whl.metadata (8.0 kB)
unit-tests	Install dependencies	2025-07-11T09:08:09.7753050Z Collecting google-cloud-billing==1.16.3 (from -r requirements.txt (line 30))
unit-tests	Install dependencies	2025-07-11T09:08:09.7802623Z   Downloading google_cloud_billing-1.16.3-py3-none-any.whl.metadata (9.6 kB)
unit-tests	Install dependencies	2025-07-11T09:08:09.8000828Z Collecting google-cloud-billing-budgets==1.17.2 (from -r requirements.txt (line 31))
unit-tests	Install dependencies	2025-07-11T09:08:09.8039589Z   Downloading google_cloud_billing_budgets-1.17.2-py3-none-any.whl.metadata (9.9 kB)
unit-tests	Install dependencies	2025-07-11T09:08:09.8235065Z Collecting google-cloud-core==2.4.3 (from -r requirements.txt (line 32))
unit-tests	Install dependencies	2025-07-11T09:08:09.8270597Z   Downloading google_cloud_core-2.4.3-py2.py3-none-any.whl.metadata (2.7 kB)
unit-tests	Install dependencies	2025-07-11T09:08:09.8502381Z Collecting google-cloud-firestore==2.20.2 (from -r requirements.txt (line 33))
unit-tests	Install dependencies	2025-07-11T09:08:09.8543111Z   Downloading google_cloud_firestore-2.20.2-py3-none-any.whl.metadata (9.9 kB)
unit-tests	Install dependencies	2025-07-11T09:08:09.8768377Z Collecting google-cloud-logging==3.12.1 (from -r requirements.txt (line 34))
unit-tests	Install dependencies	2025-07-11T09:08:09.8801826Z   Downloading google_cloud_logging-3.12.1-py2.py3-none-any.whl.metadata (5.0 kB)
unit-tests	Install dependencies	2025-07-11T09:08:09.9159048Z Collecting google-cloud-pubsub==2.31.0 (from -r requirements.txt (line 35))
unit-tests	Install dependencies	2025-07-11T09:08:09.9194990Z   Downloading google_cloud_pubsub-2.31.0-py3-none-any.whl.metadata (10 kB)
unit-tests	Install dependencies	2025-07-11T09:08:09.9450131Z Collecting google-cloud-resource-manager==1.14.2 (from -r requirements.txt (line 36))
unit-tests	Install dependencies	2025-07-11T09:08:09.9483655Z   Downloading google_cloud_resource_manager-1.14.2-py3-none-any.whl.metadata (9.6 kB)
unit-tests	Install dependencies	2025-07-11T09:08:09.9646420Z Collecting google-cloud-run==0.10.18 (from -r requirements.txt (line 37))
unit-tests	Install dependencies	2025-07-11T09:08:09.9684381Z   Downloading google_cloud_run-0.10.18-py3-none-any.whl.metadata (9.3 kB)
unit-tests	Install dependencies	2025-07-11T09:08:09.9891506Z Collecting google-cloud-secret-manager==2.24.0 (from -r requirements.txt (line 38))
unit-tests	Install dependencies	2025-07-11T09:08:09.9924283Z   Downloading google_cloud_secret_manager-2.24.0-py3-none-any.whl.metadata (9.7 kB)
unit-tests	Install dependencies	2025-07-11T09:08:10.0217682Z Collecting google-cloud-storage==2.19.0 (from -r requirements.txt (line 39))
unit-tests	Install dependencies	2025-07-11T09:08:10.0252769Z   Downloading google_cloud_storage-2.19.0-py2.py3-none-any.whl.metadata (9.1 kB)
unit-tests	Install dependencies	2025-07-11T09:08:10.0801933Z Collecting google-crc32c==1.7.1 (from -r requirements.txt (line 40))
unit-tests	Install dependencies	2025-07-11T09:08:10.0838689Z   Downloading google_crc32c-1.7.1-cp310-cp310-manylinux_2_17_x86_64.manylinux2014_x86_64.whl.metadata (2.3 kB)
unit-tests	Install dependencies	2025-07-11T09:08:10.1005847Z Collecting google-genai==1.18.0 (from -r requirements.txt (line 41))
unit-tests	Install dependencies	2025-07-11T09:08:10.1043463Z   Downloading google_genai-1.18.0-py3-none-any.whl.metadata (35 kB)
unit-tests	Install dependencies	2025-07-11T09:08:10.1499950Z Collecting google-resumable-media==2.7.2 (from -r requirements.txt (line 42))
unit-tests	Install dependencies	2025-07-11T09:08:10.1537030Z   Downloading google_resumable_media-2.7.2-py2.py3-none-any.whl.metadata (2.2 kB)
unit-tests	Install dependencies	2025-07-11T09:08:10.1736628Z Collecting googleapis-common-protos==1.70.0 (from -r requirements.txt (line 43))
unit-tests	Install dependencies	2025-07-11T09:08:10.1769909Z   Downloading googleapis_common_protos-1.70.0-py3-none-any.whl.metadata (9.3 kB)
unit-tests	Install dependencies	2025-07-11T09:08:10.1889431Z Collecting grpc-google-iam-v1==0.14.2 (from -r requirements.txt (line 44))
unit-tests	Install dependencies	2025-07-11T09:08:10.1931221Z   Downloading grpc_google_iam_v1-0.14.2-py3-none-any.whl.metadata (9.1 kB)
unit-tests	Install dependencies	2025-07-11T09:08:10.7924178Z Collecting grpcio==1.71.0 (from -r requirements.txt (line 45))
unit-tests	Install dependencies	2025-07-11T09:08:10.8009917Z   Downloading grpcio-1.71.0-cp310-cp310-manylinux_2_17_x86_64.manylinux2014_x86_64.whl.metadata (3.8 kB)
unit-tests	Install dependencies	2025-07-11T09:08:10.8330505Z Collecting grpcio-status==1.71.0 (from -r requirements.txt (line 46))
unit-tests	Install dependencies	2025-07-11T09:08:10.8364164Z   Downloading grpcio_status-1.71.0-py3-none-any.whl.metadata (1.1 kB)
unit-tests	Install dependencies	2025-07-11T09:08:10.8545407Z Collecting gunicorn==23.0.0 (from -r requirements.txt (line 47))
unit-tests	Install dependencies	2025-07-11T09:08:10.8581171Z   Downloading gunicorn-23.0.0-py3-none-any.whl.metadata (4.4 kB)
unit-tests	Install dependencies	2025-07-11T09:08:10.8708009Z Collecting h11==0.16.0 (from -r requirements.txt (line 48))
unit-tests	Install dependencies	2025-07-11T09:08:10.8741657Z   Downloading h11-0.16.0-py3-none-any.whl.metadata (8.3 kB)
unit-tests	Install dependencies	2025-07-11T09:08:10.8903024Z Collecting h2==4.2.0 (from -r requirements.txt (line 49))
unit-tests	Install dependencies	2025-07-11T09:08:10.8936560Z   Downloading h2-4.2.0-py3-none-any.whl.metadata (5.1 kB)
unit-tests	Install dependencies	2025-07-11T09:08:10.9045265Z Collecting hpack==4.1.0 (from -r requirements.txt (line 50))
unit-tests	Install dependencies	2025-07-11T09:08:10.9078719Z   Downloading hpack-4.1.0-py3-none-any.whl.metadata (4.6 kB)
unit-tests	Install dependencies	2025-07-11T09:08:10.9257821Z Collecting httpcore==1.0.9 (from -r requirements.txt (line 51))
unit-tests	Install dependencies	2025-07-11T09:08:10.9295147Z   Downloading httpcore-1.0.9-py3-none-any.whl.metadata (21 kB)
unit-tests	Install dependencies	2025-07-11T09:08:10.9447265Z Collecting httplib2==0.22.0 (from -r requirements.txt (line 52))
unit-tests	Install dependencies	2025-07-11T09:08:10.9480883Z   Downloading httplib2-0.22.0-py3-none-any.whl.metadata (2.6 kB)
unit-tests	Install dependencies	2025-07-11T09:08:10.9684281Z Collecting httpx==0.28.1 (from -r requirements.txt (line 53))
unit-tests	Install dependencies	2025-07-11T09:08:10.9719124Z   Downloading httpx-0.28.1-py3-none-any.whl.metadata (7.1 kB)
unit-tests	Install dependencies	2025-07-11T09:08:10.9863612Z Collecting hyperframe==6.1.0 (from -r requirements.txt (line 54))
unit-tests	Install dependencies	2025-07-11T09:08:10.9897290Z   Downloading hyperframe-6.1.0-py3-none-any.whl.metadata (4.3 kB)
unit-tests	Install dependencies	2025-07-11T09:08:11.0026374Z Collecting idna==3.10 (from -r requirements.txt (line 55))
unit-tests	Install dependencies	2025-07-11T09:08:11.0059993Z   Downloading idna-3.10-py3-none-any.whl.metadata (10 kB)
unit-tests	Install dependencies	2025-07-11T09:08:11.0370050Z Collecting importlib_metadata==8.7.0 (from -r requirements.txt (line 56))
unit-tests	Install dependencies	2025-07-11T09:08:11.0406523Z   Downloading importlib_metadata-8.7.0-py3-none-any.whl.metadata (4.8 kB)
unit-tests	Install dependencies	2025-07-11T09:08:11.0481205Z Requirement already satisfied: iniconfig==2.1.0 in /opt/hostedtoolcache/Python/3.10.18/x64/lib/python3.10/site-packages (from -r requirements.txt (line 57)) (2.1.0)
unit-tests	Install dependencies	2025-07-11T09:08:11.0569218Z Collecting itsdangerous==2.2.0 (from -r requirements.txt (line 58))
unit-tests	Install dependencies	2025-07-11T09:08:11.0602512Z   Downloading itsdangerous-2.2.0-py3-none-any.whl.metadata (1.9 kB)
unit-tests	Install dependencies	2025-07-11T09:08:11.0764009Z Collecting Jinja2==3.1.6 (from -r requirements.txt (line 59))
unit-tests	Install dependencies	2025-07-11T09:08:11.0797188Z   Downloading jinja2-3.1.6-py3-none-any.whl.metadata (2.9 kB)
unit-tests	Install dependencies	2025-07-11T09:08:11.1473329Z Collecting jiter==0.10.0 (from -r requirements.txt (line 60))
unit-tests	Install dependencies	2025-07-11T09:08:11.1510384Z   Downloading jiter-0.10.0-cp310-cp310-manylinux_2_17_x86_64.manylinux2014_x86_64.whl.metadata (5.2 kB)
unit-tests	Install dependencies	2025-07-11T09:08:11.1718290Z Collecting joblib==1.5.1 (from -r requirements.txt (line 61))
unit-tests	Install dependencies	2025-07-11T09:08:11.1753862Z   Downloading joblib-1.5.1-py3-none-any.whl.metadata (5.6 kB)
unit-tests	Install dependencies	2025-07-11T09:08:11.1892705Z Collecting jsonpatch==1.33 (from -r requirements.txt (line 62))
unit-tests	Install dependencies	2025-07-11T09:08:11.1928906Z   Downloading jsonpatch-1.33-py2.py3-none-any.whl.metadata (3.0 kB)
unit-tests	Install dependencies	2025-07-11T09:08:11.2056627Z Collecting jsonpointer==3.0.0 (from -r requirements.txt (line 63))
unit-tests	Install dependencies	2025-07-11T09:08:11.2090692Z   Downloading jsonpointer-3.0.0-py2.py3-none-any.whl.metadata (2.3 kB)
unit-tests	Install dependencies	2025-07-11T09:08:11.2496653Z Collecting langchain-core==0.3.63 (from -r requirements.txt (line 64))
unit-tests	Install dependencies	2025-07-11T09:08:11.2531850Z   Downloading langchain_core-0.3.63-py3-none-any.whl.metadata (5.8 kB)
unit-tests	Install dependencies	2025-07-11T09:08:11.2769361Z Collecting langchain-openai==0.3.18 (from -r requirements.txt (line 65))
unit-tests	Install dependencies	2025-07-11T09:08:11.2818069Z   Downloading langchain_openai-0.3.18-py3-none-any.whl.metadata (2.3 kB)
unit-tests	Install dependencies	2025-07-11T09:08:11.3462628Z Collecting langsmith==0.3.43 (from -r requirements.txt (line 66))
unit-tests	Install dependencies	2025-07-11T09:08:11.3500754Z   Downloading langsmith-0.3.43-py3-none-any.whl.metadata (15 kB)
unit-tests	Install dependencies	2025-07-11T09:08:11.3762843Z Collecting limits==5.4.0 (from -r requirements.txt (line 67))
unit-tests	Install dependencies	2025-07-11T09:08:11.3795231Z   Downloading limits-5.4.0-py3-none-any.whl.metadata (10 kB)
unit-tests	Install dependencies	2025-07-11T09:08:11.4874864Z Collecting MarkupSafe==3.0.2 (from -r requirements.txt (line 68))
unit-tests	Install dependencies	2025-07-11T09:08:11.4913796Z   Downloading MarkupSafe-3.0.2-cp310-cp310-manylinux_2_17_x86_64.manylinux2014_x86_64.whl.metadata (4.0 kB)
unit-tests	Install dependencies	2025-07-11T09:08:11.6934241Z Collecting numpy==2.2.6 (from -r requirements.txt (line 69))
unit-tests	Install dependencies	2025-07-11T09:08:11.6970724Z   Downloading numpy-2.2.6-cp310-cp310-manylinux_2_17_x86_64.manylinux2014_x86_64.whl.metadata (62 kB)
unit-tests	Install dependencies	2025-07-11T09:08:11.7148592Z Collecting oauthlib==3.2.2 (from -r requirements.txt (line 70))
unit-tests	Install dependencies	2025-07-11T09:08:11.7181763Z   Downloading oauthlib-3.2.2-py3-none-any.whl.metadata (7.5 kB)
unit-tests	Install dependencies	2025-07-11T09:08:11.7715361Z Collecting openai==1.82.1 (from -r requirements.txt (line 71))
unit-tests	Install dependencies	2025-07-11T09:08:11.7762541Z   Downloading openai-1.82.1-py3-none-any.whl.metadata (25 kB)
unit-tests	Install dependencies	2025-07-11T09:08:11.7989444Z Collecting opentelemetry-api==1.34.1 (from -r requirements.txt (line 72))
unit-tests	Install dependencies	2025-07-11T09:08:11.8023711Z   Downloading opentelemetry_api-1.34.1-py3-none-any.whl.metadata (1.5 kB)
unit-tests	Install dependencies	2025-07-11T09:08:11.8214882Z Collecting opentelemetry-sdk==1.34.1 (from -r requirements.txt (line 73))
unit-tests	Install dependencies	2025-07-11T09:08:11.8253871Z   Downloading opentelemetry_sdk-1.34.1-py3-none-any.whl.metadata (1.6 kB)
unit-tests	Install dependencies	2025-07-11T09:08:11.8424903Z Collecting opentelemetry-semantic-conventions==0.55b1 (from -r requirements.txt (line 74))
unit-tests	Install dependencies	2025-07-11T09:08:11.8459025Z   Downloading opentelemetry_semantic_conventions-0.55b1-py3-none-any.whl.metadata (2.5 kB)
unit-tests	Install dependencies	2025-07-11T09:08:12.1705871Z Collecting orjson==3.10.18 (from -r requirements.txt (line 75))
unit-tests	Install dependencies	2025-07-11T09:08:12.1746922Z   Downloading orjson-3.10.18-cp310-cp310-manylinux_2_17_x86_64.manylinux2014_x86_64.whl.metadata (41 kB)
unit-tests	Install dependencies	2025-07-11T09:08:12.1929919Z Collecting packaging==24.2 (from -r requirements.txt (line 76))
unit-tests	Install dependencies	2025-07-11T09:08:12.1963760Z   Downloading packaging-24.2-py3-none-any.whl.metadata (3.2 kB)
unit-tests	Install dependencies	2025-07-11T09:08:12.2090748Z Collecting passlib==1.7.4 (from -r requirements.txt (line 77))
unit-tests	Install dependencies	2025-07-11T09:08:12.2127789Z   Downloading passlib-1.7.4-py2.py3-none-any.whl.metadata (1.7 kB)
unit-tests	Install dependencies	2025-07-11T09:08:12.2172424Z Requirement already satisfied: pluggy==1.6.0 in /opt/hostedtoolcache/Python/3.10.18/x64/lib/python3.10/site-packages (from -r requirements.txt (line 78)) (1.6.0)
unit-tests	Install dependencies	2025-07-11T09:08:12.2301254Z Collecting portalocker==2.10.1 (from -r requirements.txt (line 79))
unit-tests	Install dependencies	2025-07-11T09:08:12.2334942Z   Downloading portalocker-2.10.1-py3-none-any.whl.metadata (8.5 kB)
unit-tests	Install dependencies	2025-07-11T09:08:12.2500992Z Collecting prometheus_client==0.22.0 (from -r requirements.txt (line 80))
unit-tests	Install dependencies	2025-07-11T09:08:12.2547429Z   Downloading prometheus_client-0.22.0-py3-none-any.whl.metadata (14 kB)
unit-tests	Install dependencies	2025-07-11T09:08:12.2771470Z Collecting proto-plus==1.26.1 (from -r requirements.txt (line 81))
unit-tests	Install dependencies	2025-07-11T09:08:12.2805683Z   Downloading proto_plus-1.26.1-py3-none-any.whl.metadata (2.2 kB)
unit-tests	Install dependencies	2025-07-11T09:08:12.4548752Z Collecting protobuf==5.29.5 (from -r requirements.txt (line 82))
unit-tests	Install dependencies	2025-07-11T09:08:12.4583659Z   Downloading protobuf-5.29.5-cp38-abi3-manylinux2014_x86_64.whl.metadata (592 bytes)
unit-tests	Install dependencies	2025-07-11T09:08:12.5328913Z Collecting psutil==7.0.0 (from -r requirements.txt (line 83))
unit-tests	Install dependencies	2025-07-11T09:08:12.5366335Z   Downloading psutil-7.0.0-cp36-abi3-manylinux_2_12_x86_64.manylinux2010_x86_64.manylinux_2_17_x86_64.manylinux2014_x86_64.whl.metadata (22 kB)
unit-tests	Install dependencies	2025-07-11T09:08:12.5551192Z Collecting py==1.11.0 (from -r requirements.txt (line 84))
unit-tests	Install dependencies	2025-07-11T09:08:12.5583857Z   Downloading py-1.11.0-py2.py3-none-any.whl.metadata (2.8 kB)
unit-tests	Install dependencies	2025-07-11T09:08:12.5801410Z Collecting pyasn1==0.6.1 (from -r requirements.txt (line 85))
unit-tests	Install dependencies	2025-07-11T09:08:12.5834452Z   Downloading pyasn1-0.6.1-py3-none-any.whl.metadata (8.4 kB)
unit-tests	Install dependencies	2025-07-11T09:08:12.6026348Z Collecting pyasn1_modules==0.4.2 (from -r requirements.txt (line 86))
unit-tests	Install dependencies	2025-07-11T09:08:12.6060815Z   Downloading pyasn1_modules-0.4.2-py3-none-any.whl.metadata (3.5 kB)
unit-tests	Install dependencies	2025-07-11T09:08:12.6166436Z Collecting pycparser==2.22 (from -r requirements.txt (line 87))
unit-tests	Install dependencies	2025-07-11T09:08:12.6200319Z   Downloading pycparser-2.22-py3-none-any.whl.metadata (943 bytes)
unit-tests	Install dependencies	2025-07-11T09:08:12.7440779Z Collecting pydantic==2.11.5 (from -r requirements.txt (line 88))
unit-tests	Install dependencies	2025-07-11T09:08:12.7475668Z   Downloading pydantic-2.11.5-py3-none-any.whl.metadata (67 kB)
unit-tests	Install dependencies	2025-07-11T09:08:13.5301641Z Collecting pydantic_core==2.33.2 (from -r requirements.txt (line 89))
unit-tests	Install dependencies	2025-07-11T09:08:13.5342837Z   Downloading pydantic_core-2.33.2-cp310-cp310-manylinux_2_17_x86_64.manylinux2014_x86_64.whl.metadata (6.8 kB)
unit-tests	Install dependencies	2025-07-11T09:08:13.5606922Z Collecting pyparsing==3.2.3 (from -r requirements.txt (line 90))
unit-tests	Install dependencies	2025-07-11T09:08:13.5643243Z   Downloading pyparsing-3.2.3-py3-none-any.whl.metadata (5.0 kB)
unit-tests	Install dependencies	2025-07-11T09:08:13.5988266Z Collecting pytest==8.3.5 (from -r requirements.txt (line 91))
unit-tests	Install dependencies	2025-07-11T09:08:13.6024297Z   Downloading pytest-8.3.5-py3-none-any.whl.metadata (7.6 kB)
unit-tests	Install dependencies	2025-07-11T09:08:13.6074404Z Requirement already satisfied: pytest-asyncio==1.0.0 in /opt/hostedtoolcache/Python/3.10.18/x64/lib/python3.10/site-packages (from -r requirements.txt (line 92)) (1.0.0)
unit-tests	Install dependencies	2025-07-11T09:08:13.6080118Z Requirement already satisfied: pytest-cov==6.2.1 in /opt/hostedtoolcache/Python/3.10.18/x64/lib/python3.10/site-packages (from -r requirements.txt (line 93)) (6.2.1)
unit-tests	Install dependencies	2025-07-11T09:08:13.6197024Z Collecting pytest-json-report==1.5.0 (from -r requirements.txt (line 94))
unit-tests	Install dependencies	2025-07-11T09:08:13.6232343Z   Downloading pytest_json_report-1.5.0-py3-none-any.whl.metadata (15 kB)
unit-tests	Install dependencies	2025-07-11T09:08:13.6369702Z Collecting pytest-metadata==3.1.1 (from -r requirements.txt (line 95))
unit-tests	Install dependencies	2025-07-11T09:08:13.6403683Z   Downloading pytest_metadata-3.1.1-py3-none-any.whl.metadata (8.6 kB)
unit-tests	Install dependencies	2025-07-11T09:08:13.6443761Z Requirement already satisfied: pytest-mock==3.14.1 in /opt/hostedtoolcache/Python/3.10.18/x64/lib/python3.10/site-packages (from -r requirements.txt (line 96)) (3.14.1)
unit-tests	Install dependencies	2025-07-11T09:08:13.6569159Z Collecting pytest-randomly==3.16.0 (from -r requirements.txt (line 97))
unit-tests	Install dependencies	2025-07-11T09:08:13.6602504Z   Downloading pytest_randomly-3.16.0-py3-none-any.whl.metadata (8.6 kB)
unit-tests	Install dependencies	2025-07-11T09:08:13.6741562Z Collecting pytest-rerunfailures==15.1 (from -r requirements.txt (line 98))
unit-tests	Install dependencies	2025-07-11T09:08:13.6774613Z   Downloading pytest_rerunfailures-15.1-py3-none-any.whl.metadata (20 kB)
unit-tests	Install dependencies	2025-07-11T09:08:13.6814706Z Requirement already satisfied: pytest-timeout==2.4.0 in /opt/hostedtoolcache/Python/3.10.18/x64/lib/python3.10/site-packages (from -r requirements.txt (line 99)) (2.4.0)
unit-tests	Install dependencies	2025-07-11T09:08:13.6970933Z Collecting pytest-xdist==3.8.0 (from -r requirements.txt (line 100))
unit-tests	Install dependencies	2025-07-11T09:08:13.7005526Z   Downloading pytest_xdist-3.8.0-py3-none-any.whl.metadata (3.0 kB)
unit-tests	Install dependencies	2025-07-11T09:08:13.7147870Z Collecting python-dateutil==2.9.0.post0 (from -r requirements.txt (line 101))
unit-tests	Install dependencies	2025-07-11T09:08:13.7181180Z   Downloading python_dateutil-2.9.0.post0-py2.py3-none-any.whl.metadata (8.4 kB)
unit-tests	Install dependencies	2025-07-11T09:08:13.7353818Z Collecting python-dotenv==1.1.0 (from -r requirements.txt (line 102))
unit-tests	Install dependencies	2025-07-11T09:08:13.7387228Z   Downloading python_dotenv-1.1.0-py3-none-any.whl.metadata (24 kB)
unit-tests	Install dependencies	2025-07-11T09:08:13.7516410Z Collecting python-jose==3.5.0 (from -r requirements.txt (line 103))
unit-tests	Install dependencies	2025-07-11T09:08:13.7551018Z   Downloading python_jose-3.5.0-py2.py3-none-any.whl.metadata (5.5 kB)
unit-tests	Install dependencies	2025-07-11T09:08:13.7689897Z Collecting python-multipart==0.0.20 (from -r requirements.txt (line 104))
unit-tests	Install dependencies	2025-07-11T09:08:13.7724136Z   Downloading python_multipart-0.0.20-py3-none-any.whl.metadata (1.8 kB)
unit-tests	Install dependencies	2025-07-11T09:08:13.8135298Z Collecting PyYAML==6.0.2 (from -r requirements.txt (line 105))
unit-tests	Install dependencies	2025-07-11T09:08:13.8171106Z   Downloading PyYAML-6.0.2-cp310-cp310-manylinux_2_17_x86_64.manylinux2014_x86_64.whl.metadata (2.1 kB)
unit-tests	Install dependencies	2025-07-11T09:08:13.8451049Z Collecting qdrant-client==1.14.2 (from -r requirements.txt (line 106))
unit-tests	Install dependencies	2025-07-11T09:08:13.8505131Z   Downloading qdrant_client-1.14.2-py3-none-any.whl.metadata (10 kB)
unit-tests	Install dependencies	2025-07-11T09:08:14.3052007Z Collecting regex==2024.11.6 (from -r requirements.txt (line 107))
unit-tests	Install dependencies	2025-07-11T09:08:14.3093021Z   Downloading regex-2024.11.6-cp310-cp310-manylinux_2_17_x86_64.manylinux2014_x86_64.whl.metadata (40 kB)
unit-tests	Install dependencies	2025-07-11T09:08:14.3369934Z Collecting requests==2.32.3 (from -r requirements.txt (line 108))
unit-tests	Install dependencies	2025-07-11T09:08:14.3405599Z   Downloading requests-2.32.3-py3-none-any.whl.metadata (4.6 kB)
unit-tests	Install dependencies	2025-07-11T09:08:14.3539380Z Collecting requests-oauthlib==2.0.0 (from -r requirements.txt (line 109))
unit-tests	Install dependencies	2025-07-11T09:08:14.3574605Z   Downloading requests_oauthlib-2.0.0-py2.py3-none-any.whl.metadata (11 kB)
unit-tests	Install dependencies	2025-07-11T09:08:14.3699403Z Collecting requests-toolbelt==1.0.0 (from -r requirements.txt (line 110))
unit-tests	Install dependencies	2025-07-11T09:08:14.3733385Z   Downloading requests_toolbelt-1.0.0-py2.py3-none-any.whl.metadata (14 kB)
unit-tests	Install dependencies	2025-07-11T09:08:14.3849339Z Collecting retry==0.9.2 (from -r requirements.txt (line 111))
unit-tests	Install dependencies	2025-07-11T09:08:14.3883336Z   Downloading retry-0.9.2-py2.py3-none-any.whl.metadata (5.8 kB)
unit-tests	Install dependencies	2025-07-11T09:08:14.4033017Z Collecting rsa==4.9.1 (from -r requirements.txt (line 112))
unit-tests	Install dependencies	2025-07-11T09:08:14.4066677Z   Downloading rsa-4.9.1-py3-none-any.whl.metadata (5.6 kB)
unit-tests	Install dependencies	2025-07-11T09:08:14.4969707Z Collecting scikit-learn==1.6.1 (from -r requirements.txt (line 113))
unit-tests	Install dependencies	2025-07-11T09:08:14.5004662Z   Downloading scikit_learn-1.6.1-cp310-cp310-manylinux_2_17_x86_64.manylinux2014_x86_64.whl.metadata (18 kB)
unit-tests	Install dependencies	2025-07-11T09:08:14.6375414Z Collecting scipy==1.15.3 (from -r requirements.txt (line 114))
unit-tests	Install dependencies	2025-07-11T09:08:14.6411753Z   Downloading scipy-1.15.3-cp310-cp310-manylinux_2_17_x86_64.manylinux2014_x86_64.whl.metadata (61 kB)
unit-tests	Install dependencies	2025-07-11T09:08:14.7437081Z Collecting shapely==2.1.1 (from -r requirements.txt (line 115))
unit-tests	Install dependencies	2025-07-11T09:08:14.7475321Z   Downloading shapely-2.1.1-cp310-cp310-manylinux_2_17_x86_64.manylinux2014_x86_64.whl.metadata (6.7 kB)
unit-tests	Install dependencies	2025-07-11T09:08:14.7620790Z Collecting six==1.17.0 (from -r requirements.txt (line 116))
unit-tests	Install dependencies	2025-07-11T09:08:14.7654903Z   Downloading six-1.17.0-py2.py3-none-any.whl.metadata (1.7 kB)
unit-tests	Install dependencies	2025-07-11T09:08:14.7761157Z Collecting slowapi==0.1.9 (from -r requirements.txt (line 117))
unit-tests	Install dependencies	2025-07-11T09:08:14.7794767Z   Downloading slowapi-0.1.9-py3-none-any.whl.metadata (3.0 kB)
unit-tests	Install dependencies	2025-07-11T09:08:14.7895939Z Collecting sniffio==1.3.1 (from -r requirements.txt (line 118))
unit-tests	Install dependencies	2025-07-11T09:08:14.7929098Z   Downloading sniffio-1.3.1-py3-none-any.whl.metadata (3.9 kB)
unit-tests	Install dependencies	2025-07-11T09:08:14.8212686Z Collecting starlette==0.46.2 (from -r requirements.txt (line 119))
unit-tests	Install dependencies	2025-07-11T09:08:14.8249893Z   Downloading starlette-0.46.2-py3-none-any.whl.metadata (6.2 kB)
unit-tests	Install dependencies	2025-07-11T09:08:14.8428138Z Collecting tenacity==9.1.2 (from -r requirements.txt (line 120))
unit-tests	Install dependencies	2025-07-11T09:08:14.8462000Z   Downloading tenacity-9.1.2-py3-none-any.whl.metadata (1.2 kB)
unit-tests	Install dependencies	2025-07-11T09:08:14.8571195Z Collecting threadpoolctl==3.6.0 (from -r requirements.txt (line 121))
unit-tests	Install dependencies	2025-07-11T09:08:14.8605455Z   Downloading threadpoolctl-3.6.0-py3-none-any.whl.metadata (13 kB)
unit-tests	Install dependencies	2025-07-11T09:08:14.8966982Z Collecting tiktoken==0.9.0 (from -r requirements.txt (line 122))
unit-tests	Install dependencies	2025-07-11T09:08:14.9009984Z   Downloading tiktoken-0.9.0-cp310-cp310-manylinux_2_17_x86_64.manylinux2014_x86_64.whl.metadata (6.7 kB)
unit-tests	Install dependencies	2025-07-11T09:08:14.9355309Z Collecting tqdm==4.67.1 (from -r requirements.txt (line 123))
unit-tests	Install dependencies	2025-07-11T09:08:14.9388772Z   Downloading tqdm-4.67.1-py3-none-any.whl.metadata (57 kB)
unit-tests	Install dependencies	2025-07-11T09:08:14.9529902Z Collecting typing-inspection==0.4.1 (from -r requirements.txt (line 124))
unit-tests	Install dependencies	2025-07-11T09:08:14.9564281Z   Downloading typing_inspection-0.4.1-py3-none-any.whl.metadata (2.6 kB)
unit-tests	Install dependencies	2025-07-11T09:08:14.9759484Z Collecting typing_extensions==4.13.2 (from -r requirements.txt (line 125))
unit-tests	Install dependencies	2025-07-11T09:08:14.9793338Z   Downloading typing_extensions-4.13.2-py3-none-any.whl.metadata (3.0 kB)
unit-tests	Install dependencies	2025-07-11T09:08:14.9897820Z Collecting uritemplate==4.1.1 (from -r requirements.txt (line 126))
unit-tests	Install dependencies	2025-07-11T09:08:14.9930420Z   Downloading uritemplate-4.1.1-py2.py3-none-any.whl.metadata (2.9 kB)
unit-tests	Install dependencies	2025-07-11T09:08:15.0193654Z Collecting urllib3==2.4.0 (from -r requirements.txt (line 127))
unit-tests	Install dependencies	2025-07-11T09:08:15.0227089Z   Downloading urllib3-2.4.0-py3-none-any.whl.metadata (6.5 kB)
unit-tests	Install dependencies	2025-07-11T09:08:15.0509393Z Collecting uvicorn==0.34.3 (from -r requirements.txt (line 128))
unit-tests	Install dependencies	2025-07-11T09:08:15.0543535Z   Downloading uvicorn-0.34.3-py3-none-any.whl.metadata (6.5 kB)
unit-tests	Install dependencies	2025-07-11T09:08:15.1568167Z Collecting websockets==15.0.1 (from -r requirements.txt (line 129))
unit-tests	Install dependencies	2025-07-11T09:08:15.1604788Z   Downloading websockets-15.0.1-cp310-cp310-manylinux_2_5_x86_64.manylinux1_x86_64.manylinux_2_17_x86_64.manylinux2014_x86_64.whl.metadata (6.8 kB)
unit-tests	Install dependencies	2025-07-11T09:08:15.1828471Z Collecting Werkzeug==3.1.3 (from -r requirements.txt (line 130))
unit-tests	Install dependencies	2025-07-11T09:08:15.1862738Z   Downloading werkzeug-3.1.3-py3-none-any.whl.metadata (3.7 kB)
unit-tests	Install dependencies	2025-07-11T09:08:15.2973991Z Collecting wrapt==1.17.2 (from -r requirements.txt (line 131))
unit-tests	Install dependencies	2025-07-11T09:08:15.3013707Z   Downloading wrapt-1.17.2-cp310-cp310-manylinux_2_5_x86_64.manylinux1_x86_64.manylinux_2_17_x86_64.manylinux2014_x86_64.whl.metadata (6.4 kB)
unit-tests	Install dependencies	2025-07-11T09:08:15.3200633Z Collecting zipp==3.23.0 (from -r requirements.txt (line 132))
unit-tests	Install dependencies	2025-07-11T09:08:15.3233773Z   Downloading zipp-3.23.0-py3-none-any.whl.metadata (3.6 kB)
unit-tests	Install dependencies	2025-07-11T09:08:15.3989074Z Collecting zstandard==0.23.0 (from -r requirements.txt (line 133))
unit-tests	Install dependencies	2025-07-11T09:08:15.4022976Z   Downloading zstandard-0.23.0-cp310-cp310-manylinux_2_17_x86_64.manylinux2014_x86_64.whl.metadata (3.0 kB)
unit-tests	Install dependencies	2025-07-11T09:08:15.4089863Z Requirement already satisfied: exceptiongroup>=1.0.2 in /opt/hostedtoolcache/Python/3.10.18/x64/lib/python3.10/site-packages (from anyio==4.9.0->-r requirements.txt (line 2)) (1.3.0)
unit-tests	Install dependencies	2025-07-11T09:08:17.4377504Z Requirement already satisfied: tomli>=1 in /opt/hostedtoolcache/Python/3.10.18/x64/lib/python3.10/site-packages (from pytest==8.3.5->-r requirements.txt (line 91)) (2.2.1)
unit-tests	Install dependencies	2025-07-11T09:08:17.9501955Z Collecting watchdog>=1.0.0 (from functions-framework->-r requirements.txt (line 20))
unit-tests	Install dependencies	2025-07-11T09:08:17.9537493Z   Downloading watchdog-6.0.0-py3-none-manylinux2014_x86_64.whl.metadata (44 kB)
unit-tests	Install dependencies	2025-07-11T09:08:17.9754641Z Collecting cloudevents<2.0.0,>=1.2.0 (from functions-framework->-r requirements.txt (line 20))
unit-tests	Install dependencies	2025-07-11T09:08:17.9788424Z   Downloading cloudevents-1.12.0-py3-none-any.whl.metadata (7.2 kB)
unit-tests	Install dependencies	2025-07-11T09:08:17.9976520Z Collecting deprecation<3.0,>=2.0 (from cloudevents<2.0.0,>=1.2.0->functions-framework->-r requirements.txt (line 20))
unit-tests	Install dependencies	2025-07-11T09:08:18.0010318Z   Downloading deprecation-2.1.0-py2.py3-none-any.whl.metadata (4.6 kB)
unit-tests	Install dependencies	2025-07-11T09:08:18.0281117Z Downloading annotated_types-0.7.0-py3-none-any.whl (13 kB)
unit-tests	Install dependencies	2025-07-11T09:08:18.0336582Z Downloading anyio-4.9.0-py3-none-any.whl (100 kB)
unit-tests	Install dependencies	2025-07-11T09:08:18.0393844Z Downloading blinker-1.9.0-py3-none-any.whl (8.5 kB)
unit-tests	Install dependencies	2025-07-11T09:08:18.0445641Z Downloading cachetools-5.5.2-py3-none-any.whl (10 kB)
unit-tests	Install dependencies	2025-07-11T09:08:18.0498289Z Downloading certifi-2025.4.26-py3-none-any.whl (159 kB)
unit-tests	Install dependencies	2025-07-11T09:08:18.0555781Z Downloading cffi-1.17.1-cp310-cp310-manylinux_2_17_x86_64.manylinux2014_x86_64.whl (446 kB)
unit-tests	Install dependencies	2025-07-11T09:08:18.0653009Z Downloading charset_normalizer-3.4.2-cp310-cp310-manylinux_2_17_x86_64.manylinux2014_x86_64.whl (149 kB)
unit-tests	Install dependencies	2025-07-11T09:08:18.0713805Z Downloading click-8.2.1-py3-none-any.whl (102 kB)
unit-tests	Install dependencies	2025-07-11T09:08:18.0771909Z Downloading cryptography-45.0.5-cp37-abi3-manylinux_2_34_x86_64.whl (4.4 MB)
unit-tests	Install dependencies	2025-07-11T09:08:18.1023390Z    ━━━━━━━━━━━━━━━━━━━━━━━━━━━━━━━━━━━━━━━━ 4.4/4.4 MB 191.6 MB/s eta 0:00:00
unit-tests	Install dependencies	2025-07-11T09:08:18.1056967Z Downloading decorator-5.2.1-py3-none-any.whl (9.2 kB)
unit-tests	Install dependencies	2025-07-11T09:08:18.1110441Z Downloading Deprecated-1.2.18-py2.py3-none-any.whl (10.0 kB)
unit-tests	Install dependencies	2025-07-11T09:08:18.1162480Z Downloading wrapt-1.17.2-cp310-cp310-manylinux_2_5_x86_64.manylinux1_x86_64.manylinux_2_17_x86_64.manylinux2014_x86_64.whl (82 kB)
unit-tests	Install dependencies	2025-07-11T09:08:18.1218700Z Downloading distro-1.9.0-py3-none-any.whl (20 kB)
unit-tests	Install dependencies	2025-07-11T09:08:18.1270857Z Downloading docstring_parser-0.16-py3-none-any.whl (36 kB)
unit-tests	Install dependencies	2025-07-11T09:08:18.1324691Z Downloading ecdsa-0.19.1-py2.py3-none-any.whl (150 kB)
unit-tests	Install dependencies	2025-07-11T09:08:18.1381805Z Downloading execnet-2.1.1-py3-none-any.whl (40 kB)
unit-tests	Install dependencies	2025-07-11T09:08:18.1473727Z Downloading faiss_cpu-1.11.0-cp310-cp310-manylinux_2_28_x86_64.whl (31.3 MB)
unit-tests	Install dependencies	2025-07-11T09:08:18.3089848Z    ━━━━━━━━━━━━━━━━━━━━━━━━━━━━━━━━━━━━━━━━ 31.3/31.3 MB 195.5 MB/s eta 0:00:00
unit-tests	Install dependencies	2025-07-11T09:08:18.3122969Z Downloading numpy-2.2.6-cp310-cp310-manylinux_2_17_x86_64.manylinux2014_x86_64.whl (16.8 MB)
unit-tests	Install dependencies	2025-07-11T09:08:18.3918414Z    ━━━━━━━━━━━━━━━━━━━━━━━━━━━━━━━━━━━━━━━━ 16.8/16.8 MB 215.3 MB/s eta 0:00:00
unit-tests	Install dependencies	2025-07-11T09:08:18.3952601Z Downloading fastapi-0.115.12-py3-none-any.whl (95 kB)
unit-tests	Install dependencies	2025-07-11T09:08:18.4012536Z Downloading pydantic-2.11.5-py3-none-any.whl (444 kB)
unit-tests	Install dependencies	2025-07-11T09:08:18.4087053Z Downloading starlette-0.46.2-py3-none-any.whl (72 kB)
unit-tests	Install dependencies	2025-07-11T09:08:18.4142458Z Downloading flask-3.1.1-py3-none-any.whl (103 kB)
unit-tests	Install dependencies	2025-07-11T09:08:18.4198482Z Downloading google_api_core-2.24.2-py3-none-any.whl (160 kB)
unit-tests	Install dependencies	2025-07-11T09:08:18.4257310Z Downloading google_auth-2.40.2-py2.py3-none-any.whl (216 kB)
unit-tests	Install dependencies	2025-07-11T09:08:18.4321028Z Downloading googleapis_common_protos-1.70.0-py3-none-any.whl (294 kB)
unit-tests	Install dependencies	2025-07-11T09:08:18.4386532Z Downloading proto_plus-1.26.1-py3-none-any.whl (50 kB)
unit-tests	Install dependencies	2025-07-11T09:08:18.4439717Z Downloading protobuf-5.29.5-cp38-abi3-manylinux2014_x86_64.whl (319 kB)
unit-tests	Install dependencies	2025-07-11T09:08:18.4505227Z Downloading requests-2.32.3-py3-none-any.whl (64 kB)
unit-tests	Install dependencies	2025-07-11T09:08:18.4558336Z Downloading idna-3.10-py3-none-any.whl (70 kB)
unit-tests	Install dependencies	2025-07-11T09:08:18.4623025Z Downloading rsa-4.9.1-py3-none-any.whl (34 kB)
unit-tests	Install dependencies	2025-07-11T09:08:18.4673948Z Downloading urllib3-2.4.0-py3-none-any.whl (128 kB)
unit-tests	Install dependencies	2025-07-11T09:08:18.4752794Z Downloading google_api_python_client-2.170.0-py3-none-any.whl (13.5 MB)
unit-tests	Install dependencies	2025-07-11T09:08:18.5416910Z    ━━━━━━━━━━━━━━━━━━━━━━━━━━━━━━━━━━━━━━━━ 13.5/13.5 MB 209.0 MB/s eta 0:00:00
unit-tests	Install dependencies	2025-07-11T09:08:18.5453503Z Downloading google_auth_httplib2-0.2.0-py2.py3-none-any.whl (9.3 kB)
unit-tests	Install dependencies	2025-07-11T09:08:18.5505838Z Downloading httplib2-0.22.0-py3-none-any.whl (96 kB)
unit-tests	Install dependencies	2025-07-11T09:08:18.5562500Z Downloading pyparsing-3.2.3-py3-none-any.whl (111 kB)
unit-tests	Install dependencies	2025-07-11T09:08:18.5622278Z Downloading uritemplate-4.1.1-py2.py3-none-any.whl (10 kB)
unit-tests	Install dependencies	2025-07-11T09:08:18.5674109Z Downloading google_auth_oauthlib-1.2.2-py3-none-any.whl (19 kB)
unit-tests	Install dependencies	2025-07-11T09:08:18.5731555Z Downloading google_cloud_aiplatform-1.95.1-py2.py3-none-any.whl (7.7 MB)
unit-tests	Install dependencies	2025-07-11T09:08:18.6123889Z    ━━━━━━━━━━━━━━━━━━━━━━━━━━━━━━━━━━━━━━━━ 7.7/7.7 MB 201.8 MB/s eta 0:00:00
unit-tests	Install dependencies	2025-07-11T09:08:18.6159291Z Downloading google_cloud_bigquery-3.34.0-py3-none-any.whl (253 kB)
unit-tests	Install dependencies	2025-07-11T09:08:18.6221811Z Downloading google_cloud_core-2.4.3-py2.py3-none-any.whl (29 kB)
unit-tests	Install dependencies	2025-07-11T09:08:18.6274449Z Downloading google_cloud_resource_manager-1.14.2-py3-none-any.whl (394 kB)
unit-tests	Install dependencies	2025-07-11T09:08:18.6359694Z Downloading google_cloud_storage-2.19.0-py2.py3-none-any.whl (131 kB)
unit-tests	Install dependencies	2025-07-11T09:08:18.6433373Z Downloading google_crc32c-1.7.1-cp310-cp310-manylinux_2_17_x86_64.manylinux2014_x86_64.whl (38 kB)
unit-tests	Install dependencies	2025-07-11T09:08:18.6499760Z Downloading google_genai-1.18.0-py3-none-any.whl (199 kB)
unit-tests	Install dependencies	2025-07-11T09:08:18.6570843Z Downloading google_resumable_media-2.7.2-py2.py3-none-any.whl (81 kB)
unit-tests	Install dependencies	2025-07-11T09:08:18.6626205Z Downloading grpc_google_iam_v1-0.14.2-py3-none-any.whl (19 kB)
unit-tests	Install dependencies	2025-07-11T09:08:18.6679853Z Downloading grpcio-1.71.0-cp310-cp310-manylinux_2_17_x86_64.manylinux2014_x86_64.whl (5.9 MB)
unit-tests	Install dependencies	2025-07-11T09:08:18.6987466Z    ━━━━━━━━━━━━━━━━━━━━━━━━━━━━━━━━━━━━━━━━ 5.9/5.9 MB 202.9 MB/s eta 0:00:00
unit-tests	Install dependencies	2025-07-11T09:08:18.7022732Z Downloading httpx-0.28.1-py3-none-any.whl (73 kB)
unit-tests	Install dependencies	2025-07-11T09:08:18.7080845Z Downloading httpcore-1.0.9-py3-none-any.whl (78 kB)
unit-tests	Install dependencies	2025-07-11T09:08:18.7142275Z Downloading python_dateutil-2.9.0.post0-py2.py3-none-any.whl (229 kB)
unit-tests	Install dependencies	2025-07-11T09:08:18.7207672Z Downloading shapely-2.1.1-cp310-cp310-manylinux_2_17_x86_64.manylinux2014_x86_64.whl (3.1 MB)
unit-tests	Install dependencies	2025-07-11T09:08:18.7380288Z    ━━━━━━━━━━━━━━━━━━━━━━━━━━━━━━━━━━━━━━━━ 3.1/3.1 MB 188.6 MB/s eta 0:00:00
unit-tests	Install dependencies	2025-07-11T09:08:18.7414974Z Downloading typing_extensions-4.13.2-py3-none-any.whl (45 kB)
unit-tests	Install dependencies	2025-07-11T09:08:18.7471813Z Downloading websockets-15.0.1-cp310-cp310-manylinux_2_5_x86_64.manylinux1_x86_64.manylinux_2_17_x86_64.manylinux2014_x86_64.whl (181 kB)
unit-tests	Install dependencies	2025-07-11T09:08:18.7535816Z Downloading google_cloud_appengine_logging-1.6.2-py3-none-any.whl (16 kB)
unit-tests	Install dependencies	2025-07-11T09:08:18.7590788Z Downloading google_cloud_audit_log-0.3.2-py3-none-any.whl (32 kB)
unit-tests	Install dependencies	2025-07-11T09:08:18.7670271Z Downloading google_cloud_billing-1.16.3-py3-none-any.whl (115 kB)
unit-tests	Install dependencies	2025-07-11T09:08:18.7731730Z Downloading google_cloud_billing_budgets-1.17.2-py3-none-any.whl (107 kB)
unit-tests	Install dependencies	2025-07-11T09:08:18.7803986Z Downloading google_cloud_firestore-2.20.2-py3-none-any.whl (358 kB)
unit-tests	Install dependencies	2025-07-11T09:08:18.7872381Z Downloading google_cloud_logging-3.12.1-py2.py3-none-any.whl (229 kB)
unit-tests	Install dependencies	2025-07-11T09:08:18.7933598Z Downloading google_cloud_pubsub-2.31.0-py3-none-any.whl (319 kB)
unit-tests	Install dependencies	2025-07-11T09:08:18.7997735Z Downloading google_cloud_run-0.10.18-py3-none-any.whl (333 kB)
unit-tests	Install dependencies	2025-07-11T09:08:18.8068044Z Downloading google_cloud_secret_manager-2.24.0-py3-none-any.whl (218 kB)
unit-tests	Install dependencies	2025-07-11T09:08:18.8126579Z Downloading grpcio_status-1.71.0-py3-none-any.whl (14 kB)
unit-tests	Install dependencies	2025-07-11T09:08:18.8178003Z Downloading gunicorn-23.0.0-py3-none-any.whl (85 kB)
unit-tests	Install dependencies	2025-07-11T09:08:18.8232216Z Downloading h11-0.16.0-py3-none-any.whl (37 kB)
unit-tests	Install dependencies	2025-07-11T09:08:18.8285361Z Downloading h2-4.2.0-py3-none-any.whl (60 kB)
unit-tests	Install dependencies	2025-07-11T09:08:18.8340240Z Downloading hpack-4.1.0-py3-none-any.whl (34 kB)
unit-tests	Install dependencies	2025-07-11T09:08:18.8409062Z Downloading hyperframe-6.1.0-py3-none-any.whl (13 kB)
unit-tests	Install dependencies	2025-07-11T09:08:18.8462636Z Downloading importlib_metadata-8.7.0-py3-none-any.whl (27 kB)
unit-tests	Install dependencies	2025-07-11T09:08:18.8525173Z Downloading itsdangerous-2.2.0-py3-none-any.whl (16 kB)
unit-tests	Install dependencies	2025-07-11T09:08:18.8578818Z Downloading jinja2-3.1.6-py3-none-any.whl (134 kB)
unit-tests	Install dependencies	2025-07-11T09:08:18.8639177Z Downloading jiter-0.10.0-cp310-cp310-manylinux_2_17_x86_64.manylinux2014_x86_64.whl (352 kB)
unit-tests	Install dependencies	2025-07-11T09:08:18.8714110Z Downloading joblib-1.5.1-py3-none-any.whl (307 kB)
unit-tests	Install dependencies	2025-07-11T09:08:18.8787726Z Downloading jsonpatch-1.33-py2.py3-none-any.whl (12 kB)
unit-tests	Install dependencies	2025-07-11T09:08:18.8845533Z Downloading jsonpointer-3.0.0-py2.py3-none-any.whl (7.6 kB)
unit-tests	Install dependencies	2025-07-11T09:08:18.8905568Z Downloading langchain_core-0.3.63-py3-none-any.whl (438 kB)
unit-tests	Install dependencies	2025-07-11T09:08:18.8995559Z Downloading langsmith-0.3.43-py3-none-any.whl (361 kB)
unit-tests	Install dependencies	2025-07-11T09:08:18.9069745Z Downloading orjson-3.10.18-cp310-cp310-manylinux_2_17_x86_64.manylinux2014_x86_64.whl (132 kB)
unit-tests	Install dependencies	2025-07-11T09:08:18.9138307Z Downloading packaging-24.2-py3-none-any.whl (65 kB)
unit-tests	Install dependencies	2025-07-11T09:08:18.9195270Z Downloading requests_toolbelt-1.0.0-py2.py3-none-any.whl (54 kB)
unit-tests	Install dependencies	2025-07-11T09:08:18.9260380Z Downloading tenacity-9.1.2-py3-none-any.whl (28 kB)
unit-tests	Install dependencies	2025-07-11T09:08:18.9320764Z Downloading zstandard-0.23.0-cp310-cp310-manylinux_2_17_x86_64.manylinux2014_x86_64.whl (5.4 MB)
unit-tests	Install dependencies	2025-07-11T09:08:18.9641808Z    ━━━━━━━━━━━━━━━━━━━━━━━━━━━━━━━━━━━━━━━━ 5.4/5.4 MB 175.6 MB/s eta 0:00:00
unit-tests	Install dependencies	2025-07-11T09:08:18.9708115Z Downloading langchain_openai-0.3.18-py3-none-any.whl (63 kB)
unit-tests	Install dependencies	2025-07-11T09:08:18.9779354Z Downloading openai-1.82.1-py3-none-any.whl (720 kB)
unit-tests	Install dependencies	2025-07-11T09:08:18.9852877Z    ━━━━━━━━━━━━━━━━━━━━━━━━━━━━━━━━━━━━━━━ 720.5/720.5 kB 104.0 MB/s eta 0:00:00
unit-tests	Install dependencies	2025-07-11T09:08:18.9886862Z Downloading tiktoken-0.9.0-cp310-cp310-manylinux_2_17_x86_64.manylinux2014_x86_64.whl (1.2 MB)
unit-tests	Install dependencies	2025-07-11T09:08:18.9980746Z    ━━━━━━━━━━━━━━━━━━━━━━━━━━━━━━━━━━━━━━━━ 1.2/1.2 MB 139.3 MB/s eta 0:00:00
unit-tests	Install dependencies	2025-07-11T09:08:19.0013785Z Downloading limits-5.4.0-py3-none-any.whl (60 kB)
unit-tests	Install dependencies	2025-07-11T09:08:19.0073085Z Downloading MarkupSafe-3.0.2-cp310-cp310-manylinux_2_17_x86_64.manylinux2014_x86_64.whl (20 kB)
unit-tests	Install dependencies	2025-07-11T09:08:19.0127167Z Downloading oauthlib-3.2.2-py3-none-any.whl (151 kB)
unit-tests	Install dependencies	2025-07-11T09:08:19.0189401Z Downloading opentelemetry_api-1.34.1-py3-none-any.whl (65 kB)
unit-tests	Install dependencies	2025-07-11T09:08:19.0247712Z Downloading opentelemetry_sdk-1.34.1-py3-none-any.whl (118 kB)
unit-tests	Install dependencies	2025-07-11T09:08:19.0304955Z Downloading opentelemetry_semantic_conventions-0.55b1-py3-none-any.whl (196 kB)
unit-tests	Install dependencies	2025-07-11T09:08:19.0367698Z Downloading passlib-1.7.4-py2.py3-none-any.whl (525 kB)
unit-tests	Install dependencies	2025-07-11T09:08:19.0436752Z    ━━━━━━━━━━━━━━━━━━━━━━━━━━━━━━━━━━━━━━━━ 525.6/525.6 kB 70.8 MB/s eta 0:00:00
unit-tests	Install dependencies	2025-07-11T09:08:19.0469939Z Downloading portalocker-2.10.1-py3-none-any.whl (18 kB)
unit-tests	Install dependencies	2025-07-11T09:08:19.0526643Z Downloading prometheus_client-0.22.0-py3-none-any.whl (62 kB)
unit-tests	Install dependencies	2025-07-11T09:08:19.0595476Z Downloading psutil-7.0.0-cp36-abi3-manylinux_2_12_x86_64.manylinux2010_x86_64.manylinux_2_17_x86_64.manylinux2014_x86_64.whl (277 kB)
unit-tests	Install dependencies	2025-07-11T09:08:19.0661943Z Downloading py-1.11.0-py2.py3-none-any.whl (98 kB)
unit-tests	Install dependencies	2025-07-11T09:08:19.0721300Z Downloading pyasn1-0.6.1-py3-none-any.whl (83 kB)
unit-tests	Install dependencies	2025-07-11T09:08:19.0784179Z Downloading pyasn1_modules-0.4.2-py3-none-any.whl (181 kB)
unit-tests	Install dependencies	2025-07-11T09:08:19.0845186Z Downloading pycparser-2.22-py3-none-any.whl (117 kB)
unit-tests	Install dependencies	2025-07-11T09:08:19.0905666Z Downloading pydantic_core-2.33.2-cp310-cp310-manylinux_2_17_x86_64.manylinux2014_x86_64.whl (2.0 MB)
unit-tests	Install dependencies	2025-07-11T09:08:19.1036804Z    ━━━━━━━━━━━━━━━━━━━━━━━━━━━━━━━━━━━━━━━━ 2.0/2.0 MB 164.6 MB/s eta 0:00:00
unit-tests	Install dependencies	2025-07-11T09:08:19.1070514Z Downloading pytest-8.3.5-py3-none-any.whl (343 kB)
unit-tests	Install dependencies	2025-07-11T09:08:19.1141127Z Downloading pytest_json_report-1.5.0-py3-none-any.whl (13 kB)
unit-tests	Install dependencies	2025-07-11T09:08:19.1200282Z Downloading pytest_metadata-3.1.1-py3-none-any.whl (11 kB)
unit-tests	Install dependencies	2025-07-11T09:08:19.1257671Z Downloading pytest_randomly-3.16.0-py3-none-any.whl (8.4 kB)
unit-tests	Install dependencies	2025-07-11T09:08:19.1313475Z Downloading pytest_rerunfailures-15.1-py3-none-any.whl (13 kB)
unit-tests	Install dependencies	2025-07-11T09:08:19.1372802Z Downloading pytest_xdist-3.8.0-py3-none-any.whl (46 kB)
unit-tests	Install dependencies	2025-07-11T09:08:19.1430828Z Downloading python_dotenv-1.1.0-py3-none-any.whl (20 kB)
unit-tests	Install dependencies	2025-07-11T09:08:19.1486357Z Downloading python_jose-3.5.0-py2.py3-none-any.whl (34 kB)
unit-tests	Install dependencies	2025-07-11T09:08:19.1544363Z Downloading python_multipart-0.0.20-py3-none-any.whl (24 kB)
unit-tests	Install dependencies	2025-07-11T09:08:19.1598722Z Downloading PyYAML-6.0.2-cp310-cp310-manylinux_2_17_x86_64.manylinux2014_x86_64.whl (751 kB)
unit-tests	Install dependencies	2025-07-11T09:08:19.1673168Z    ━━━━━━━━━━━━━━━━━━━━━━━━━━━━━━━━━━━━━━━ 751.2/751.2 kB 103.0 MB/s eta 0:00:00
unit-tests	Install dependencies	2025-07-11T09:08:19.1713955Z Downloading qdrant_client-1.14.2-py3-none-any.whl (327 kB)
unit-tests	Install dependencies	2025-07-11T09:08:19.1788783Z Downloading regex-2024.11.6-cp310-cp310-manylinux_2_17_x86_64.manylinux2014_x86_64.whl (781 kB)
unit-tests	Install dependencies	2025-07-11T09:08:19.1869866Z    ━━━━━━━━━━━━━━━━━━━━━━━━━━━━━━━━━━━━━━━━ 781.7/781.7 kB 91.7 MB/s eta 0:00:00
unit-tests	Install dependencies	2025-07-11T09:08:19.1905390Z Downloading requests_oauthlib-2.0.0-py2.py3-none-any.whl (24 kB)
unit-tests	Install dependencies	2025-07-11T09:08:19.1955881Z Downloading retry-0.9.2-py2.py3-none-any.whl (8.0 kB)
unit-tests	Install dependencies	2025-07-11T09:08:19.2031392Z Downloading scikit_learn-1.6.1-cp310-cp310-manylinux_2_17_x86_64.manylinux2014_x86_64.whl (13.5 MB)
unit-tests	Install dependencies	2025-07-11T09:08:19.2829042Z    ━━━━━━━━━━━━━━━━━━━━━━━━━━━━━━━━━━━━━━━━ 13.5/13.5 MB 171.3 MB/s eta 0:00:00
unit-tests	Install dependencies	2025-07-11T09:08:19.2864167Z Downloading scipy-1.15.3-cp310-cp310-manylinux_2_17_x86_64.manylinux2014_x86_64.whl (37.7 MB)
unit-tests	Install dependencies	2025-07-11T09:08:19.4588877Z    ━━━━━━━━━━━━━━━━━━━━━━━━━━━━━━━━━━━━━━━━ 37.7/37.7 MB 220.6 MB/s eta 0:00:00
unit-tests	Install dependencies	2025-07-11T09:08:19.4626829Z Downloading six-1.17.0-py2.py3-none-any.whl (11 kB)
unit-tests	Install dependencies	2025-07-11T09:08:19.4685002Z Downloading slowapi-0.1.9-py3-none-any.whl (14 kB)
unit-tests	Install dependencies	2025-07-11T09:08:19.4745911Z Downloading sniffio-1.3.1-py3-none-any.whl (10 kB)
unit-tests	Install dependencies	2025-07-11T09:08:19.4805345Z Downloading threadpoolctl-3.6.0-py3-none-any.whl (18 kB)
unit-tests	Install dependencies	2025-07-11T09:08:19.4864163Z Downloading tqdm-4.67.1-py3-none-any.whl (78 kB)
unit-tests	Install dependencies	2025-07-11T09:08:19.4923307Z Downloading typing_inspection-0.4.1-py3-none-any.whl (14 kB)
unit-tests	Install dependencies	2025-07-11T09:08:19.4977019Z Downloading uvicorn-0.34.3-py3-none-any.whl (62 kB)
unit-tests	Install dependencies	2025-07-11T09:08:19.5038751Z Downloading werkzeug-3.1.3-py3-none-any.whl (224 kB)
unit-tests	Install dependencies	2025-07-11T09:08:19.5110488Z Downloading zipp-3.23.0-py3-none-any.whl (10 kB)
unit-tests	Install dependencies	2025-07-11T09:08:19.5167506Z Downloading functions_framework-3.8.3-py3-none-any.whl (36 kB)
unit-tests	Install dependencies	2025-07-11T09:08:19.5225607Z Downloading cloudevents-1.12.0-py3-none-any.whl (55 kB)
unit-tests	Install dependencies	2025-07-11T09:08:19.5279852Z Downloading deprecation-2.1.0-py2.py3-none-any.whl (11 kB)
unit-tests	Install dependencies	2025-07-11T09:08:19.5331582Z Downloading watchdog-6.0.0-py3-none-manylinux2014_x86_64.whl (79 kB)
unit-tests	Install dependencies	2025-07-11T09:08:20.1879205Z Installing collected packages: passlib, zstandard, zipp, wrapt, websockets, watchdog, urllib3, uritemplate, typing_extensions, tqdm, threadpoolctl, tenacity, sniffio, six, regex, PyYAML, python-multipart, python-dotenv, pyparsing, pycparser, pyasn1, py, psutil, protobuf, prometheus_client, portalocker, packaging, orjson, oauthlib, numpy, MarkupSafe, jsonpointer, joblib, jiter, itsdangerous, idna, hyperframe, hpack, h11, grpcio, google-crc32c, execnet, docstring_parser, distro, decorator, click, charset-normalizer, certifi, cachetools, blinker, annotated-types, Werkzeug, uvicorn, typing-inspection, shapely, scipy, rsa, retry, requests, python-dateutil, pydantic_core, pyasn1_modules, proto-plus, jsonpatch, Jinja2, importlib_metadata, httplib2, httpcore, h2, gunicorn, googleapis-common-protos, google-resumable-media, faiss-cpu, ecdsa, deprecation, Deprecated, cffi, tiktoken, scikit-learn, requests-toolbelt, requests-oauthlib, python-jose, pytest, pydantic, opentelemetry-api, limits, grpcio-status, google-cloud-audit-log, google-auth, Flask, cryptography, cloudevents, anyio, starlette, slowapi, pytest-xdist, pytest-rerunfailures, pytest-randomly, pytest-metadata, opentelemetry-semantic-conventions, httpx, grpc-google-iam-v1, google-auth-oauthlib, google-auth-httplib2, google-api-core, functions-framework, pytest-json-report, opentelemetry-sdk, openai, langsmith, google-genai, google-cloud-core, google-api-python-client, fastapi, qdrant-client, langchain-core, google-cloud-storage, google-cloud-secret-manager, google-cloud-run, google-cloud-resource-manager, google-cloud-pubsub, google-cloud-firestore, google-cloud-billing-budgets, google-cloud-billing, google-cloud-bigquery, google-cloud-appengine-logging, langchain-openai, google-cloud-logging, google-cloud-aiplatform
unit-tests	Install dependencies	2025-07-11T09:08:20.8180208Z   Attempting uninstall: typing_extensions
unit-tests	Install dependencies	2025-07-11T09:08:20.8187256Z     Found existing installation: typing_extensions 4.14.1
unit-tests	Install dependencies	2025-07-11T09:08:20.8204377Z     Uninstalling typing_extensions-4.14.1:
unit-tests	Install dependencies	2025-07-11T09:08:20.8342348Z       Successfully uninstalled typing_extensions-4.14.1
unit-tests	Install dependencies	2025-07-11T09:08:21.6822399Z   Attempting uninstall: packaging
unit-tests	Install dependencies	2025-07-11T09:08:21.6828093Z     Found existing installation: packaging 25.0
unit-tests	Install dependencies	2025-07-11T09:08:21.6858449Z     Uninstalling packaging-25.0:
unit-tests	Install dependencies	2025-07-11T09:08:21.6868114Z       Successfully uninstalled packaging-25.0
unit-tests	Install dependencies	2025-07-11T09:08:31.2404601Z   Attempting uninstall: pytest
unit-tests	Install dependencies	2025-07-11T09:08:31.2410982Z     Found existing installation: pytest 8.4.1
unit-tests	Install dependencies	2025-07-11T09:08:31.2495078Z     Uninstalling pytest-8.4.1:
unit-tests	Install dependencies	2025-07-11T09:08:31.3041780Z       Successfully uninstalled pytest-8.4.1
unit-tests	Install dependencies	2025-07-11T09:08:40.8240479Z
unit-tests	Install dependencies	2025-07-11T09:08:40.8448545Z Successfully installed Deprecated-1.2.18 Flask-3.1.1 Jinja2-3.1.6 MarkupSafe-3.0.2 PyYAML-6.0.2 Werkzeug-3.1.3 annotated-types-0.7.0 anyio-4.9.0 blinker-1.9.0 cachetools-5.5.2 certifi-2025.4.26 cffi-1.17.1 charset-normalizer-3.4.2 click-8.2.1 cloudevents-1.12.0 cryptography-45.0.5 decorator-5.2.1 deprecation-2.1.0 distro-1.9.0 docstring_parser-0.16 ecdsa-0.19.1 execnet-2.1.1 faiss-cpu-1.11.0 fastapi-0.115.12 functions-framework-3.8.3 google-api-core-2.24.2 google-api-python-client-2.170.0 google-auth-2.40.2 google-auth-httplib2-0.2.0 google-auth-oauthlib-1.2.2 google-cloud-aiplatform-1.95.1 google-cloud-appengine-logging-1.6.2 google-cloud-audit-log-0.3.2 google-cloud-bigquery-3.34.0 google-cloud-billing-1.16.3 google-cloud-billing-budgets-1.17.2 google-cloud-core-2.4.3 google-cloud-firestore-2.20.2 google-cloud-logging-3.12.1 google-cloud-pubsub-2.31.0 google-cloud-resource-manager-1.14.2 google-cloud-run-0.10.18 google-cloud-secret-manager-2.24.0 google-cloud-storage-2.19.0 google-crc32c-1.7.1 google-genai-1.18.0 google-resumable-media-2.7.2 googleapis-common-protos-1.70.0 grpc-google-iam-v1-0.14.2 grpcio-1.71.0 grpcio-status-1.71.0 gunicorn-23.0.0 h11-0.16.0 h2-4.2.0 hpack-4.1.0 httpcore-1.0.9 httplib2-0.22.0 httpx-0.28.1 hyperframe-6.1.0 idna-3.10 importlib_metadata-8.7.0 itsdangerous-2.2.0 jiter-0.10.0 joblib-1.5.1 jsonpatch-1.33 jsonpointer-3.0.0 langchain-core-0.3.63 langchain-openai-0.3.18 langsmith-0.3.43 limits-5.4.0 numpy-2.2.6 oauthlib-3.2.2 openai-1.82.1 opentelemetry-api-1.34.1 opentelemetry-sdk-1.34.1 opentelemetry-semantic-conventions-0.55b1 orjson-3.10.18 packaging-24.2 passlib-1.7.4 portalocker-2.10.1 prometheus_client-0.22.0 proto-plus-1.26.1 protobuf-5.29.5 psutil-7.0.0 py-1.11.0 pyasn1-0.6.1 pyasn1_modules-0.4.2 pycparser-2.22 pydantic-2.11.5 pydantic_core-2.33.2 pyparsing-3.2.3 pytest-8.3.5 pytest-json-report-1.5.0 pytest-metadata-3.1.1 pytest-randomly-3.16.0 pytest-rerunfailures-15.1 pytest-xdist-3.8.0 python-dateutil-2.9.0.post0 python-dotenv-1.1.0 python-jose-3.5.0 python-multipart-0.0.20 qdrant-client-1.14.2 regex-2024.11.6 requests-2.32.3 requests-oauthlib-2.0.0 requests-toolbelt-1.0.0 retry-0.9.2 rsa-4.9.1 scikit-learn-1.6.1 scipy-1.15.3 shapely-2.1.1 six-1.17.0 slowapi-0.1.9 sniffio-1.3.1 starlette-0.46.2 tenacity-9.1.2 threadpoolctl-3.6.0 tiktoken-0.9.0 tqdm-4.67.1 typing-inspection-0.4.1 typing_extensions-4.13.2 uritemplate-4.1.1 urllib3-2.4.0 uvicorn-0.34.3 watchdog-6.0.0 websockets-15.0.1 wrapt-1.17.2 zipp-3.23.0 zstandard-0.23.0
unit-tests	Run Unit Tests (Fast)	﻿2025-07-11T09:08:41.9159504Z ##[group]Run echo "Current directory: $(pwd)"
unit-tests	Run Unit Tests (Fast)	2025-07-11T09:08:41.9159867Z [36;1mecho "Current directory: $(pwd)"[0m
unit-tests	Run Unit Tests (Fast)	2025-07-11T09:08:41.9160146Z [36;1mexport PYTHONPATH=$PWD:$PYTHONPATH[0m
unit-tests	Run Unit Tests (Fast)	2025-07-11T09:08:41.9160527Z [36;1mpytest -m "not slow and not integration and not e2e" --tb=short --maxfail=5 -v[0m
unit-tests	Run Unit Tests (Fast)	2025-07-11T09:08:41.9225177Z shell: /usr/bin/bash -e {0}
unit-tests	Run Unit Tests (Fast)	2025-07-11T09:08:41.9225400Z env:
unit-tests	Run Unit Tests (Fast)	2025-07-11T09:08:41.9225645Z   pythonLocation: /opt/hostedtoolcache/Python/3.10.18/x64
unit-tests	Run Unit Tests (Fast)	2025-07-11T09:08:41.9226308Z   PKG_CONFIG_PATH: /opt/hostedtoolcache/Python/3.10.18/x64/lib/pkgconfig
unit-tests	Run Unit Tests (Fast)	2025-07-11T09:08:41.9226736Z   Python_ROOT_DIR: /opt/hostedtoolcache/Python/3.10.18/x64
unit-tests	Run Unit Tests (Fast)	2025-07-11T09:08:41.9227095Z   Python2_ROOT_DIR: /opt/hostedtoolcache/Python/3.10.18/x64
unit-tests	Run Unit Tests (Fast)	2025-07-11T09:08:41.9227460Z   Python3_ROOT_DIR: /opt/hostedtoolcache/Python/3.10.18/x64
unit-tests	Run Unit Tests (Fast)	2025-07-11T09:08:41.9227797Z   LD_LIBRARY_PATH: /opt/hostedtoolcache/Python/3.10.18/x64/lib
unit-tests	Run Unit Tests (Fast)	2025-07-11T09:08:41.9228073Z ##[endgroup]
unit-tests	Run Unit Tests (Fast)	2025-07-11T09:08:41.9528900Z Current directory: /home/runner/work/agent-data/agent-data
unit-tests	Run Unit Tests (Fast)	2025-07-11T09:08:46.6377489Z ============================= test session starts ==============================
unit-tests	Run Unit Tests (Fast)	2025-07-11T09:08:46.6378906Z platform linux -- Python 3.10.18, pytest-8.3.5, pluggy-1.6.0 -- /opt/hostedtoolcache/Python/3.10.18/x64/bin/python
unit-tests	Run Unit Tests (Fast)	2025-07-11T09:08:46.6379580Z cachedir: .pytest_cache
unit-tests	Run Unit Tests (Fast)	2025-07-11T09:08:46.6379886Z Using --randomly-seed=1234
unit-tests	Run Unit Tests (Fast)	2025-07-11T09:08:46.6381436Z metadata: {'Python': '3.10.18', 'Platform': 'Linux-6.11.0-1015-azure-x86_64-with-glibc2.39', 'Packages': {'pytest': '8.3.5', 'pluggy': '1.6.0'}, 'Plugins': {'randomly': '3.16.0', 'metadata': '3.1.1', 'asyncio': '1.0.0', 'json-report': '1.5.0', 'rerunfailures': '15.1', 'langsmith': '0.3.43', 'xdist': '3.8.0', 'timeout': '2.4.0', 'anyio': '4.9.0', 'mock': '3.14.1', 'cov': '6.2.1'}, 'CI': 'true', 'JAVA_HOME': '/usr/lib/jvm/temurin-17-jdk-amd64'}
unit-tests	Run Unit Tests (Fast)	2025-07-11T09:08:46.6383110Z rootdir: /home/runner/work/agent-data/agent-data
unit-tests	Run Unit Tests (Fast)	2025-07-11T09:08:46.6383507Z configfile: pytest.ini
unit-tests	Run Unit Tests (Fast)	2025-07-11T09:08:46.6383807Z testpaths: tests
unit-tests	Run Unit Tests (Fast)	2025-07-11T09:08:46.6384641Z plugins: randomly-3.16.0, metadata-3.1.1, asyncio-1.0.0, json-report-1.5.0, rerunfailures-15.1, langsmith-0.3.43, xdist-3.8.0, timeout-2.4.0, anyio-4.9.0, mock-3.14.1, cov-6.2.1
unit-tests	Run Unit Tests (Fast)	2025-07-11T09:08:46.6385843Z asyncio: mode=auto, asyncio_default_fixture_loop_scope=function, asyncio_default_test_loop_scope=function
unit-tests	Run Unit Tests (Fast)	2025-07-11T09:08:46.6386665Z timeout: 8.0s
unit-tests	Run Unit Tests (Fast)	2025-07-11T09:08:46.6386918Z timeout method: signal
unit-tests	Run Unit Tests (Fast)	2025-07-11T09:08:46.6387193Z timeout func_only: False
unit-tests	Run Unit Tests (Fast)	2025-07-11T09:08:49.7640274Z collecting ... collected 376 items / 5 errors
unit-tests	Run Unit Tests (Fast)	2025-07-11T09:08:49.7640821Z
unit-tests	Run Unit Tests (Fast)	2025-07-11T09:08:49.7641042Z ==================================== ERRORS ====================================
unit-tests	Run Unit Tests (Fast)	2025-07-11T09:08:49.7641747Z __________________ ERROR collecting tests/test_cli139_api.py ___________________
unit-tests	Run Unit Tests (Fast)	2025-07-11T09:08:49.7642523Z ImportError while importing test module '/home/runner/work/agent-data/agent-data/tests/test_cli139_api.py'.
unit-tests	Run Unit Tests (Fast)	2025-07-11T09:08:49.7643297Z Hint: make sure your test modules/packages have valid Python names.
unit-tests	Run Unit Tests (Fast)	2025-07-11T09:08:49.7643733Z Traceback:
unit-tests	Run Unit Tests (Fast)	2025-07-11T09:08:49.7644248Z /opt/hostedtoolcache/Python/3.10.18/x64/lib/python3.10/importlib/__init__.py:126: in import_module
unit-tests	Run Unit Tests (Fast)	2025-07-11T09:08:49.7644950Z     return _bootstrap._gcd_import(name[level:], package, level)
unit-tests	Run Unit Tests (Fast)	2025-07-11T09:08:49.7645393Z tests/test_cli139_api.py:14: in <module>
unit-tests	Run Unit Tests (Fast)	2025-07-11T09:08:49.7645779Z     from ADK.agent_data.api_mcp_gateway import app
unit-tests	Run Unit Tests (Fast)	2025-07-11T09:08:49.7646630Z E   ModuleNotFoundError: No module named 'ADK.agent_data.api_mcp_gateway'
unit-tests	Run Unit Tests (Fast)	2025-07-11T09:08:49.7647258Z _____________ ERROR collecting tests/test_cli140e1_firestore_ru.py _____________
unit-tests	Run Unit Tests (Fast)	2025-07-11T09:08:49.7648352Z ImportError while importing test module '/home/runner/work/agent-data/agent-data/tests/test_cli140e1_firestore_ru.py'.
unit-tests	Run Unit Tests (Fast)	2025-07-11T09:08:49.7649050Z Hint: make sure your test modules/packages have valid Python names.
unit-tests	Run Unit Tests (Fast)	2025-07-11T09:08:49.7649370Z Traceback:
unit-tests	Run Unit Tests (Fast)	2025-07-11T09:08:49.7649732Z /opt/hostedtoolcache/Python/3.10.18/x64/lib/python3.10/importlib/__init__.py:126: in import_module
unit-tests	Run Unit Tests (Fast)	2025-07-11T09:08:49.7650411Z     return _bootstrap._gcd_import(name[level:], package, level)
unit-tests	Run Unit Tests (Fast)	2025-07-11T09:08:49.7650751Z tests/test_cli140e1_firestore_ru.py:15: in <module>
unit-tests	Run Unit Tests (Fast)	2025-07-11T09:08:49.7651185Z     from ADK.agent_data.vector_store.firestore_metadata_manager import FirestoreMetadataManager
unit-tests	Run Unit Tests (Fast)	2025-07-11T09:08:49.7651682Z E   ModuleNotFoundError: No module named 'ADK.agent_data.vector_store'
unit-tests	Run Unit Tests (Fast)	2025-07-11T09:08:49.7652108Z _______________ ERROR collecting tests/test_cli140e_coverage.py ________________
unit-tests	Run Unit Tests (Fast)	2025-07-11T09:08:49.7652667Z ImportError while importing test module '/home/runner/work/agent-data/agent-data/tests/test_cli140e_coverage.py'.
unit-tests	Run Unit Tests (Fast)	2025-07-11T09:08:49.7653224Z Hint: make sure your test modules/packages have valid Python names.
unit-tests	Run Unit Tests (Fast)	2025-07-11T09:08:49.7653521Z Traceback:
unit-tests	Run Unit Tests (Fast)	2025-07-11T09:08:49.7653879Z /opt/hostedtoolcache/Python/3.10.18/x64/lib/python3.10/importlib/__init__.py:126: in import_module
unit-tests	Run Unit Tests (Fast)	2025-07-11T09:08:49.7654377Z     return _bootstrap._gcd_import(name[level:], package, level)
unit-tests	Run Unit Tests (Fast)	2025-07-11T09:08:49.7654703Z tests/test_cli140e_coverage.py:9: in <module>
unit-tests	Run Unit Tests (Fast)	2025-07-11T09:08:49.7655154Z     from ADK.agent_data.api_mcp_gateway import app, ThreadSafeLRUCache, _get_cache_key, _initialize_caches
unit-tests	Run Unit Tests (Fast)	2025-07-11T09:08:49.7655676Z E   ModuleNotFoundError: No module named 'ADK.agent_data.api_mcp_gateway'
unit-tests	Run Unit Tests (Fast)	2025-07-11T09:08:49.7656261Z __________ ERROR collecting tests/test_cli140e_coverage_additional.py __________
unit-tests	Run Unit Tests (Fast)	2025-07-11T09:08:49.7656869Z ImportError while importing test module '/home/runner/work/agent-data/agent-data/tests/test_cli140e_coverage_additional.py'.
unit-tests	Run Unit Tests (Fast)	2025-07-11T09:08:49.7657448Z Hint: make sure your test modules/packages have valid Python names.
unit-tests	Run Unit Tests (Fast)	2025-07-11T09:08:49.7657743Z Traceback:
unit-tests	Run Unit Tests (Fast)	2025-07-11T09:08:49.7658094Z /opt/hostedtoolcache/Python/3.10.18/x64/lib/python3.10/importlib/__init__.py:126: in import_module
unit-tests	Run Unit Tests (Fast)	2025-07-11T09:08:49.7658578Z     return _bootstrap._gcd_import(name[level:], package, level)
unit-tests	Run Unit Tests (Fast)	2025-07-11T09:08:49.7658924Z tests/test_cli140e_coverage_additional.py:9: in <module>
unit-tests	Run Unit Tests (Fast)	2025-07-11T09:08:49.7659320Z     from ADK.agent_data.api_mcp_gateway import app, _get_cached_result, _cache_result
unit-tests	Run Unit Tests (Fast)	2025-07-11T09:08:49.7659771Z E   ModuleNotFoundError: No module named 'ADK.agent_data.api_mcp_gateway'
unit-tests	Run Unit Tests (Fast)	2025-07-11T09:08:49.7660193Z ________________ ERROR collecting tests/test_cli140e_latency.py ________________
unit-tests	Run Unit Tests (Fast)	2025-07-11T09:08:49.7660740Z ImportError while importing test module '/home/runner/work/agent-data/agent-data/tests/test_cli140e_latency.py'.
unit-tests	Run Unit Tests (Fast)	2025-07-11T09:08:49.7661270Z Hint: make sure your test modules/packages have valid Python names.
unit-tests	Run Unit Tests (Fast)	2025-07-11T09:08:49.7661569Z Traceback:
unit-tests	Run Unit Tests (Fast)	2025-07-11T09:08:49.7661914Z /opt/hostedtoolcache/Python/3.10.18/x64/lib/python3.10/importlib/__init__.py:126: in import_module
unit-tests	Run Unit Tests (Fast)	2025-07-11T09:08:49.7662393Z     return _bootstrap._gcd_import(name[level:], package, level)
unit-tests	Run Unit Tests (Fast)	2025-07-11T09:08:49.7662711Z tests/test_cli140e_latency.py:19: in <module>
unit-tests	Run Unit Tests (Fast)	2025-07-11T09:08:49.7662983Z     from ADK.agent_data.api_mcp_gateway import (
unit-tests	Run Unit Tests (Fast)	2025-07-11T09:08:49.7663367Z E   ModuleNotFoundError: No module named 'ADK.agent_data.api_mcp_gateway'
unit-tests	Run Unit Tests (Fast)	2025-07-11T09:08:49.7663761Z --------------------------------- JSON report ----------------------------------
unit-tests	Run Unit Tests (Fast)	2025-07-11T09:08:49.7664102Z report saved to: .report.json
unit-tests	Run Unit Tests (Fast)	2025-07-11T09:08:49.7664355Z =========================== short test summary info ============================
unit-tests	Run Unit Tests (Fast)	2025-07-11T09:08:49.7664634Z ERROR tests/test_cli139_api.py
unit-tests	Run Unit Tests (Fast)	2025-07-11T09:08:49.7664865Z ERROR tests/test_cli140e1_firestore_ru.py
unit-tests	Run Unit Tests (Fast)	2025-07-11T09:08:49.7665124Z ERROR tests/test_cli140e_coverage.py
unit-tests	Run Unit Tests (Fast)	2025-07-11T09:08:49.7665389Z ERROR tests/test_cli140e_coverage_additional.py
unit-tests	Run Unit Tests (Fast)	2025-07-11T09:08:49.7665775Z ERROR tests/test_cli140e_latency.py
unit-tests	Run Unit Tests (Fast)	2025-07-11T09:08:49.7666151Z !!!!!!!!!!!!!!!!!!!!!!!!!! stopping after 5 failures !!!!!!!!!!!!!!!!!!!!!!!!!!!
unit-tests	Run Unit Tests (Fast)	2025-07-11T09:08:49.7666449Z ============================== 5 errors in 3.14s ===============================
unit-tests	Run Unit Tests (Fast)	2025-07-11T09:08:50.1629267Z ##[error]Process completed with exit code 1.
unit-tests	Upload unit test results	﻿2025-07-11T09:08:50.1694690Z ##[group]Run actions/upload-artifact@v4
unit-tests	Upload unit test results	2025-07-11T09:08:50.1694959Z with:
unit-tests	Upload unit test results	2025-07-11T09:08:50.1695132Z   name: unit-test-results
unit-tests	Upload unit test results	2025-07-11T09:08:50.1695343Z   path: pytest-results.xml
unit-tests	Upload unit test results	2025-07-11T09:08:50.1695555Z   retention-days: 7
unit-tests	Upload unit test results	2025-07-11T09:08:50.1695747Z   if-no-files-found: warn
unit-tests	Upload unit test results	2025-07-11T09:08:50.1695942Z   compression-level: 6
unit-tests	Upload unit test results	2025-07-11T09:08:50.1696397Z   overwrite: false
unit-tests	Upload unit test results	2025-07-11T09:08:50.1696590Z   include-hidden-files: false
unit-tests	Upload unit test results	2025-07-11T09:08:50.1696797Z env:
unit-tests	Upload unit test results	2025-07-11T09:08:50.1697016Z   pythonLocation: /opt/hostedtoolcache/Python/3.10.18/x64
unit-tests	Upload unit test results	2025-07-11T09:08:50.1697429Z   PKG_CONFIG_PATH: /opt/hostedtoolcache/Python/3.10.18/x64/lib/pkgconfig
unit-tests	Upload unit test results	2025-07-11T09:08:50.1697801Z   Python_ROOT_DIR: /opt/hostedtoolcache/Python/3.10.18/x64
unit-tests	Upload unit test results	2025-07-11T09:08:50.1698255Z   Python2_ROOT_DIR: /opt/hostedtoolcache/Python/3.10.18/x64
unit-tests	Upload unit test results	2025-07-11T09:08:50.1698596Z   Python3_ROOT_DIR: /opt/hostedtoolcache/Python/3.10.18/x64
unit-tests	Upload unit test results	2025-07-11T09:08:50.1698931Z   LD_LIBRARY_PATH: /opt/hostedtoolcache/Python/3.10.18/x64/lib
unit-tests	Upload unit test results	2025-07-11T09:08:50.1699241Z ##[endgroup]
unit-tests	Upload unit test results	2025-07-11T09:08:50.3832631Z ##[warning]No files were found with the provided path: pytest-results.xml. No artifacts will be uploaded.
unit-tests	Post Run actions/checkout@v4	﻿2025-07-11T09:08:50.3983523Z Post job cleanup.
unit-tests	Post Run actions/checkout@v4	2025-07-11T09:08:50.4919191Z [command]/usr/bin/git version
unit-tests	Post Run actions/checkout@v4	2025-07-11T09:08:50.4955682Z git version 2.49.0
unit-tests	Post Run actions/checkout@v4	2025-07-11T09:08:50.4999065Z Temporarily overriding HOME='/home/runner/work/_temp/0f2bb73c-6437-43fb-89fb-8fea7738078e' before making global git config changes
unit-tests	Post Run actions/checkout@v4	2025-07-11T09:08:50.4999954Z Adding repository directory to the temporary git global config as a safe directory
unit-tests	Post Run actions/checkout@v4	2025-07-11T09:08:50.5011548Z [command]/usr/bin/git config --global --add safe.directory /home/runner/work/agent-data/agent-data
unit-tests	Post Run actions/checkout@v4	2025-07-11T09:08:50.5047310Z [command]/usr/bin/git config --local --name-only --get-regexp core\.sshCommand
unit-tests	Post Run actions/checkout@v4	2025-07-11T09:08:50.5080135Z [command]/usr/bin/git submodule foreach --recursive sh -c "git config --local --name-only --get-regexp 'core\.sshCommand' && git config --local --unset-all 'core.sshCommand' || :"
unit-tests	Post Run actions/checkout@v4	2025-07-11T09:08:50.5315045Z fatal: No url found for submodule path 'ADK/agent_data' in .gitmodules
unit-tests	Post Run actions/checkout@v4	2025-07-11T09:08:50.5347033Z ##[warning]The process '/usr/bin/git' failed with exit code 128
unit-tests	Complete job	﻿2025-07-11T09:08:50.5453457Z Cleaning up orphan processes
quality-gates	Set up job	﻿2025-07-11T09:08:57.3805339Z Current runner version: '2.325.0'
quality-gates	Set up job	2025-07-11T09:08:57.3833078Z ##[group]Operating System
quality-gates	Set up job	2025-07-11T09:08:57.3833979Z Ubuntu
quality-gates	Set up job	2025-07-11T09:08:57.3834534Z 24.04.2
quality-gates	Set up job	2025-07-11T09:08:57.3834983Z LTS
quality-gates	Set up job	2025-07-11T09:08:57.3835743Z ##[endgroup]
quality-gates	Set up job	2025-07-11T09:08:57.3836232Z ##[group]Runner Image
quality-gates	Set up job	2025-07-11T09:08:57.3836930Z Image: ubuntu-24.04
quality-gates	Set up job	2025-07-11T09:08:57.3837420Z Version: 20250629.1.0
quality-gates	Set up job	2025-07-11T09:08:57.3838409Z Included Software: https://github.com/actions/runner-images/blob/ubuntu24/20250629.1/images/ubuntu/Ubuntu2404-Readme.md
quality-gates	Set up job	2025-07-11T09:08:57.3839891Z Image Release: https://github.com/actions/runner-images/releases/tag/ubuntu24%2F20250629.1
quality-gates	Set up job	2025-07-11T09:08:57.3840788Z ##[endgroup]
quality-gates	Set up job	2025-07-11T09:08:57.3841328Z ##[group]Runner Image Provisioner
quality-gates	Set up job	2025-07-11T09:08:57.3841969Z 2.0.449.1
quality-gates	Set up job	2025-07-11T09:08:57.3842436Z ##[endgroup]
quality-gates	Set up job	2025-07-11T09:08:57.3843424Z ##[group]GITHUB_TOKEN Permissions
quality-gates	Set up job	2025-07-11T09:08:57.3845715Z Contents: read
quality-gates	Set up job	2025-07-11T09:08:57.3846295Z Metadata: read
quality-gates	Set up job	2025-07-11T09:08:57.3846866Z ##[endgroup]
quality-gates	Set up job	2025-07-11T09:08:57.3849157Z Secret source: Actions
quality-gates	Set up job	2025-07-11T09:08:57.3850782Z Prepare workflow directory
quality-gates	Set up job	2025-07-11T09:08:57.4193024Z Prepare all required actions
quality-gates	Set up job	2025-07-11T09:08:57.4291197Z Complete job name: quality-gates
quality-gates	Check Test Count Verification	﻿2025-07-11T09:08:58.0243241Z ##[group]Run if [ "success" != "success" ]; then
quality-gates	Check Test Count Verification	2025-07-11T09:08:58.0244645Z [36;1mif [ "success" != "success" ]; then[0m
quality-gates	Check Test Count Verification	2025-07-11T09:08:58.0245969Z [36;1m  echo "❌ Test count verification failed"[0m
quality-gates	Check Test Count Verification	2025-07-11T09:08:58.0247166Z [36;1m  exit 1[0m
quality-gates	Check Test Count Verification	2025-07-11T09:08:58.0247850Z [36;1melse[0m
quality-gates	Check Test Count Verification	2025-07-11T09:08:58.0248691Z [36;1m  echo "✅ Test count verification passed"[0m
quality-gates	Check Test Count Verification	2025-07-11T09:08:58.0249793Z [36;1mfi[0m
quality-gates	Check Test Count Verification	2025-07-11T09:08:58.0599201Z shell: /usr/bin/bash -e {0}
quality-gates	Check Test Count Verification	2025-07-11T09:08:58.0600670Z ##[endgroup]
quality-gates	Check Test Count Verification	2025-07-11T09:08:58.0919657Z ✅ Test count verification passed
quality-gates	Check Unit Tests	﻿2025-07-11T09:08:58.1026688Z ##[group]Run if [ "failure" != "success" ]; then
quality-gates	Check Unit Tests	2025-07-11T09:08:58.1028022Z [36;1mif [ "failure" != "success" ]; then[0m
quality-gates	Check Unit Tests	2025-07-11T09:08:58.1029124Z [36;1m  echo "❌ Unit tests failed"[0m
quality-gates	Check Unit Tests	2025-07-11T09:08:58.1030014Z [36;1m  exit 1[0m
quality-gates	Check Unit Tests	2025-07-11T09:08:58.1030742Z [36;1melse[0m
quality-gates	Check Unit Tests	2025-07-11T09:08:58.1031439Z [36;1m  echo "✅ Unit tests passed"[0m
quality-gates	Check Unit Tests	2025-07-11T09:08:58.1032379Z [36;1mfi[0m
quality-gates	Check Unit Tests	2025-07-11T09:08:58.1093626Z shell: /usr/bin/bash -e {0}
quality-gates	Check Unit Tests	2025-07-11T09:08:58.1094435Z ##[endgroup]
quality-gates	Check Unit Tests	2025-07-11T09:08:58.1191514Z ❌ Unit tests failed
quality-gates	Check Unit Tests	2025-07-11T09:08:58.1202944Z ##[error]Process completed with exit code 1.
quality-gates	Complete job	﻿2025-07-11T09:08:58.1381158Z Cleaning up orphan processes
